Archive member included to satisfy reference by file (symbol)

c:/st/stm32cubeide_1.4.0/stm32cubeide/plugins/com.st.stm32cube.ide.mcu.externaltools.gnu-tools-for-stm32.7-2018-q2-update.win32_1.4.0.202007081208/tools/bin/../lib/gcc/arm-none-eabi/7.3.1/../../../../arm-none-eabi/lib/thumb/v7e-m/fpv4-sp/hard\libc_nano.a(lib_a-errno.o)
                              Src/syscalls.o (__errno)
c:/st/stm32cubeide_1.4.0/stm32cubeide/plugins/com.st.stm32cube.ide.mcu.externaltools.gnu-tools-for-stm32.7-2018-q2-update.win32_1.4.0.202007081208/tools/bin/../lib/gcc/arm-none-eabi/7.3.1/../../../../arm-none-eabi/lib/thumb/v7e-m/fpv4-sp/hard\libc_nano.a(lib_a-exit.o)
                              c:/st/stm32cubeide_1.4.0/stm32cubeide/plugins/com.st.stm32cube.ide.mcu.externaltools.gnu-tools-for-stm32.7-2018-q2-update.win32_1.4.0.202007081208/tools/bin/../lib/gcc/arm-none-eabi/7.3.1/../../../../arm-none-eabi/lib/thumb/v7e-m/fpv4-sp/hard/crt0.o (exit)
c:/st/stm32cubeide_1.4.0/stm32cubeide/plugins/com.st.stm32cube.ide.mcu.externaltools.gnu-tools-for-stm32.7-2018-q2-update.win32_1.4.0.202007081208/tools/bin/../lib/gcc/arm-none-eabi/7.3.1/../../../../arm-none-eabi/lib/thumb/v7e-m/fpv4-sp/hard\libc_nano.a(lib_a-impure.o)
                              c:/st/stm32cubeide_1.4.0/stm32cubeide/plugins/com.st.stm32cube.ide.mcu.externaltools.gnu-tools-for-stm32.7-2018-q2-update.win32_1.4.0.202007081208/tools/bin/../lib/gcc/arm-none-eabi/7.3.1/../../../../arm-none-eabi/lib/thumb/v7e-m/fpv4-sp/hard\libc_nano.a(lib_a-exit.o) (_global_impure_ptr)
c:/st/stm32cubeide_1.4.0/stm32cubeide/plugins/com.st.stm32cube.ide.mcu.externaltools.gnu-tools-for-stm32.7-2018-q2-update.win32_1.4.0.202007081208/tools/bin/../lib/gcc/arm-none-eabi/7.3.1/../../../../arm-none-eabi/lib/thumb/v7e-m/fpv4-sp/hard\libc_nano.a(lib_a-init.o)
                              c:/st/stm32cubeide_1.4.0/stm32cubeide/plugins/com.st.stm32cube.ide.mcu.externaltools.gnu-tools-for-stm32.7-2018-q2-update.win32_1.4.0.202007081208/tools/bin/../lib/gcc/arm-none-eabi/7.3.1/../../../../arm-none-eabi/lib/thumb/v7e-m/fpv4-sp/hard/crt0.o (__libc_init_array)
c:/st/stm32cubeide_1.4.0/stm32cubeide/plugins/com.st.stm32cube.ide.mcu.externaltools.gnu-tools-for-stm32.7-2018-q2-update.win32_1.4.0.202007081208/tools/bin/../lib/gcc/arm-none-eabi/7.3.1/../../../../arm-none-eabi/lib/thumb/v7e-m/fpv4-sp/hard\libc_nano.a(lib_a-memset.o)
                              c:/st/stm32cubeide_1.4.0/stm32cubeide/plugins/com.st.stm32cube.ide.mcu.externaltools.gnu-tools-for-stm32.7-2018-q2-update.win32_1.4.0.202007081208/tools/bin/../lib/gcc/arm-none-eabi/7.3.1/../../../../arm-none-eabi/lib/thumb/v7e-m/fpv4-sp/hard/crt0.o (memset)

Allocating common symbols
Common symbol       size              file

UltraSonic_Channel  0x1               Src/HAL/UltraSonic/Src/ultrasonic.o
t2                  0x2               Src/HAL/UltraSonic/Src/ultrasonic.o
t1                  0x2               Src/HAL/UltraSonic/Src/ultrasonic.o
Channel_arr         0x24              Src/HAL/UltraSonic/Src/ultrasonic_cfg.o

Discarded input sections

 .text          0x0000000000000000        0x0 c:/st/stm32cubeide_1.4.0/stm32cubeide/plugins/com.st.stm32cube.ide.mcu.externaltools.gnu-tools-for-stm32.7-2018-q2-update.win32_1.4.0.202007081208/tools/bin/../lib/gcc/arm-none-eabi/7.3.1/thumb/v7e-m/fpv4-sp/hard/crti.o
 .data          0x0000000000000000        0x0 c:/st/stm32cubeide_1.4.0/stm32cubeide/plugins/com.st.stm32cube.ide.mcu.externaltools.gnu-tools-for-stm32.7-2018-q2-update.win32_1.4.0.202007081208/tools/bin/../lib/gcc/arm-none-eabi/7.3.1/thumb/v7e-m/fpv4-sp/hard/crti.o
 .bss           0x0000000000000000        0x0 c:/st/stm32cubeide_1.4.0/stm32cubeide/plugins/com.st.stm32cube.ide.mcu.externaltools.gnu-tools-for-stm32.7-2018-q2-update.win32_1.4.0.202007081208/tools/bin/../lib/gcc/arm-none-eabi/7.3.1/thumb/v7e-m/fpv4-sp/hard/crti.o
 .data          0x0000000000000000        0x4 c:/st/stm32cubeide_1.4.0/stm32cubeide/plugins/com.st.stm32cube.ide.mcu.externaltools.gnu-tools-for-stm32.7-2018-q2-update.win32_1.4.0.202007081208/tools/bin/../lib/gcc/arm-none-eabi/7.3.1/thumb/v7e-m/fpv4-sp/hard/crtbegin.o
 .text          0x0000000000000000       0x74 c:/st/stm32cubeide_1.4.0/stm32cubeide/plugins/com.st.stm32cube.ide.mcu.externaltools.gnu-tools-for-stm32.7-2018-q2-update.win32_1.4.0.202007081208/tools/bin/../lib/gcc/arm-none-eabi/7.3.1/../../../../arm-none-eabi/lib/thumb/v7e-m/fpv4-sp/hard/crt0.o
 .data          0x0000000000000000        0x0 c:/st/stm32cubeide_1.4.0/stm32cubeide/plugins/com.st.stm32cube.ide.mcu.externaltools.gnu-tools-for-stm32.7-2018-q2-update.win32_1.4.0.202007081208/tools/bin/../lib/gcc/arm-none-eabi/7.3.1/../../../../arm-none-eabi/lib/thumb/v7e-m/fpv4-sp/hard/crt0.o
 .bss           0x0000000000000000        0x0 c:/st/stm32cubeide_1.4.0/stm32cubeide/plugins/com.st.stm32cube.ide.mcu.externaltools.gnu-tools-for-stm32.7-2018-q2-update.win32_1.4.0.202007081208/tools/bin/../lib/gcc/arm-none-eabi/7.3.1/../../../../arm-none-eabi/lib/thumb/v7e-m/fpv4-sp/hard/crt0.o
 .ARM.extab     0x0000000000000000        0x0 c:/st/stm32cubeide_1.4.0/stm32cubeide/plugins/com.st.stm32cube.ide.mcu.externaltools.gnu-tools-for-stm32.7-2018-q2-update.win32_1.4.0.202007081208/tools/bin/../lib/gcc/arm-none-eabi/7.3.1/../../../../arm-none-eabi/lib/thumb/v7e-m/fpv4-sp/hard/crt0.o
 .ARM.exidx     0x0000000000000000        0x8 c:/st/stm32cubeide_1.4.0/stm32cubeide/plugins/com.st.stm32cube.ide.mcu.externaltools.gnu-tools-for-stm32.7-2018-q2-update.win32_1.4.0.202007081208/tools/bin/../lib/gcc/arm-none-eabi/7.3.1/../../../../arm-none-eabi/lib/thumb/v7e-m/fpv4-sp/hard/crt0.o
 .ARM.attributes
                0x0000000000000000       0x20 c:/st/stm32cubeide_1.4.0/stm32cubeide/plugins/com.st.stm32cube.ide.mcu.externaltools.gnu-tools-for-stm32.7-2018-q2-update.win32_1.4.0.202007081208/tools/bin/../lib/gcc/arm-none-eabi/7.3.1/../../../../arm-none-eabi/lib/thumb/v7e-m/fpv4-sp/hard/crt0.o
 .group         0x0000000000000000        0xc Src/HAL/BUTTON/Src/BUTTON.o
 .group         0x0000000000000000        0xc Src/HAL/BUTTON/Src/BUTTON.o
 .group         0x0000000000000000        0xc Src/HAL/BUTTON/Src/BUTTON.o
 .group         0x0000000000000000        0xc Src/HAL/BUTTON/Src/BUTTON.o
 .group         0x0000000000000000        0xc Src/HAL/BUTTON/Src/BUTTON.o
 .text          0x0000000000000000        0x0 Src/HAL/BUTTON/Src/BUTTON.o
 .data          0x0000000000000000        0x0 Src/HAL/BUTTON/Src/BUTTON.o
 .bss           0x0000000000000000        0x0 Src/HAL/BUTTON/Src/BUTTON.o
 .text.BUTTON_init
                0x0000000000000000       0x28 Src/HAL/BUTTON/Src/BUTTON.o
 .text.BUTTON_getStatus
                0x0000000000000000       0x3c Src/HAL/BUTTON/Src/BUTTON.o
 .debug_info    0x0000000000000000      0x217 Src/HAL/BUTTON/Src/BUTTON.o
 .debug_abbrev  0x0000000000000000       0xa4 Src/HAL/BUTTON/Src/BUTTON.o
 .debug_aranges
                0x0000000000000000       0x28 Src/HAL/BUTTON/Src/BUTTON.o
 .debug_ranges  0x0000000000000000       0x18 Src/HAL/BUTTON/Src/BUTTON.o
 .debug_macro   0x0000000000000000       0x5d Src/HAL/BUTTON/Src/BUTTON.o
 .debug_macro   0x0000000000000000      0xa66 Src/HAL/BUTTON/Src/BUTTON.o
 .debug_macro   0x0000000000000000       0x1c Src/HAL/BUTTON/Src/BUTTON.o
 .debug_macro   0x0000000000000000       0x1c Src/HAL/BUTTON/Src/BUTTON.o
 .debug_macro   0x0000000000000000      0x29a Src/HAL/BUTTON/Src/BUTTON.o
 .debug_macro   0x0000000000000000       0x10 Src/HAL/BUTTON/Src/BUTTON.o
 .debug_line    0x0000000000000000      0x166 Src/HAL/BUTTON/Src/BUTTON.o
 .debug_str     0x0000000000000000     0x4aff Src/HAL/BUTTON/Src/BUTTON.o
 .comment       0x0000000000000000       0x7c Src/HAL/BUTTON/Src/BUTTON.o
 .debug_frame   0x0000000000000000       0x58 Src/HAL/BUTTON/Src/BUTTON.o
 .ARM.attributes
                0x0000000000000000       0x39 Src/HAL/BUTTON/Src/BUTTON.o
 .group         0x0000000000000000        0xc Src/HAL/Motor/src/motor.o
 .group         0x0000000000000000        0xc Src/HAL/Motor/src/motor.o
 .group         0x0000000000000000        0xc Src/HAL/Motor/src/motor.o
 .group         0x0000000000000000        0xc Src/HAL/Motor/src/motor.o
 .group         0x0000000000000000        0xc Src/HAL/Motor/src/motor.o
 .text          0x0000000000000000        0x0 Src/HAL/Motor/src/motor.o
 .data          0x0000000000000000        0x0 Src/HAL/Motor/src/motor.o
 .bss           0x0000000000000000        0x0 Src/HAL/Motor/src/motor.o
 .text.DcMotor_Init
                0x0000000000000000       0x30 Src/HAL/Motor/src/motor.o
 .text.DcMotor_Rotate
                0x0000000000000000       0x68 Src/HAL/Motor/src/motor.o
 .debug_info    0x0000000000000000      0x220 Src/HAL/Motor/src/motor.o
 .debug_abbrev  0x0000000000000000       0xda Src/HAL/Motor/src/motor.o
 .debug_aranges
                0x0000000000000000       0x28 Src/HAL/Motor/src/motor.o
 .debug_ranges  0x0000000000000000       0x18 Src/HAL/Motor/src/motor.o
 .debug_macro   0x0000000000000000       0x5f Src/HAL/Motor/src/motor.o
 .debug_macro   0x0000000000000000      0xa66 Src/HAL/Motor/src/motor.o
 .debug_macro   0x0000000000000000       0x1c Src/HAL/Motor/src/motor.o
 .debug_macro   0x0000000000000000      0x29a Src/HAL/Motor/src/motor.o
 .debug_macro   0x0000000000000000       0x10 Src/HAL/Motor/src/motor.o
 .debug_macro   0x0000000000000000       0x16 Src/HAL/Motor/src/motor.o
 .debug_line    0x0000000000000000      0x166 Src/HAL/Motor/src/motor.o
 .debug_str     0x0000000000000000     0x4b34 Src/HAL/Motor/src/motor.o
 .comment       0x0000000000000000       0x7c Src/HAL/Motor/src/motor.o
 .debug_frame   0x0000000000000000       0x50 Src/HAL/Motor/src/motor.o
 .ARM.attributes
                0x0000000000000000       0x39 Src/HAL/Motor/src/motor.o
 .group         0x0000000000000000        0xc Src/HAL/UltraSonic/Src/ultrasonic.o
 .group         0x0000000000000000        0xc Src/HAL/UltraSonic/Src/ultrasonic.o
 .group         0x0000000000000000        0xc Src/HAL/UltraSonic/Src/ultrasonic.o
 .group         0x0000000000000000        0xc Src/HAL/UltraSonic/Src/ultrasonic.o
 .group         0x0000000000000000        0xc Src/HAL/UltraSonic/Src/ultrasonic.o
 .group         0x0000000000000000        0xc Src/HAL/UltraSonic/Src/ultrasonic.o
 .group         0x0000000000000000        0xc Src/HAL/UltraSonic/Src/ultrasonic.o
 .group         0x0000000000000000        0xc Src/HAL/UltraSonic/Src/ultrasonic.o
 .group         0x0000000000000000        0xc Src/HAL/UltraSonic/Src/ultrasonic.o
 .group         0x0000000000000000        0xc Src/HAL/UltraSonic/Src/ultrasonic.o
 .group         0x0000000000000000        0xc Src/HAL/UltraSonic/Src/ultrasonic.o
 .group         0x0000000000000000        0xc Src/HAL/UltraSonic/Src/ultrasonic.o
 .text          0x0000000000000000        0x0 Src/HAL/UltraSonic/Src/ultrasonic.o
 .data          0x0000000000000000        0x0 Src/HAL/UltraSonic/Src/ultrasonic.o
 .bss           0x0000000000000000        0x0 Src/HAL/UltraSonic/Src/ultrasonic.o
 .bss.flag      0x0000000000000000        0x1 Src/HAL/UltraSonic/Src/ultrasonic.o
 .text.Ultrasonic_init
                0x0000000000000000      0x190 Src/HAL/UltraSonic/Src/ultrasonic.o
 .text.Ultrasonic_Trigger
                0x0000000000000000       0x50 Src/HAL/UltraSonic/Src/ultrasonic.o
 .text.Ultrasonic_readDistance
                0x0000000000000000       0x78 Src/HAL/UltraSonic/Src/ultrasonic.o
 .text.Ultrasonic_edgeProcessing
                0x0000000000000000       0x54 Src/HAL/UltraSonic/Src/ultrasonic.o
 .debug_info    0x0000000000000000      0x4e3 Src/HAL/UltraSonic/Src/ultrasonic.o
 .debug_abbrev  0x0000000000000000      0x112 Src/HAL/UltraSonic/Src/ultrasonic.o
 .debug_aranges
                0x0000000000000000       0x38 Src/HAL/UltraSonic/Src/ultrasonic.o
 .debug_ranges  0x0000000000000000       0x28 Src/HAL/UltraSonic/Src/ultrasonic.o
 .debug_macro   0x0000000000000000       0xbe Src/HAL/UltraSonic/Src/ultrasonic.o
 .debug_macro   0x0000000000000000      0xa66 Src/HAL/UltraSonic/Src/ultrasonic.o
 .debug_macro   0x0000000000000000       0x1c Src/HAL/UltraSonic/Src/ultrasonic.o
 .debug_macro   0x0000000000000000       0x34 Src/HAL/UltraSonic/Src/ultrasonic.o
 .debug_macro   0x0000000000000000      0x1c6 Src/HAL/UltraSonic/Src/ultrasonic.o
 .debug_macro   0x0000000000000000       0x16 Src/HAL/UltraSonic/Src/ultrasonic.o
 .debug_macro   0x0000000000000000      0x29a Src/HAL/UltraSonic/Src/ultrasonic.o
 .debug_macro   0x0000000000000000       0x10 Src/HAL/UltraSonic/Src/ultrasonic.o
 .debug_macro   0x0000000000000000      0x1be Src/HAL/UltraSonic/Src/ultrasonic.o
 .debug_macro   0x0000000000000000       0x10 Src/HAL/UltraSonic/Src/ultrasonic.o
 .debug_macro   0x0000000000000000       0x52 Src/HAL/UltraSonic/Src/ultrasonic.o
 .debug_macro   0x0000000000000000       0x34 Src/HAL/UltraSonic/Src/ultrasonic.o
 .debug_macro   0x0000000000000000       0xdc Src/HAL/UltraSonic/Src/ultrasonic.o
 .debug_line    0x0000000000000000      0x310 Src/HAL/UltraSonic/Src/ultrasonic.o
 .debug_str     0x0000000000000000     0x6822 Src/HAL/UltraSonic/Src/ultrasonic.o
 .comment       0x0000000000000000       0x7c Src/HAL/UltraSonic/Src/ultrasonic.o
 .debug_frame   0x0000000000000000       0x90 Src/HAL/UltraSonic/Src/ultrasonic.o
 .ARM.attributes
                0x0000000000000000       0x39 Src/HAL/UltraSonic/Src/ultrasonic.o
 COMMON         0x0000000000000000        0x6 Src/HAL/UltraSonic/Src/ultrasonic.o
 .group         0x0000000000000000        0xc Src/HAL/UltraSonic/Src/ultrasonic_cfg.o
 .group         0x0000000000000000        0xc Src/HAL/UltraSonic/Src/ultrasonic_cfg.o
 .group         0x0000000000000000        0xc Src/HAL/UltraSonic/Src/ultrasonic_cfg.o
 .group         0x0000000000000000        0xc Src/HAL/UltraSonic/Src/ultrasonic_cfg.o
 .group         0x0000000000000000        0xc Src/HAL/UltraSonic/Src/ultrasonic_cfg.o
 .group         0x0000000000000000        0xc Src/HAL/UltraSonic/Src/ultrasonic_cfg.o
 .group         0x0000000000000000        0xc Src/HAL/UltraSonic/Src/ultrasonic_cfg.o
 .group         0x0000000000000000        0xc Src/HAL/UltraSonic/Src/ultrasonic_cfg.o
 .group         0x0000000000000000        0xc Src/HAL/UltraSonic/Src/ultrasonic_cfg.o
 .group         0x0000000000000000        0xc Src/HAL/UltraSonic/Src/ultrasonic_cfg.o
 .group         0x0000000000000000        0xc Src/HAL/UltraSonic/Src/ultrasonic_cfg.o
 .group         0x0000000000000000        0xc Src/HAL/UltraSonic/Src/ultrasonic_cfg.o
 .text          0x0000000000000000        0x0 Src/HAL/UltraSonic/Src/ultrasonic_cfg.o
 .data          0x0000000000000000        0x0 Src/HAL/UltraSonic/Src/ultrasonic_cfg.o
 .bss           0x0000000000000000        0x0 Src/HAL/UltraSonic/Src/ultrasonic_cfg.o
 .debug_info    0x0000000000000000      0x255 Src/HAL/UltraSonic/Src/ultrasonic_cfg.o
 .debug_abbrev  0x0000000000000000       0x9c Src/HAL/UltraSonic/Src/ultrasonic_cfg.o
 .debug_aranges
                0x0000000000000000       0x18 Src/HAL/UltraSonic/Src/ultrasonic_cfg.o
 .debug_macro   0x0000000000000000       0xc4 Src/HAL/UltraSonic/Src/ultrasonic_cfg.o
 .debug_macro   0x0000000000000000      0xa66 Src/HAL/UltraSonic/Src/ultrasonic_cfg.o
 .debug_macro   0x0000000000000000       0x1c Src/HAL/UltraSonic/Src/ultrasonic_cfg.o
 .debug_macro   0x0000000000000000       0x34 Src/HAL/UltraSonic/Src/ultrasonic_cfg.o
 .debug_macro   0x0000000000000000      0x1c6 Src/HAL/UltraSonic/Src/ultrasonic_cfg.o
 .debug_macro   0x0000000000000000       0x16 Src/HAL/UltraSonic/Src/ultrasonic_cfg.o
 .debug_macro   0x0000000000000000      0x29a Src/HAL/UltraSonic/Src/ultrasonic_cfg.o
 .debug_macro   0x0000000000000000       0x10 Src/HAL/UltraSonic/Src/ultrasonic_cfg.o
 .debug_macro   0x0000000000000000      0x1be Src/HAL/UltraSonic/Src/ultrasonic_cfg.o
 .debug_macro   0x0000000000000000       0x10 Src/HAL/UltraSonic/Src/ultrasonic_cfg.o
 .debug_macro   0x0000000000000000       0x52 Src/HAL/UltraSonic/Src/ultrasonic_cfg.o
 .debug_macro   0x0000000000000000       0x34 Src/HAL/UltraSonic/Src/ultrasonic_cfg.o
 .debug_macro   0x0000000000000000       0xdc Src/HAL/UltraSonic/Src/ultrasonic_cfg.o
 .debug_line    0x0000000000000000      0x287 Src/HAL/UltraSonic/Src/ultrasonic_cfg.o
 .debug_str     0x0000000000000000     0x63d9 Src/HAL/UltraSonic/Src/ultrasonic_cfg.o
 .comment       0x0000000000000000       0x7c Src/HAL/UltraSonic/Src/ultrasonic_cfg.o
 .ARM.attributes
                0x0000000000000000       0x39 Src/HAL/UltraSonic/Src/ultrasonic_cfg.o
 COMMON         0x0000000000000000       0x24 Src/HAL/UltraSonic/Src/ultrasonic_cfg.o
 .group         0x0000000000000000        0xc Src/MCAL/ADC/Src/adc.o
 .group         0x0000000000000000        0xc Src/MCAL/ADC/Src/adc.o
 .group         0x0000000000000000        0xc Src/MCAL/ADC/Src/adc.o
 .group         0x0000000000000000        0xc Src/MCAL/ADC/Src/adc.o
 .group         0x0000000000000000        0xc Src/MCAL/ADC/Src/adc.o
 .text          0x0000000000000000        0x0 Src/MCAL/ADC/Src/adc.o
 .data          0x0000000000000000        0x0 Src/MCAL/ADC/Src/adc.o
 .bss           0x0000000000000000        0x0 Src/MCAL/ADC/Src/adc.o
 .text.ADC1_Init
                0x0000000000000000       0xb0 Src/MCAL/ADC/Src/adc.o
 .text.ADC2_Init
                0x0000000000000000       0xb4 Src/MCAL/ADC/Src/adc.o
 .text.ADC3_Init
                0x0000000000000000       0xb0 Src/MCAL/ADC/Src/adc.o
 .text.ADC4_Init
                0x0000000000000000       0xb0 Src/MCAL/ADC/Src/adc.o
 .text.ADC_Start
                0x0000000000000000       0x7c Src/MCAL/ADC/Src/adc.o
 .text.ADC_CheckStatus
                0x0000000000000000       0xc0 Src/MCAL/ADC/Src/adc.o
 .text.ADC_Enable
                0x0000000000000000       0x7c Src/MCAL/ADC/Src/adc.o
 .text.ADC_Read
                0x0000000000000000       0x74 Src/MCAL/ADC/Src/adc.o
 .text.ADC_Disable
                0x0000000000000000       0x7c Src/MCAL/ADC/Src/adc.o
 .debug_info    0x0000000000000000      0x323 Src/MCAL/ADC/Src/adc.o
 .debug_abbrev  0x0000000000000000      0x11b Src/MCAL/ADC/Src/adc.o
 .debug_aranges
                0x0000000000000000       0x60 Src/MCAL/ADC/Src/adc.o
 .debug_ranges  0x0000000000000000       0x50 Src/MCAL/ADC/Src/adc.o
 .debug_macro   0x0000000000000000       0x3f Src/MCAL/ADC/Src/adc.o
 .debug_macro   0x0000000000000000      0xa66 Src/MCAL/ADC/Src/adc.o
 .debug_macro   0x0000000000000000       0x34 Src/MCAL/ADC/Src/adc.o
 .debug_macro   0x0000000000000000       0x1c Src/MCAL/ADC/Src/adc.o
 .debug_macro   0x0000000000000000       0x10 Src/MCAL/ADC/Src/adc.o
 .debug_macro   0x0000000000000000      0x361 Src/MCAL/ADC/Src/adc.o
 .debug_line    0x0000000000000000      0x1e1 Src/MCAL/ADC/Src/adc.o
 .debug_str     0x0000000000000000     0x4755 Src/MCAL/ADC/Src/adc.o
 .comment       0x0000000000000000       0x7c Src/MCAL/ADC/Src/adc.o
 .debug_frame   0x0000000000000000      0x178 Src/MCAL/ADC/Src/adc.o
 .ARM.attributes
                0x0000000000000000       0x39 Src/MCAL/ADC/Src/adc.o
 .group         0x0000000000000000        0xc Src/MCAL/EXTI/Src/EXTI.o
 .group         0x0000000000000000        0xc Src/MCAL/EXTI/Src/EXTI.o
 .group         0x0000000000000000        0xc Src/MCAL/EXTI/Src/EXTI.o
 .group         0x0000000000000000        0xc Src/MCAL/EXTI/Src/EXTI.o
 .text          0x0000000000000000        0x0 Src/MCAL/EXTI/Src/EXTI.o
 .data          0x0000000000000000        0x0 Src/MCAL/EXTI/Src/EXTI.o
 .bss           0x0000000000000000        0x0 Src/MCAL/EXTI/Src/EXTI.o
 .bss.EXTI_HandlerFunc0
                0x0000000000000000        0x4 Src/MCAL/EXTI/Src/EXTI.o
 .bss.EXTI_HandlerFunc1
                0x0000000000000000        0x4 Src/MCAL/EXTI/Src/EXTI.o
 .bss.EXTI_HandlerFunc2
                0x0000000000000000        0x4 Src/MCAL/EXTI/Src/EXTI.o
 .bss.EXTI_HandlerFunc3
                0x0000000000000000        0x4 Src/MCAL/EXTI/Src/EXTI.o
 .bss.EXTI_HandlerFunc4
                0x0000000000000000        0x4 Src/MCAL/EXTI/Src/EXTI.o
 .bss.EXTI_HandlerFunc5
                0x0000000000000000        0x4 Src/MCAL/EXTI/Src/EXTI.o
 .bss.EXTI_HandlerFunc6
                0x0000000000000000        0x4 Src/MCAL/EXTI/Src/EXTI.o
 .bss.EXTI_HandlerFunc7
                0x0000000000000000        0x4 Src/MCAL/EXTI/Src/EXTI.o
 .bss.EXTI_HandlerFunc8
                0x0000000000000000        0x4 Src/MCAL/EXTI/Src/EXTI.o
 .bss.EXTI_HandlerFunc9
                0x0000000000000000        0x4 Src/MCAL/EXTI/Src/EXTI.o
 .bss.EXTI_HandlerFunc10
                0x0000000000000000        0x4 Src/MCAL/EXTI/Src/EXTI.o
 .bss.EXTI_HandlerFunc11
                0x0000000000000000        0x4 Src/MCAL/EXTI/Src/EXTI.o
 .bss.EXTI_HandlerFunc12
                0x0000000000000000        0x4 Src/MCAL/EXTI/Src/EXTI.o
 .bss.EXTI_HandlerFunc13
                0x0000000000000000        0x4 Src/MCAL/EXTI/Src/EXTI.o
 .bss.EXTI_HandlerFunc14
                0x0000000000000000        0x4 Src/MCAL/EXTI/Src/EXTI.o
 .bss.EXTI_HandlerFunc15
                0x0000000000000000        0x4 Src/MCAL/EXTI/Src/EXTI.o
 .text.EXTI_SelectHandlerFnuc
                0x0000000000000000      0x174 Src/MCAL/EXTI/Src/EXTI.o
 .text.EXTI_LineEnable
                0x0000000000000000       0xb8 Src/MCAL/EXTI/Src/EXTI.o
 .text.EXTI_LineDisable
                0x0000000000000000       0x3c Src/MCAL/EXTI/Src/EXTI.o
 .debug_info    0x0000000000000000      0x31d Src/MCAL/EXTI/Src/EXTI.o
 .debug_abbrev  0x0000000000000000       0xee Src/MCAL/EXTI/Src/EXTI.o
 .debug_aranges
                0x0000000000000000       0x30 Src/MCAL/EXTI/Src/EXTI.o
 .debug_ranges  0x0000000000000000       0x20 Src/MCAL/EXTI/Src/EXTI.o
 .debug_macro   0x0000000000000000       0x36 Src/MCAL/EXTI/Src/EXTI.o
 .debug_macro   0x0000000000000000      0xa66 Src/MCAL/EXTI/Src/EXTI.o
 .debug_macro   0x0000000000000000       0x34 Src/MCAL/EXTI/Src/EXTI.o
 .debug_macro   0x0000000000000000       0x1c Src/MCAL/EXTI/Src/EXTI.o
 .debug_macro   0x0000000000000000       0x70 Src/MCAL/EXTI/Src/EXTI.o
 .debug_line    0x0000000000000000      0x179 Src/MCAL/EXTI/Src/EXTI.o
 .debug_str     0x0000000000000000     0x346d Src/MCAL/EXTI/Src/EXTI.o
 .comment       0x0000000000000000       0x7c Src/MCAL/EXTI/Src/EXTI.o
 .debug_frame   0x0000000000000000       0x80 Src/MCAL/EXTI/Src/EXTI.o
 .ARM.attributes
                0x0000000000000000       0x39 Src/MCAL/EXTI/Src/EXTI.o
 .group         0x0000000000000000        0xc Src/MCAL/ICU/Src/icu.o
 .group         0x0000000000000000        0xc Src/MCAL/ICU/Src/icu.o
 .group         0x0000000000000000        0xc Src/MCAL/ICU/Src/icu.o
 .group         0x0000000000000000        0xc Src/MCAL/ICU/Src/icu.o
 .group         0x0000000000000000        0xc Src/MCAL/ICU/Src/icu.o
 .text          0x0000000000000000        0x0 Src/MCAL/ICU/Src/icu.o
 .data          0x0000000000000000        0x0 Src/MCAL/ICU/Src/icu.o
 .bss           0x0000000000000000        0x0 Src/MCAL/ICU/Src/icu.o
 .text.ICU_Init
                0x0000000000000000       0xa4 Src/MCAL/ICU/Src/icu.o
 .text.ICU_Control
                0x0000000000000000       0xa4 Src/MCAL/ICU/Src/icu.o
 .text.ICU_SelectEdge
                0x0000000000000000      0x268 Src/MCAL/ICU/Src/icu.o
 .text.ICU_Read
                0x0000000000000000       0x9c Src/MCAL/ICU/Src/icu.o
 .text.ICU_INT_Enable
                0x0000000000000000      0x128 Src/MCAL/ICU/Src/icu.o
 .text.ICU_INT_Disable
                0x0000000000000000       0xb0 Src/MCAL/ICU/Src/icu.o
 .debug_macro   0x0000000000000000      0xa66 Src/MCAL/ICU/Src/icu.o
 .debug_macro   0x0000000000000000       0x34 Src/MCAL/ICU/Src/icu.o
 .debug_macro   0x0000000000000000       0x1c Src/MCAL/ICU/Src/icu.o
 .debug_macro   0x0000000000000000      0x1be Src/MCAL/ICU/Src/icu.o
 .debug_macro   0x0000000000000000       0x10 Src/MCAL/ICU/Src/icu.o
 .group         0x0000000000000000        0xc Src/MCAL/NVIC/Src/NVIC.o
 .group         0x0000000000000000        0xc Src/MCAL/NVIC/Src/NVIC.o
 .group         0x0000000000000000        0xc Src/MCAL/NVIC/Src/NVIC.o
 .group         0x0000000000000000        0xc Src/MCAL/NVIC/Src/NVIC.o
 .text          0x0000000000000000        0x0 Src/MCAL/NVIC/Src/NVIC.o
 .data          0x0000000000000000        0x0 Src/MCAL/NVIC/Src/NVIC.o
 .bss           0x0000000000000000        0x0 Src/MCAL/NVIC/Src/NVIC.o
 .text.NVIC_EnableIRQ
                0x0000000000000000       0x48 Src/MCAL/NVIC/Src/NVIC.o
 .text.NVIC_DisableIRQ
                0x0000000000000000       0x48 Src/MCAL/NVIC/Src/NVIC.o
 .text.NVIC_SetPendingIRQ
                0x0000000000000000       0x48 Src/MCAL/NVIC/Src/NVIC.o
 .text.NVIC_ClearPendingIRQ
                0x0000000000000000       0x48 Src/MCAL/NVIC/Src/NVIC.o
 .text.NVIC_GetPendingIRQ
                0x0000000000000000       0x5c Src/MCAL/NVIC/Src/NVIC.o
 .text.NVIC_SetPriority
                0x0000000000000000       0x34 Src/MCAL/NVIC/Src/NVIC.o
 .text.NVIC_GetPriority
                0x0000000000000000       0x38 Src/MCAL/NVIC/Src/NVIC.o
 .debug_info    0x0000000000000000      0x4f8 Src/MCAL/NVIC/Src/NVIC.o
 .debug_abbrev  0x0000000000000000       0xf7 Src/MCAL/NVIC/Src/NVIC.o
 .debug_aranges
                0x0000000000000000       0x50 Src/MCAL/NVIC/Src/NVIC.o
 .debug_ranges  0x0000000000000000       0x40 Src/MCAL/NVIC/Src/NVIC.o
 .debug_macro   0x0000000000000000       0x36 Src/MCAL/NVIC/Src/NVIC.o
 .debug_macro   0x0000000000000000      0xa66 Src/MCAL/NVIC/Src/NVIC.o
 .debug_macro   0x0000000000000000       0x34 Src/MCAL/NVIC/Src/NVIC.o
 .debug_macro   0x0000000000000000       0x1c Src/MCAL/NVIC/Src/NVIC.o
 .debug_macro   0x0000000000000000       0x52 Src/MCAL/NVIC/Src/NVIC.o
 .debug_line    0x0000000000000000      0x16b Src/MCAL/NVIC/Src/NVIC.o
 .debug_str     0x0000000000000000     0x3590 Src/MCAL/NVIC/Src/NVIC.o
 .comment       0x0000000000000000       0x7c Src/MCAL/NVIC/Src/NVIC.o
 .debug_frame   0x0000000000000000      0x128 Src/MCAL/NVIC/Src/NVIC.o
 .ARM.attributes
                0x0000000000000000       0x39 Src/MCAL/NVIC/Src/NVIC.o
 .group         0x0000000000000000        0xc Src/MCAL/PWM/Src/pwm.o
 .group         0x0000000000000000        0xc Src/MCAL/PWM/Src/pwm.o
 .group         0x0000000000000000        0xc Src/MCAL/PWM/Src/pwm.o
 .group         0x0000000000000000        0xc Src/MCAL/PWM/Src/pwm.o
 .text          0x0000000000000000        0x0 Src/MCAL/PWM/Src/pwm.o
 .data          0x0000000000000000        0x0 Src/MCAL/PWM/Src/pwm.o
 .bss           0x0000000000000000        0x0 Src/MCAL/PWM/Src/pwm.o
 .debug_macro   0x0000000000000000      0xa66 Src/MCAL/PWM/Src/pwm.o
 .debug_macro   0x0000000000000000       0x34 Src/MCAL/PWM/Src/pwm.o
 .debug_macro   0x0000000000000000       0x1c Src/MCAL/PWM/Src/pwm.o
 .group         0x0000000000000000        0xc Src/MCAL/SCB/Src/SCB.o
 .group         0x0000000000000000        0xc Src/MCAL/SCB/Src/SCB.o
 .group         0x0000000000000000        0xc Src/MCAL/SCB/Src/SCB.o
 .group         0x0000000000000000        0xc Src/MCAL/SCB/Src/SCB.o
 .group         0x0000000000000000        0xc Src/MCAL/SCB/Src/SCB.o
 .text          0x0000000000000000        0x0 Src/MCAL/SCB/Src/SCB.o
 .data          0x0000000000000000        0x0 Src/MCAL/SCB/Src/SCB.o
 .bss           0x0000000000000000        0x0 Src/MCAL/SCB/Src/SCB.o
 .text.SCB_SetPriorityGroup
                0x0000000000000000       0x58 Src/MCAL/SCB/Src/SCB.o
 .text.SCB_GetPriorityGroup
                0x0000000000000000       0x3c Src/MCAL/SCB/Src/SCB.o
 .debug_info    0x0000000000000000      0x122 Src/MCAL/SCB/Src/SCB.o
 .debug_abbrev  0x0000000000000000       0xb3 Src/MCAL/SCB/Src/SCB.o
 .debug_aranges
                0x0000000000000000       0x28 Src/MCAL/SCB/Src/SCB.o
 .debug_ranges  0x0000000000000000       0x18 Src/MCAL/SCB/Src/SCB.o
 .debug_macro   0x0000000000000000       0x3b Src/MCAL/SCB/Src/SCB.o
 .debug_macro   0x0000000000000000      0xa66 Src/MCAL/SCB/Src/SCB.o
 .debug_macro   0x0000000000000000       0x34 Src/MCAL/SCB/Src/SCB.o
 .debug_macro   0x0000000000000000       0x1c Src/MCAL/SCB/Src/SCB.o
 .debug_macro   0x0000000000000000       0x16 Src/MCAL/SCB/Src/SCB.o
 .debug_macro   0x0000000000000000       0x1c Src/MCAL/SCB/Src/SCB.o
 .debug_line    0x0000000000000000       0xfd Src/MCAL/SCB/Src/SCB.o
 .debug_str     0x0000000000000000     0x306a Src/MCAL/SCB/Src/SCB.o
 .comment       0x0000000000000000       0x7c Src/MCAL/SCB/Src/SCB.o
 .debug_frame   0x0000000000000000       0x60 Src/MCAL/SCB/Src/SCB.o
 .ARM.attributes
                0x0000000000000000       0x39 Src/MCAL/SCB/Src/SCB.o
 .group         0x0000000000000000        0xc Src/MCAL/dio/src/dio.o
 .group         0x0000000000000000        0xc Src/MCAL/dio/src/dio.o
 .group         0x0000000000000000        0xc Src/MCAL/dio/src/dio.o
 .group         0x0000000000000000        0xc Src/MCAL/dio/src/dio.o
 .group         0x0000000000000000        0xc Src/MCAL/dio/src/dio.o
 .text          0x0000000000000000        0x0 Src/MCAL/dio/src/dio.o
 .data          0x0000000000000000        0x0 Src/MCAL/dio/src/dio.o
 .bss           0x0000000000000000        0x0 Src/MCAL/dio/src/dio.o
 .text.DIO_writePin
                0x0000000000000000      0x228 Src/MCAL/dio/src/dio.o
 .text.DIO_togglePin
                0x0000000000000000      0x134 Src/MCAL/dio/src/dio.o
 .text.DIO_readPin
                0x0000000000000000      0x150 Src/MCAL/dio/src/dio.o
 .text.DIO_activateInternal
                0x0000000000000000      0x1b8 Src/MCAL/dio/src/dio.o
 .debug_macro   0x0000000000000000      0xa66 Src/MCAL/dio/src/dio.o
 .debug_macro   0x0000000000000000       0x1c Src/MCAL/dio/src/dio.o
 .debug_macro   0x0000000000000000      0x29a Src/MCAL/dio/src/dio.o
 .debug_macro   0x0000000000000000       0x10 Src/MCAL/dio/src/dio.o
 .debug_macro   0x0000000000000000       0x34 Src/MCAL/dio/src/dio.o
 .group         0x0000000000000000        0xc Src/MCAL/rcc/src/rcc.o
 .group         0x0000000000000000        0xc Src/MCAL/rcc/src/rcc.o
 .group         0x0000000000000000        0xc Src/MCAL/rcc/src/rcc.o
 .group         0x0000000000000000        0xc Src/MCAL/rcc/src/rcc.o
 .group         0x0000000000000000        0xc Src/MCAL/rcc/src/rcc.o
 .text          0x0000000000000000        0x0 Src/MCAL/rcc/src/rcc.o
 .data          0x0000000000000000        0x0 Src/MCAL/rcc/src/rcc.o
 .bss           0x0000000000000000        0x0 Src/MCAL/rcc/src/rcc.o
 .text.rcc_disaleclk
                0x0000000000000000       0x80 Src/MCAL/rcc/src/rcc.o
 .debug_macro   0x0000000000000000      0xa66 Src/MCAL/rcc/src/rcc.o
 .debug_macro   0x0000000000000000       0x1c Src/MCAL/rcc/src/rcc.o
 .debug_macro   0x0000000000000000       0x34 Src/MCAL/rcc/src/rcc.o
 .debug_macro   0x0000000000000000       0x16 Src/MCAL/rcc/src/rcc.o
 .group         0x0000000000000000        0xc Src/MCAL/systick/sysTick.o
 .group         0x0000000000000000        0xc Src/MCAL/systick/sysTick.o
 .group         0x0000000000000000        0xc Src/MCAL/systick/sysTick.o
 .group         0x0000000000000000        0xc Src/MCAL/systick/sysTick.o
 .text          0x0000000000000000        0x0 Src/MCAL/systick/sysTick.o
 .data          0x0000000000000000        0x0 Src/MCAL/systick/sysTick.o
 .bss           0x0000000000000000        0x0 Src/MCAL/systick/sysTick.o
 .text.sysTick_start
                0x0000000000000000       0x40 Src/MCAL/systick/sysTick.o
 .text.sysTick_stop
                0x0000000000000000       0x20 Src/MCAL/systick/sysTick.o
 .debug_macro   0x0000000000000000      0xa66 Src/MCAL/systick/sysTick.o
 .debug_macro   0x0000000000000000       0x1c Src/MCAL/systick/sysTick.o
 .debug_macro   0x0000000000000000       0x34 Src/MCAL/systick/sysTick.o
 .debug_macro   0x0000000000000000       0x34 Src/MCAL/systick/sysTick.o
 .group         0x0000000000000000        0xc Src/main.o
 .group         0x0000000000000000        0xc Src/main.o
 .group         0x0000000000000000        0xc Src/main.o
 .group         0x0000000000000000        0xc Src/main.o
 .group         0x0000000000000000        0xc Src/main.o
 .group         0x0000000000000000        0xc Src/main.o
 .group         0x0000000000000000        0xc Src/main.o
 .group         0x0000000000000000        0xc Src/main.o
 .group         0x0000000000000000        0xc Src/main.o
 .group         0x0000000000000000        0xc Src/main.o
 .group         0x0000000000000000        0xc Src/main.o
 .group         0x0000000000000000        0xc Src/main.o
 .group         0x0000000000000000        0xc Src/main.o
 .text          0x0000000000000000        0x0 Src/main.o
 .data          0x0000000000000000        0x0 Src/main.o
 .bss           0x0000000000000000        0x0 Src/main.o
 .debug_macro   0x0000000000000000      0xa66 Src/main.o
 .debug_macro   0x0000000000000000       0x34 Src/main.o
 .debug_macro   0x0000000000000000       0x1c Src/main.o
 .debug_macro   0x0000000000000000      0x1c6 Src/main.o
 .debug_macro   0x0000000000000000       0x16 Src/main.o
 .debug_macro   0x0000000000000000       0x52 Src/main.o
 .debug_macro   0x0000000000000000      0x29a Src/main.o
 .debug_macro   0x0000000000000000       0x10 Src/main.o
 .debug_macro   0x0000000000000000      0x1be Src/main.o
 .debug_macro   0x0000000000000000       0x10 Src/main.o
 .debug_macro   0x0000000000000000       0x34 Src/main.o
 .debug_macro   0x0000000000000000       0xa0 Src/main.o
 .group         0x0000000000000000        0xc Src/syscalls.o
 .group         0x0000000000000000        0xc Src/syscalls.o
 .group         0x0000000000000000        0xc Src/syscalls.o
 .group         0x0000000000000000        0xc Src/syscalls.o
 .group         0x0000000000000000        0xc Src/syscalls.o
 .group         0x0000000000000000        0xc Src/syscalls.o
 .group         0x0000000000000000        0xc Src/syscalls.o
 .group         0x0000000000000000        0xc Src/syscalls.o
 .group         0x0000000000000000        0xc Src/syscalls.o
 .group         0x0000000000000000        0xc Src/syscalls.o
 .group         0x0000000000000000        0xc Src/syscalls.o
 .group         0x0000000000000000        0xc Src/syscalls.o
 .group         0x0000000000000000        0xc Src/syscalls.o
 .group         0x0000000000000000        0xc Src/syscalls.o
 .group         0x0000000000000000        0xc Src/syscalls.o
 .group         0x0000000000000000        0xc Src/syscalls.o
 .group         0x0000000000000000        0xc Src/syscalls.o
 .group         0x0000000000000000        0xc Src/syscalls.o
 .group         0x0000000000000000        0xc Src/syscalls.o
 .group         0x0000000000000000        0xc Src/syscalls.o
 .group         0x0000000000000000        0xc Src/syscalls.o
 .group         0x0000000000000000        0xc Src/syscalls.o
 .group         0x0000000000000000        0xc Src/syscalls.o
 .group         0x0000000000000000        0xc Src/syscalls.o
 .group         0x0000000000000000        0xc Src/syscalls.o
 .group         0x0000000000000000        0xc Src/syscalls.o
 .group         0x0000000000000000        0xc Src/syscalls.o
 .group         0x0000000000000000        0xc Src/syscalls.o
 .group         0x0000000000000000        0xc Src/syscalls.o
 .group         0x0000000000000000        0xc Src/syscalls.o
 .group         0x0000000000000000        0xc Src/syscalls.o
 .group         0x0000000000000000        0xc Src/syscalls.o
 .group         0x0000000000000000        0xc Src/syscalls.o
 .group         0x0000000000000000        0xc Src/syscalls.o
 .group         0x0000000000000000        0xc Src/syscalls.o
 .group         0x0000000000000000        0xc Src/syscalls.o
 .group         0x0000000000000000        0xc Src/syscalls.o
 .group         0x0000000000000000        0xc Src/syscalls.o
 .group         0x0000000000000000        0xc Src/syscalls.o
 .group         0x0000000000000000        0xc Src/syscalls.o
 .group         0x0000000000000000        0xc Src/syscalls.o
 .group         0x0000000000000000        0xc Src/syscalls.o
 .group         0x0000000000000000        0xc Src/syscalls.o
 .group         0x0000000000000000        0xc Src/syscalls.o
 .text          0x0000000000000000        0x0 Src/syscalls.o
 .data          0x0000000000000000        0x0 Src/syscalls.o
 .bss           0x0000000000000000        0x0 Src/syscalls.o
 .bss.__env     0x0000000000000000        0x4 Src/syscalls.o
 .data.environ  0x0000000000000000        0x4 Src/syscalls.o
 .text.initialise_monitor_handles
                0x0000000000000000        0xe Src/syscalls.o
 .text._getpid  0x0000000000000000       0x10 Src/syscalls.o
 .text._kill    0x0000000000000000       0x20 Src/syscalls.o
 .text._exit    0x0000000000000000       0x14 Src/syscalls.o
 .text._read    0x0000000000000000       0x3a Src/syscalls.o
 .text._write   0x0000000000000000       0x38 Src/syscalls.o
 .text._close   0x0000000000000000       0x18 Src/syscalls.o
 .text._fstat   0x0000000000000000       0x20 Src/syscalls.o
 .text._isatty  0x0000000000000000       0x16 Src/syscalls.o
 .text._lseek   0x0000000000000000       0x1a Src/syscalls.o
 .text._open    0x0000000000000000       0x1c Src/syscalls.o
 .text._wait    0x0000000000000000       0x1e Src/syscalls.o
 .text._unlink  0x0000000000000000       0x1e Src/syscalls.o
 .text._times   0x0000000000000000       0x18 Src/syscalls.o
 .text._stat    0x0000000000000000       0x20 Src/syscalls.o
 .text._link    0x0000000000000000       0x20 Src/syscalls.o
 .text._fork    0x0000000000000000       0x16 Src/syscalls.o
 .text._execve  0x0000000000000000       0x22 Src/syscalls.o
 .debug_info    0x0000000000000000      0xeb2 Src/syscalls.o
 .debug_abbrev  0x0000000000000000      0x252 Src/syscalls.o
 .debug_aranges
                0x0000000000000000       0xa8 Src/syscalls.o
 .debug_ranges  0x0000000000000000       0x98 Src/syscalls.o
 .debug_macro   0x0000000000000000      0x243 Src/syscalls.o
 .debug_macro   0x0000000000000000      0xa66 Src/syscalls.o
 .debug_macro   0x0000000000000000       0x22 Src/syscalls.o
 .debug_macro   0x0000000000000000       0x40 Src/syscalls.o
 .debug_macro   0x0000000000000000       0x18 Src/syscalls.o
 .debug_macro   0x0000000000000000       0x94 Src/syscalls.o
 .debug_macro   0x0000000000000000       0x3c Src/syscalls.o
 .debug_macro   0x0000000000000000       0x34 Src/syscalls.o
 .debug_macro   0x0000000000000000       0x57 Src/syscalls.o
 .debug_macro   0x0000000000000000      0x174 Src/syscalls.o
 .debug_macro   0x0000000000000000      0x330 Src/syscalls.o
 .debug_macro   0x0000000000000000       0x52 Src/syscalls.o
 .debug_macro   0x0000000000000000       0x1f Src/syscalls.o
 .debug_macro   0x0000000000000000       0x43 Src/syscalls.o
 .debug_macro   0x0000000000000000       0x20 Src/syscalls.o
 .debug_macro   0x0000000000000000      0x1a3 Src/syscalls.o
 .debug_macro   0x0000000000000000       0x10 Src/syscalls.o
 .debug_macro   0x0000000000000000       0x35 Src/syscalls.o
 .debug_macro   0x0000000000000000       0x10 Src/syscalls.o
 .debug_macro   0x0000000000000000       0x10 Src/syscalls.o
 .debug_macro   0x0000000000000000       0x10 Src/syscalls.o
 .debug_macro   0x0000000000000000       0x6a Src/syscalls.o
 .debug_macro   0x0000000000000000       0x1c Src/syscalls.o
 .debug_macro   0x0000000000000000       0x52 Src/syscalls.o
 .debug_macro   0x0000000000000000       0x40 Src/syscalls.o
 .debug_macro   0x0000000000000000       0x10 Src/syscalls.o
 .debug_macro   0x0000000000000000       0x40 Src/syscalls.o
 .debug_macro   0x0000000000000000       0xd7 Src/syscalls.o
 .debug_macro   0x0000000000000000       0x1c Src/syscalls.o
 .debug_macro   0x0000000000000000       0x3d Src/syscalls.o
 .debug_macro   0x0000000000000000       0x35 Src/syscalls.o
 .debug_macro   0x0000000000000000      0x122 Src/syscalls.o
 .debug_macro   0x0000000000000000       0x16 Src/syscalls.o
 .debug_macro   0x0000000000000000       0x16 Src/syscalls.o
 .debug_macro   0x0000000000000000       0x29 Src/syscalls.o
 .debug_macro   0x0000000000000000       0x10 Src/syscalls.o
 .debug_macro   0x0000000000000000      0x241 Src/syscalls.o
 .debug_macro   0x0000000000000000       0x1c Src/syscalls.o
 .debug_macro   0x0000000000000000       0x10 Src/syscalls.o
 .debug_macro   0x0000000000000000       0x10 Src/syscalls.o
 .debug_macro   0x0000000000000000       0x16 Src/syscalls.o
 .debug_macro   0x0000000000000000      0x145 Src/syscalls.o
 .debug_macro   0x0000000000000000      0x189 Src/syscalls.o
 .debug_macro   0x0000000000000000       0x16 Src/syscalls.o
 .debug_macro   0x0000000000000000       0x88 Src/syscalls.o
 .debug_line    0x0000000000000000      0x739 Src/syscalls.o
 .debug_str     0x0000000000000000     0x8888 Src/syscalls.o
 .comment       0x0000000000000000       0x7c Src/syscalls.o
 .debug_frame   0x0000000000000000      0x2ac Src/syscalls.o
 .ARM.attributes
                0x0000000000000000       0x39 Src/syscalls.o
 .group         0x0000000000000000        0xc Src/sysmem.o
 .group         0x0000000000000000        0xc Src/sysmem.o
 .group         0x0000000000000000        0xc Src/sysmem.o
 .group         0x0000000000000000        0xc Src/sysmem.o
 .group         0x0000000000000000        0xc Src/sysmem.o
 .group         0x0000000000000000        0xc Src/sysmem.o
 .group         0x0000000000000000        0xc Src/sysmem.o
 .group         0x0000000000000000        0xc Src/sysmem.o
 .group         0x0000000000000000        0xc Src/sysmem.o
 .group         0x0000000000000000        0xc Src/sysmem.o
 .group         0x0000000000000000        0xc Src/sysmem.o
 .group         0x0000000000000000        0xc Src/sysmem.o
 .group         0x0000000000000000        0xc Src/sysmem.o
 .group         0x0000000000000000        0xc Src/sysmem.o
 .group         0x0000000000000000        0xc Src/sysmem.o
 .group         0x0000000000000000        0xc Src/sysmem.o
 .group         0x0000000000000000        0xc Src/sysmem.o
 .group         0x0000000000000000        0xc Src/sysmem.o
 .group         0x0000000000000000        0xc Src/sysmem.o
 .text          0x0000000000000000        0x0 Src/sysmem.o
 .data          0x0000000000000000        0x0 Src/sysmem.o
 .bss           0x0000000000000000        0x0 Src/sysmem.o
 .bss.__sbrk_heap_end
                0x0000000000000000        0x4 Src/sysmem.o
 .text._sbrk    0x0000000000000000       0x6c Src/sysmem.o
 .debug_info    0x0000000000000000      0x985 Src/sysmem.o
 .debug_abbrev  0x0000000000000000      0x19b Src/sysmem.o
 .debug_aranges
                0x0000000000000000       0x20 Src/sysmem.o
 .debug_ranges  0x0000000000000000       0x10 Src/sysmem.o
 .debug_macro   0x0000000000000000       0xee Src/sysmem.o
 .debug_macro   0x0000000000000000      0xa66 Src/sysmem.o
 .debug_macro   0x0000000000000000       0x10 Src/sysmem.o
 .debug_macro   0x0000000000000000       0x22 Src/sysmem.o
 .debug_macro   0x0000000000000000       0x40 Src/sysmem.o
 .debug_macro   0x0000000000000000       0x18 Src/sysmem.o
 .debug_macro   0x0000000000000000       0x94 Src/sysmem.o
 .debug_macro   0x0000000000000000       0x3c Src/sysmem.o
 .debug_macro   0x0000000000000000       0x34 Src/sysmem.o
 .debug_macro   0x0000000000000000      0x174 Src/sysmem.o
 .debug_macro   0x0000000000000000       0x57 Src/sysmem.o
 .debug_macro   0x0000000000000000       0x52 Src/sysmem.o
 .debug_macro   0x0000000000000000       0x1f Src/sysmem.o
 .debug_macro   0x0000000000000000       0x43 Src/sysmem.o
 .debug_macro   0x0000000000000000       0x20 Src/sysmem.o
 .debug_macro   0x0000000000000000      0x1a3 Src/sysmem.o
 .debug_macro   0x0000000000000000      0x23b Src/sysmem.o
 .debug_macro   0x0000000000000000       0xef Src/sysmem.o
 .debug_macro   0x0000000000000000       0x6a Src/sysmem.o
 .debug_macro   0x0000000000000000      0x1df Src/sysmem.o
 .debug_line    0x0000000000000000      0x4c2 Src/sysmem.o
 .debug_str     0x0000000000000000     0x5f60 Src/sysmem.o
 .comment       0x0000000000000000       0x7c Src/sysmem.o
 .debug_frame   0x0000000000000000       0x34 Src/sysmem.o
 .ARM.attributes
                0x0000000000000000       0x39 Src/sysmem.o
 .text          0x0000000000000000       0x14 Startup/startup_stm32f303retx.o
 .data          0x0000000000000000        0x0 Startup/startup_stm32f303retx.o
 .bss           0x0000000000000000        0x0 Startup/startup_stm32f303retx.o
 .text          0x0000000000000000        0x0 c:/st/stm32cubeide_1.4.0/stm32cubeide/plugins/com.st.stm32cube.ide.mcu.externaltools.gnu-tools-for-stm32.7-2018-q2-update.win32_1.4.0.202007081208/tools/bin/../lib/gcc/arm-none-eabi/7.3.1/../../../../arm-none-eabi/lib/thumb/v7e-m/fpv4-sp/hard\libc_nano.a(lib_a-errno.o)
 .data          0x0000000000000000        0x0 c:/st/stm32cubeide_1.4.0/stm32cubeide/plugins/com.st.stm32cube.ide.mcu.externaltools.gnu-tools-for-stm32.7-2018-q2-update.win32_1.4.0.202007081208/tools/bin/../lib/gcc/arm-none-eabi/7.3.1/../../../../arm-none-eabi/lib/thumb/v7e-m/fpv4-sp/hard\libc_nano.a(lib_a-errno.o)
 .bss           0x0000000000000000        0x0 c:/st/stm32cubeide_1.4.0/stm32cubeide/plugins/com.st.stm32cube.ide.mcu.externaltools.gnu-tools-for-stm32.7-2018-q2-update.win32_1.4.0.202007081208/tools/bin/../lib/gcc/arm-none-eabi/7.3.1/../../../../arm-none-eabi/lib/thumb/v7e-m/fpv4-sp/hard\libc_nano.a(lib_a-errno.o)
 .text.__errno  0x0000000000000000        0xc c:/st/stm32cubeide_1.4.0/stm32cubeide/plugins/com.st.stm32cube.ide.mcu.externaltools.gnu-tools-for-stm32.7-2018-q2-update.win32_1.4.0.202007081208/tools/bin/../lib/gcc/arm-none-eabi/7.3.1/../../../../arm-none-eabi/lib/thumb/v7e-m/fpv4-sp/hard\libc_nano.a(lib_a-errno.o)
 .debug_frame   0x0000000000000000       0x20 c:/st/stm32cubeide_1.4.0/stm32cubeide/plugins/com.st.stm32cube.ide.mcu.externaltools.gnu-tools-for-stm32.7-2018-q2-update.win32_1.4.0.202007081208/tools/bin/../lib/gcc/arm-none-eabi/7.3.1/../../../../arm-none-eabi/lib/thumb/v7e-m/fpv4-sp/hard\libc_nano.a(lib_a-errno.o)
 .ARM.attributes
                0x0000000000000000       0x34 c:/st/stm32cubeide_1.4.0/stm32cubeide/plugins/com.st.stm32cube.ide.mcu.externaltools.gnu-tools-for-stm32.7-2018-q2-update.win32_1.4.0.202007081208/tools/bin/../lib/gcc/arm-none-eabi/7.3.1/../../../../arm-none-eabi/lib/thumb/v7e-m/fpv4-sp/hard\libc_nano.a(lib_a-errno.o)
 .text          0x0000000000000000        0x0 c:/st/stm32cubeide_1.4.0/stm32cubeide/plugins/com.st.stm32cube.ide.mcu.externaltools.gnu-tools-for-stm32.7-2018-q2-update.win32_1.4.0.202007081208/tools/bin/../lib/gcc/arm-none-eabi/7.3.1/../../../../arm-none-eabi/lib/thumb/v7e-m/fpv4-sp/hard\libc_nano.a(lib_a-exit.o)
 .data          0x0000000000000000        0x0 c:/st/stm32cubeide_1.4.0/stm32cubeide/plugins/com.st.stm32cube.ide.mcu.externaltools.gnu-tools-for-stm32.7-2018-q2-update.win32_1.4.0.202007081208/tools/bin/../lib/gcc/arm-none-eabi/7.3.1/../../../../arm-none-eabi/lib/thumb/v7e-m/fpv4-sp/hard\libc_nano.a(lib_a-exit.o)
 .bss           0x0000000000000000        0x0 c:/st/stm32cubeide_1.4.0/stm32cubeide/plugins/com.st.stm32cube.ide.mcu.externaltools.gnu-tools-for-stm32.7-2018-q2-update.win32_1.4.0.202007081208/tools/bin/../lib/gcc/arm-none-eabi/7.3.1/../../../../arm-none-eabi/lib/thumb/v7e-m/fpv4-sp/hard\libc_nano.a(lib_a-exit.o)
 .text.exit     0x0000000000000000       0x28 c:/st/stm32cubeide_1.4.0/stm32cubeide/plugins/com.st.stm32cube.ide.mcu.externaltools.gnu-tools-for-stm32.7-2018-q2-update.win32_1.4.0.202007081208/tools/bin/../lib/gcc/arm-none-eabi/7.3.1/../../../../arm-none-eabi/lib/thumb/v7e-m/fpv4-sp/hard\libc_nano.a(lib_a-exit.o)
 .debug_frame   0x0000000000000000       0x28 c:/st/stm32cubeide_1.4.0/stm32cubeide/plugins/com.st.stm32cube.ide.mcu.externaltools.gnu-tools-for-stm32.7-2018-q2-update.win32_1.4.0.202007081208/tools/bin/../lib/gcc/arm-none-eabi/7.3.1/../../../../arm-none-eabi/lib/thumb/v7e-m/fpv4-sp/hard\libc_nano.a(lib_a-exit.o)
 .ARM.attributes
                0x0000000000000000       0x34 c:/st/stm32cubeide_1.4.0/stm32cubeide/plugins/com.st.stm32cube.ide.mcu.externaltools.gnu-tools-for-stm32.7-2018-q2-update.win32_1.4.0.202007081208/tools/bin/../lib/gcc/arm-none-eabi/7.3.1/../../../../arm-none-eabi/lib/thumb/v7e-m/fpv4-sp/hard\libc_nano.a(lib_a-exit.o)
 .text          0x0000000000000000        0x0 c:/st/stm32cubeide_1.4.0/stm32cubeide/plugins/com.st.stm32cube.ide.mcu.externaltools.gnu-tools-for-stm32.7-2018-q2-update.win32_1.4.0.202007081208/tools/bin/../lib/gcc/arm-none-eabi/7.3.1/../../../../arm-none-eabi/lib/thumb/v7e-m/fpv4-sp/hard\libc_nano.a(lib_a-impure.o)
 .data          0x0000000000000000        0x0 c:/st/stm32cubeide_1.4.0/stm32cubeide/plugins/com.st.stm32cube.ide.mcu.externaltools.gnu-tools-for-stm32.7-2018-q2-update.win32_1.4.0.202007081208/tools/bin/../lib/gcc/arm-none-eabi/7.3.1/../../../../arm-none-eabi/lib/thumb/v7e-m/fpv4-sp/hard\libc_nano.a(lib_a-impure.o)
 .bss           0x0000000000000000        0x0 c:/st/stm32cubeide_1.4.0/stm32cubeide/plugins/com.st.stm32cube.ide.mcu.externaltools.gnu-tools-for-stm32.7-2018-q2-update.win32_1.4.0.202007081208/tools/bin/../lib/gcc/arm-none-eabi/7.3.1/../../../../arm-none-eabi/lib/thumb/v7e-m/fpv4-sp/hard\libc_nano.a(lib_a-impure.o)
 .data._impure_ptr
                0x0000000000000000        0x4 c:/st/stm32cubeide_1.4.0/stm32cubeide/plugins/com.st.stm32cube.ide.mcu.externaltools.gnu-tools-for-stm32.7-2018-q2-update.win32_1.4.0.202007081208/tools/bin/../lib/gcc/arm-none-eabi/7.3.1/../../../../arm-none-eabi/lib/thumb/v7e-m/fpv4-sp/hard\libc_nano.a(lib_a-impure.o)
 .data.impure_data
                0x0000000000000000       0x60 c:/st/stm32cubeide_1.4.0/stm32cubeide/plugins/com.st.stm32cube.ide.mcu.externaltools.gnu-tools-for-stm32.7-2018-q2-update.win32_1.4.0.202007081208/tools/bin/../lib/gcc/arm-none-eabi/7.3.1/../../../../arm-none-eabi/lib/thumb/v7e-m/fpv4-sp/hard\libc_nano.a(lib_a-impure.o)
 .rodata._global_impure_ptr
                0x0000000000000000        0x4 c:/st/stm32cubeide_1.4.0/stm32cubeide/plugins/com.st.stm32cube.ide.mcu.externaltools.gnu-tools-for-stm32.7-2018-q2-update.win32_1.4.0.202007081208/tools/bin/../lib/gcc/arm-none-eabi/7.3.1/../../../../arm-none-eabi/lib/thumb/v7e-m/fpv4-sp/hard\libc_nano.a(lib_a-impure.o)
 .ARM.attributes
                0x0000000000000000       0x34 c:/st/stm32cubeide_1.4.0/stm32cubeide/plugins/com.st.stm32cube.ide.mcu.externaltools.gnu-tools-for-stm32.7-2018-q2-update.win32_1.4.0.202007081208/tools/bin/../lib/gcc/arm-none-eabi/7.3.1/../../../../arm-none-eabi/lib/thumb/v7e-m/fpv4-sp/hard\libc_nano.a(lib_a-impure.o)
 .text          0x0000000000000000        0x0 c:/st/stm32cubeide_1.4.0/stm32cubeide/plugins/com.st.stm32cube.ide.mcu.externaltools.gnu-tools-for-stm32.7-2018-q2-update.win32_1.4.0.202007081208/tools/bin/../lib/gcc/arm-none-eabi/7.3.1/../../../../arm-none-eabi/lib/thumb/v7e-m/fpv4-sp/hard\libc_nano.a(lib_a-init.o)
 .data          0x0000000000000000        0x0 c:/st/stm32cubeide_1.4.0/stm32cubeide/plugins/com.st.stm32cube.ide.mcu.externaltools.gnu-tools-for-stm32.7-2018-q2-update.win32_1.4.0.202007081208/tools/bin/../lib/gcc/arm-none-eabi/7.3.1/../../../../arm-none-eabi/lib/thumb/v7e-m/fpv4-sp/hard\libc_nano.a(lib_a-init.o)
 .bss           0x0000000000000000        0x0 c:/st/stm32cubeide_1.4.0/stm32cubeide/plugins/com.st.stm32cube.ide.mcu.externaltools.gnu-tools-for-stm32.7-2018-q2-update.win32_1.4.0.202007081208/tools/bin/../lib/gcc/arm-none-eabi/7.3.1/../../../../arm-none-eabi/lib/thumb/v7e-m/fpv4-sp/hard\libc_nano.a(lib_a-init.o)
 .text          0x0000000000000000        0x0 c:/st/stm32cubeide_1.4.0/stm32cubeide/plugins/com.st.stm32cube.ide.mcu.externaltools.gnu-tools-for-stm32.7-2018-q2-update.win32_1.4.0.202007081208/tools/bin/../lib/gcc/arm-none-eabi/7.3.1/../../../../arm-none-eabi/lib/thumb/v7e-m/fpv4-sp/hard\libc_nano.a(lib_a-memset.o)
 .data          0x0000000000000000        0x0 c:/st/stm32cubeide_1.4.0/stm32cubeide/plugins/com.st.stm32cube.ide.mcu.externaltools.gnu-tools-for-stm32.7-2018-q2-update.win32_1.4.0.202007081208/tools/bin/../lib/gcc/arm-none-eabi/7.3.1/../../../../arm-none-eabi/lib/thumb/v7e-m/fpv4-sp/hard\libc_nano.a(lib_a-memset.o)
 .bss           0x0000000000000000        0x0 c:/st/stm32cubeide_1.4.0/stm32cubeide/plugins/com.st.stm32cube.ide.mcu.externaltools.gnu-tools-for-stm32.7-2018-q2-update.win32_1.4.0.202007081208/tools/bin/../lib/gcc/arm-none-eabi/7.3.1/../../../../arm-none-eabi/lib/thumb/v7e-m/fpv4-sp/hard\libc_nano.a(lib_a-memset.o)
 .text.memset   0x0000000000000000       0x10 c:/st/stm32cubeide_1.4.0/stm32cubeide/plugins/com.st.stm32cube.ide.mcu.externaltools.gnu-tools-for-stm32.7-2018-q2-update.win32_1.4.0.202007081208/tools/bin/../lib/gcc/arm-none-eabi/7.3.1/../../../../arm-none-eabi/lib/thumb/v7e-m/fpv4-sp/hard\libc_nano.a(lib_a-memset.o)
 .debug_frame   0x0000000000000000       0x20 c:/st/stm32cubeide_1.4.0/stm32cubeide/plugins/com.st.stm32cube.ide.mcu.externaltools.gnu-tools-for-stm32.7-2018-q2-update.win32_1.4.0.202007081208/tools/bin/../lib/gcc/arm-none-eabi/7.3.1/../../../../arm-none-eabi/lib/thumb/v7e-m/fpv4-sp/hard\libc_nano.a(lib_a-memset.o)
 .ARM.attributes
                0x0000000000000000       0x34 c:/st/stm32cubeide_1.4.0/stm32cubeide/plugins/com.st.stm32cube.ide.mcu.externaltools.gnu-tools-for-stm32.7-2018-q2-update.win32_1.4.0.202007081208/tools/bin/../lib/gcc/arm-none-eabi/7.3.1/../../../../arm-none-eabi/lib/thumb/v7e-m/fpv4-sp/hard\libc_nano.a(lib_a-memset.o)
 .text          0x0000000000000000        0x0 c:/st/stm32cubeide_1.4.0/stm32cubeide/plugins/com.st.stm32cube.ide.mcu.externaltools.gnu-tools-for-stm32.7-2018-q2-update.win32_1.4.0.202007081208/tools/bin/../lib/gcc/arm-none-eabi/7.3.1/thumb/v7e-m/fpv4-sp/hard/crtend.o
 .data          0x0000000000000000        0x0 c:/st/stm32cubeide_1.4.0/stm32cubeide/plugins/com.st.stm32cube.ide.mcu.externaltools.gnu-tools-for-stm32.7-2018-q2-update.win32_1.4.0.202007081208/tools/bin/../lib/gcc/arm-none-eabi/7.3.1/thumb/v7e-m/fpv4-sp/hard/crtend.o
 .bss           0x0000000000000000        0x0 c:/st/stm32cubeide_1.4.0/stm32cubeide/plugins/com.st.stm32cube.ide.mcu.externaltools.gnu-tools-for-stm32.7-2018-q2-update.win32_1.4.0.202007081208/tools/bin/../lib/gcc/arm-none-eabi/7.3.1/thumb/v7e-m/fpv4-sp/hard/crtend.o
 .eh_frame      0x0000000000000000        0x4 c:/st/stm32cubeide_1.4.0/stm32cubeide/plugins/com.st.stm32cube.ide.mcu.externaltools.gnu-tools-for-stm32.7-2018-q2-update.win32_1.4.0.202007081208/tools/bin/../lib/gcc/arm-none-eabi/7.3.1/thumb/v7e-m/fpv4-sp/hard/crtend.o
 .ARM.attributes
                0x0000000000000000       0x34 c:/st/stm32cubeide_1.4.0/stm32cubeide/plugins/com.st.stm32cube.ide.mcu.externaltools.gnu-tools-for-stm32.7-2018-q2-update.win32_1.4.0.202007081208/tools/bin/../lib/gcc/arm-none-eabi/7.3.1/thumb/v7e-m/fpv4-sp/hard/crtend.o
 .text          0x0000000000000000        0x0 c:/st/stm32cubeide_1.4.0/stm32cubeide/plugins/com.st.stm32cube.ide.mcu.externaltools.gnu-tools-for-stm32.7-2018-q2-update.win32_1.4.0.202007081208/tools/bin/../lib/gcc/arm-none-eabi/7.3.1/thumb/v7e-m/fpv4-sp/hard/crtn.o
 .data          0x0000000000000000        0x0 c:/st/stm32cubeide_1.4.0/stm32cubeide/plugins/com.st.stm32cube.ide.mcu.externaltools.gnu-tools-for-stm32.7-2018-q2-update.win32_1.4.0.202007081208/tools/bin/../lib/gcc/arm-none-eabi/7.3.1/thumb/v7e-m/fpv4-sp/hard/crtn.o
 .bss           0x0000000000000000        0x0 c:/st/stm32cubeide_1.4.0/stm32cubeide/plugins/com.st.stm32cube.ide.mcu.externaltools.gnu-tools-for-stm32.7-2018-q2-update.win32_1.4.0.202007081208/tools/bin/../lib/gcc/arm-none-eabi/7.3.1/thumb/v7e-m/fpv4-sp/hard/crtn.o

Memory Configuration

Name             Origin             Length             Attributes
CCMRAM           0x0000000010000000 0x0000000000004000 xrw
RAM              0x0000000020000000 0x0000000000010000 xrw
FLASH            0x0000000008000000 0x0000000000080000 xr
*default*        0x0000000000000000 0xffffffffffffffff

Linker script and memory map

LOAD c:/st/stm32cubeide_1.4.0/stm32cubeide/plugins/com.st.stm32cube.ide.mcu.externaltools.gnu-tools-for-stm32.7-2018-q2-update.win32_1.4.0.202007081208/tools/bin/../lib/gcc/arm-none-eabi/7.3.1/thumb/v7e-m/fpv4-sp/hard/crti.o
LOAD c:/st/stm32cubeide_1.4.0/stm32cubeide/plugins/com.st.stm32cube.ide.mcu.externaltools.gnu-tools-for-stm32.7-2018-q2-update.win32_1.4.0.202007081208/tools/bin/../lib/gcc/arm-none-eabi/7.3.1/thumb/v7e-m/fpv4-sp/hard/crtbegin.o
LOAD c:/st/stm32cubeide_1.4.0/stm32cubeide/plugins/com.st.stm32cube.ide.mcu.externaltools.gnu-tools-for-stm32.7-2018-q2-update.win32_1.4.0.202007081208/tools/bin/../lib/gcc/arm-none-eabi/7.3.1/../../../../arm-none-eabi/lib/thumb/v7e-m/fpv4-sp/hard/crt0.o
LOAD Src/HAL/BUTTON/Src/BUTTON.o
LOAD Src/HAL/Motor/src/motor.o
LOAD Src/HAL/UltraSonic/Src/ultrasonic.o
LOAD Src/HAL/UltraSonic/Src/ultrasonic_cfg.o
LOAD Src/MCAL/ADC/Src/adc.o
LOAD Src/MCAL/EXTI/Src/EXTI.o
LOAD Src/MCAL/ICU/Src/icu.o
LOAD Src/MCAL/NVIC/Src/NVIC.o
LOAD Src/MCAL/PWM/Src/pwm.o
LOAD Src/MCAL/SCB/Src/SCB.o
LOAD Src/MCAL/dio/src/dio.o
LOAD Src/MCAL/rcc/src/rcc.o
LOAD Src/MCAL/systick/sysTick.o
LOAD Src/main.o
LOAD Src/syscalls.o
LOAD Src/sysmem.o
LOAD Startup/startup_stm32f303retx.o
START GROUP
LOAD c:/st/stm32cubeide_1.4.0/stm32cubeide/plugins/com.st.stm32cube.ide.mcu.externaltools.gnu-tools-for-stm32.7-2018-q2-update.win32_1.4.0.202007081208/tools/bin/../lib/gcc/arm-none-eabi/7.3.1/../../../../arm-none-eabi/lib/thumb/v7e-m/fpv4-sp/hard\libc_nano.a
LOAD c:/st/stm32cubeide_1.4.0/stm32cubeide/plugins/com.st.stm32cube.ide.mcu.externaltools.gnu-tools-for-stm32.7-2018-q2-update.win32_1.4.0.202007081208/tools/bin/../lib/gcc/arm-none-eabi/7.3.1/../../../../arm-none-eabi/lib/thumb/v7e-m/fpv4-sp/hard\libm.a
END GROUP
START GROUP
LOAD c:/st/stm32cubeide_1.4.0/stm32cubeide/plugins/com.st.stm32cube.ide.mcu.externaltools.gnu-tools-for-stm32.7-2018-q2-update.win32_1.4.0.202007081208/tools/bin/../lib/gcc/arm-none-eabi/7.3.1/thumb/v7e-m/fpv4-sp/hard\libgcc.a
LOAD c:/st/stm32cubeide_1.4.0/stm32cubeide/plugins/com.st.stm32cube.ide.mcu.externaltools.gnu-tools-for-stm32.7-2018-q2-update.win32_1.4.0.202007081208/tools/bin/../lib/gcc/arm-none-eabi/7.3.1/../../../../arm-none-eabi/lib/thumb/v7e-m/fpv4-sp/hard\libc_nano.a
END GROUP
START GROUP
LOAD c:/st/stm32cubeide_1.4.0/stm32cubeide/plugins/com.st.stm32cube.ide.mcu.externaltools.gnu-tools-for-stm32.7-2018-q2-update.win32_1.4.0.202007081208/tools/bin/../lib/gcc/arm-none-eabi/7.3.1/thumb/v7e-m/fpv4-sp/hard\libgcc.a
LOAD c:/st/stm32cubeide_1.4.0/stm32cubeide/plugins/com.st.stm32cube.ide.mcu.externaltools.gnu-tools-for-stm32.7-2018-q2-update.win32_1.4.0.202007081208/tools/bin/../lib/gcc/arm-none-eabi/7.3.1/../../../../arm-none-eabi/lib/thumb/v7e-m/fpv4-sp/hard\libc_nano.a
LOAD c:/st/stm32cubeide_1.4.0/stm32cubeide/plugins/com.st.stm32cube.ide.mcu.externaltools.gnu-tools-for-stm32.7-2018-q2-update.win32_1.4.0.202007081208/tools/bin/../lib/gcc/arm-none-eabi/7.3.1/../../../../arm-none-eabi/lib/thumb/v7e-m/fpv4-sp/hard\libnosys.a
END GROUP
START GROUP
LOAD c:/st/stm32cubeide_1.4.0/stm32cubeide/plugins/com.st.stm32cube.ide.mcu.externaltools.gnu-tools-for-stm32.7-2018-q2-update.win32_1.4.0.202007081208/tools/bin/../lib/gcc/arm-none-eabi/7.3.1/thumb/v7e-m/fpv4-sp/hard\libgcc.a
LOAD c:/st/stm32cubeide_1.4.0/stm32cubeide/plugins/com.st.stm32cube.ide.mcu.externaltools.gnu-tools-for-stm32.7-2018-q2-update.win32_1.4.0.202007081208/tools/bin/../lib/gcc/arm-none-eabi/7.3.1/../../../../arm-none-eabi/lib/thumb/v7e-m/fpv4-sp/hard\libc_nano.a
LOAD c:/st/stm32cubeide_1.4.0/stm32cubeide/plugins/com.st.stm32cube.ide.mcu.externaltools.gnu-tools-for-stm32.7-2018-q2-update.win32_1.4.0.202007081208/tools/bin/../lib/gcc/arm-none-eabi/7.3.1/../../../../arm-none-eabi/lib/thumb/v7e-m/fpv4-sp/hard\libnosys.a
END GROUP
LOAD c:/st/stm32cubeide_1.4.0/stm32cubeide/plugins/com.st.stm32cube.ide.mcu.externaltools.gnu-tools-for-stm32.7-2018-q2-update.win32_1.4.0.202007081208/tools/bin/../lib/gcc/arm-none-eabi/7.3.1/thumb/v7e-m/fpv4-sp/hard/crtend.o
LOAD c:/st/stm32cubeide_1.4.0/stm32cubeide/plugins/com.st.stm32cube.ide.mcu.externaltools.gnu-tools-for-stm32.7-2018-q2-update.win32_1.4.0.202007081208/tools/bin/../lib/gcc/arm-none-eabi/7.3.1/thumb/v7e-m/fpv4-sp/hard/crtn.o
                0x0000000020010000                _estack = (ORIGIN (RAM) + LENGTH (RAM))
                0x0000000000000200                _Min_Heap_Size = 0x200
                0x0000000000000400                _Min_Stack_Size = 0x400

.isr_vector     0x0000000008000000      0x194
                0x0000000008000000                . = ALIGN (0x4)
 *(.isr_vector)
 .isr_vector    0x0000000008000000      0x194 Startup/startup_stm32f303retx.o
                0x0000000008000000                g_pfnVectors
                0x0000000008000194                . = ALIGN (0x4)

.text           0x0000000008000194      0xb3c
                0x0000000008000194                . = ALIGN (0x4)
 *(.text)
 .text          0x0000000008000194       0x40 c:/st/stm32cubeide_1.4.0/stm32cubeide/plugins/com.st.stm32cube.ide.mcu.externaltools.gnu-tools-for-stm32.7-2018-q2-update.win32_1.4.0.202007081208/tools/bin/../lib/gcc/arm-none-eabi/7.3.1/thumb/v7e-m/fpv4-sp/hard/crtbegin.o
 *(.text*)
 .text.ICU_INT_CheckStatus
                0x00000000080001d4      0x108 Src/MCAL/ICU/Src/icu.o
                0x00000000080001d4                ICU_INT_CheckStatus
 .text.TIM8_CC_IRQHandler
                0x00000000080002dc       0x8c Src/MCAL/ICU/Src/icu.o
                0x00000000080002dc                TIM8_CC_IRQHandler
 .text.TIM1_CC_IRQHandler
                0x0000000008000368       0x8c Src/MCAL/ICU/Src/icu.o
                0x0000000008000368                TIM1_CC_IRQHandler
 .text.PWM_Init
                0x00000000080003f4       0x74 Src/MCAL/PWM/Src/pwm.o
                0x00000000080003f4                PWM_Init
 .text.PWM_Start
                0x0000000008000468       0x94 Src/MCAL/PWM/Src/pwm.o
                0x0000000008000468                PWM_Start
 .text.DIO_setupPinMode
                0x00000000080004fc      0x1b8 Src/MCAL/dio/src/dio.o
                0x00000000080004fc                DIO_setupPinMode
 .text.DIO_setAlternateFunction
                0x00000000080006b4      0x358 Src/MCAL/dio/src/dio.o
                0x00000000080006b4                DIO_setAlternateFunction
 .text.rcc_setSystemClk
                0x0000000008000a0c       0xa8 Src/MCAL/rcc/src/rcc.o
                0x0000000008000a0c                rcc_setSystemClk
 .text.rcc_enablePeriClk
                0x0000000008000ab4       0x7c Src/MCAL/rcc/src/rcc.o
                0x0000000008000ab4                rcc_enablePeriClk
 .text.SysTick_Handler
                0x0000000008000b30       0x1c Src/MCAL/systick/sysTick.o
                0x0000000008000b30                SysTick_Handler
 .text.sysTick_init
                0x0000000008000b4c       0x58 Src/MCAL/systick/sysTick.o
                0x0000000008000b4c                sysTick_init
 .text.main     0x0000000008000ba4       0x76 Src/main.o
                0x0000000008000ba4                main
 *fill*         0x0000000008000c1a        0x2 
 .text.Reset_Handler
                0x0000000008000c1c       0x50 Startup/startup_stm32f303retx.o
                0x0000000008000c1c                Reset_Handler
 .text.Default_Handler
                0x0000000008000c6c        0x2 Startup/startup_stm32f303retx.o
                0x0000000008000c6c                TIM8_TRG_COM_IRQHandler
                0x0000000008000c6c                DebugMon_Handler
                0x0000000008000c6c                DMA1_CH4_IRQHandler
                0x0000000008000c6c                SPI4_IRQHandler
                0x0000000008000c6c                HardFault_Handler
                0x0000000008000c6c                USB_HP_IRQHandler
                0x0000000008000c6c                I2C2_EV_EXTI24_IRQHandler
                0x0000000008000c6c                USB_WKUP_EXTI_IRQHandler
                0x0000000008000c6c                PVD_IRQHandler
                0x0000000008000c6c                UART4_EXTI34_IRQHandler
                0x0000000008000c6c                TAMP_STAMP_IRQHandler
                0x0000000008000c6c                PendSV_Handler
                0x0000000008000c6c                NMI_Handler
                0x0000000008000c6c                EXTI3_IRQHandler
                0x0000000008000c6c                I2C3_ER_IRQHandler
                0x0000000008000c6c                TIM6_DACUNDER_IRQHandler
                0x0000000008000c6c                USB_HP_CAN_TX_IRQHandler
                0x0000000008000c6c                EXTI0_IRQHandler
                0x0000000008000c6c                DMA2_CH1_IRQHandler
                0x0000000008000c6c                FPU_IRQHandler
                0x0000000008000c6c                TIM1_UP_TIM16_IRQHandler
                0x0000000008000c6c                UsageFault_Handler
                0x0000000008000c6c                ADC1_2_IRQHandler
                0x0000000008000c6c                SPI1_IRQHandler
                0x0000000008000c6c                CAN_SCE_IRQHandler
                0x0000000008000c6c                DMA1_CH7_IRQHandler
                0x0000000008000c6c                TIM8_UP_IRQHandler
                0x0000000008000c6c                COMP456_IRQHandler
                0x0000000008000c6c                DMA1_CH6_IRQHandler
                0x0000000008000c6c                TIM20_TRG_COM_IRQHandler
                0x0000000008000c6c                ADC3_IRQHandler
                0x0000000008000c6c                TIM4_IRQHandler
                0x0000000008000c6c                CAN_RX1_IRQHandler
                0x0000000008000c6c                USART1_EXTI25_IRQHandler
                0x0000000008000c6c                DMA2_CH5_IRQHandler
                0x0000000008000c6c                I2C1_EV_EXTI23_IRQHandler
                0x0000000008000c6c                DMA1_CH3_IRQHandler
                0x0000000008000c6c                TIM3_IRQHandler
                0x0000000008000c6c                RCC_IRQHandler
                0x0000000008000c6c                TIM20_UP_IRQHandler
                0x0000000008000c6c                Default_Handler
                0x0000000008000c6c                EXTI15_10_IRQHandler
                0x0000000008000c6c                USART2_EXTI26_IRQHandler
                0x0000000008000c6c                USART3_EXTI28_IRQHandler
                0x0000000008000c6c                TIM7_IRQHandler
                0x0000000008000c6c                I2C3_EV_IRQHandler
                0x0000000008000c6c                EXTI9_5_IRQHandler
                0x0000000008000c6c                DMA1_CH2_IRQHandler
                0x0000000008000c6c                RTC_WKUP_IRQHandler
                0x0000000008000c6c                SPI2_IRQHandler
                0x0000000008000c6c                DMA1_CH1_IRQHandler
                0x0000000008000c6c                USB_LP_CAN_RX0_IRQHandler
                0x0000000008000c6c                MemManage_Handler
                0x0000000008000c6c                COMP123_IRQHandler
                0x0000000008000c6c                SVC_Handler
                0x0000000008000c6c                USB_LP_IRQHandler
                0x0000000008000c6c                EXTI4_IRQHandler
                0x0000000008000c6c                TIM1_TRG_COM_TIM17_IRQHandler
                0x0000000008000c6c                ADC4_IRQHandler
                0x0000000008000c6c                WWDG_IRQHandler
                0x0000000008000c6c                TIM2_IRQHandler
                0x0000000008000c6c                COMP7_IRQHandler
                0x0000000008000c6c                EXTI1_IRQHandler
                0x0000000008000c6c                RTCAlarm_IRQHandler
                0x0000000008000c6c                UART5_EXTI35_IRQHandler
                0x0000000008000c6c                TIM20_BRK_IRQHandler
                0x0000000008000c6c                I2C2_ER_IRQHandler
                0x0000000008000c6c                TIM8_BRK_IRQHandler
                0x0000000008000c6c                FLASH_IRQHandler
                0x0000000008000c6c                TIM20_CC_IRQHandler
                0x0000000008000c6c                BusFault_Handler
                0x0000000008000c6c                SPI3_IRQHandler
                0x0000000008000c6c                DMA2_CH3_IRQHandler
                0x0000000008000c6c                DMA2_CH2_IRQHandler
                0x0000000008000c6c                I2C1_ER_IRQHandler
                0x0000000008000c6c                FMC_IRQHandler
                0x0000000008000c6c                DMA1_CH5_IRQHandler
                0x0000000008000c6c                DMA2_CH4_IRQHandler
                0x0000000008000c6c                USB_WKUP_IRQHandler
                0x0000000008000c6c                EXTI2_TSC_IRQHandler
                0x0000000008000c6c                TIM1_BRK_TIM15_IRQHandler
 *fill*         0x0000000008000c6e        0x2 
 .text.__libc_init_array
                0x0000000008000c70       0x48 c:/st/stm32cubeide_1.4.0/stm32cubeide/plugins/com.st.stm32cube.ide.mcu.externaltools.gnu-tools-for-stm32.7-2018-q2-update.win32_1.4.0.202007081208/tools/bin/../lib/gcc/arm-none-eabi/7.3.1/../../../../arm-none-eabi/lib/thumb/v7e-m/fpv4-sp/hard\libc_nano.a(lib_a-init.o)
                0x0000000008000c70                __libc_init_array
 *(.glue_7)
 .glue_7        0x0000000008000cb8        0x0 linker stubs
 *(.glue_7t)
 .glue_7t       0x0000000008000cb8        0x0 linker stubs
 *(.eh_frame)
 .eh_frame      0x0000000008000cb8        0x0 c:/st/stm32cubeide_1.4.0/stm32cubeide/plugins/com.st.stm32cube.ide.mcu.externaltools.gnu-tools-for-stm32.7-2018-q2-update.win32_1.4.0.202007081208/tools/bin/../lib/gcc/arm-none-eabi/7.3.1/thumb/v7e-m/fpv4-sp/hard/crtbegin.o
 *(.init)
 .init          0x0000000008000cb8        0x4 c:/st/stm32cubeide_1.4.0/stm32cubeide/plugins/com.st.stm32cube.ide.mcu.externaltools.gnu-tools-for-stm32.7-2018-q2-update.win32_1.4.0.202007081208/tools/bin/../lib/gcc/arm-none-eabi/7.3.1/thumb/v7e-m/fpv4-sp/hard/crti.o
                0x0000000008000cb8                _init
 .init          0x0000000008000cbc        0x8 c:/st/stm32cubeide_1.4.0/stm32cubeide/plugins/com.st.stm32cube.ide.mcu.externaltools.gnu-tools-for-stm32.7-2018-q2-update.win32_1.4.0.202007081208/tools/bin/../lib/gcc/arm-none-eabi/7.3.1/thumb/v7e-m/fpv4-sp/hard/crtn.o
 *(.fini)
 .fini          0x0000000008000cc4        0x4 c:/st/stm32cubeide_1.4.0/stm32cubeide/plugins/com.st.stm32cube.ide.mcu.externaltools.gnu-tools-for-stm32.7-2018-q2-update.win32_1.4.0.202007081208/tools/bin/../lib/gcc/arm-none-eabi/7.3.1/thumb/v7e-m/fpv4-sp/hard/crti.o
                0x0000000008000cc4                _fini
 .fini          0x0000000008000cc8        0x8 c:/st/stm32cubeide_1.4.0/stm32cubeide/plugins/com.st.stm32cube.ide.mcu.externaltools.gnu-tools-for-stm32.7-2018-q2-update.win32_1.4.0.202007081208/tools/bin/../lib/gcc/arm-none-eabi/7.3.1/thumb/v7e-m/fpv4-sp/hard/crtn.o
                0x0000000008000cd0                . = ALIGN (0x4)
                0x0000000008000cd0                _etext = .

.vfp11_veneer   0x0000000008000cd0        0x0
 .vfp11_veneer  0x0000000008000cd0        0x0 linker stubs

.v4_bx          0x0000000008000cd0        0x0
 .v4_bx         0x0000000008000cd0        0x0 linker stubs

.iplt           0x0000000008000cd0        0x0
 .iplt          0x0000000008000cd0        0x0 c:/st/stm32cubeide_1.4.0/stm32cubeide/plugins/com.st.stm32cube.ide.mcu.externaltools.gnu-tools-for-stm32.7-2018-q2-update.win32_1.4.0.202007081208/tools/bin/../lib/gcc/arm-none-eabi/7.3.1/thumb/v7e-m/fpv4-sp/hard/crtbegin.o

.rel.dyn        0x0000000008000cd0        0x0
 .rel.iplt      0x0000000008000cd0        0x0 c:/st/stm32cubeide_1.4.0/stm32cubeide/plugins/com.st.stm32cube.ide.mcu.externaltools.gnu-tools-for-stm32.7-2018-q2-update.win32_1.4.0.202007081208/tools/bin/../lib/gcc/arm-none-eabi/7.3.1/thumb/v7e-m/fpv4-sp/hard/crtbegin.o

.rodata         0x0000000008000cd0        0x0
                0x0000000008000cd0                . = ALIGN (0x4)
 *(.rodata)
 *(.rodata*)
                0x0000000008000cd0                . = ALIGN (0x4)

.ARM.extab      0x0000000008000cd0        0x0
                0x0000000008000cd0                . = ALIGN (0x4)
 *(.ARM.extab* .gnu.linkonce.armextab.*)
                0x0000000008000cd0                . = ALIGN (0x4)

.ARM            0x0000000008000cd0        0x0
                0x0000000008000cd0                . = ALIGN (0x4)
                0x0000000008000cd0                __exidx_start = .
 *(.ARM.exidx*)
                0x0000000008000cd0                __exidx_end = .
                0x0000000008000cd0                . = ALIGN (0x4)

.preinit_array  0x0000000008000cd0        0x0
                0x0000000008000cd0                . = ALIGN (0x4)
                0x0000000008000cd0                PROVIDE (__preinit_array_start = .)
 *(.preinit_array*)
                0x0000000008000cd0                PROVIDE (__preinit_array_end = .)
                0x0000000008000cd0                . = ALIGN (0x4)

.init_array     0x0000000008000cd0        0x4
                0x0000000008000cd0                . = ALIGN (0x4)
                0x0000000008000cd0                PROVIDE (__init_array_start = .)
 *(SORT_BY_NAME(.init_array.*))
 *(.init_array*)
 .init_array    0x0000000008000cd0        0x4 c:/st/stm32cubeide_1.4.0/stm32cubeide/plugins/com.st.stm32cube.ide.mcu.externaltools.gnu-tools-for-stm32.7-2018-q2-update.win32_1.4.0.202007081208/tools/bin/../lib/gcc/arm-none-eabi/7.3.1/thumb/v7e-m/fpv4-sp/hard/crtbegin.o
                0x0000000008000cd4                PROVIDE (__init_array_end = .)
                0x0000000008000cd4                . = ALIGN (0x4)

.fini_array     0x0000000008000cd4        0x4
                0x0000000008000cd4                . = ALIGN (0x4)
                [!provide]                        PROVIDE (__fini_array_start = .)
 *(SORT_BY_NAME(.fini_array.*))
 *(.fini_array*)
 .fini_array    0x0000000008000cd4        0x4 c:/st/stm32cubeide_1.4.0/stm32cubeide/plugins/com.st.stm32cube.ide.mcu.externaltools.gnu-tools-for-stm32.7-2018-q2-update.win32_1.4.0.202007081208/tools/bin/../lib/gcc/arm-none-eabi/7.3.1/thumb/v7e-m/fpv4-sp/hard/crtbegin.o
                [!provide]                        PROVIDE (__fini_array_end = .)
                0x0000000008000cd8                . = ALIGN (0x4)
                0x0000000008000cd8                _sidata = LOADADDR (.data)

.data           0x0000000020000000       0x1c load address 0x0000000008000cd8
                0x0000000020000000                . = ALIGN (0x4)
                0x0000000020000000                _sdata = .
 *(.data)
 *(.data*)
 .data.Channel_1_CLB_Ptr
                0x0000000020000000        0x4 Src/MCAL/ICU/Src/icu.o
 .data.Channel_2_CLB_Ptr
                0x0000000020000004        0x4 Src/MCAL/ICU/Src/icu.o
 .data.Channel_3_CLB_Ptr
                0x0000000020000008        0x4 Src/MCAL/ICU/Src/icu.o
 .data.Channel_4_CLB_Ptr
                0x000000002000000c        0x4 Src/MCAL/ICU/Src/icu.o
 .data.Channel_5_CLB_Ptr
                0x0000000020000010        0x4 Src/MCAL/ICU/Src/icu.o
 .data.Channel_6_CLB_Ptr
                0x0000000020000014        0x4 Src/MCAL/ICU/Src/icu.o
 .data.g_callBackPtr
                0x0000000020000018        0x4 Src/MCAL/systick/sysTick.o
 *(.RamFunc)
 *(.RamFunc*)
                0x000000002000001c                . = ALIGN (0x4)
                0x000000002000001c                _edata = .
                0x0000000008000cf4                _siccmram = LOADADDR (.ccmram)

.igot.plt       0x000000002000001c        0x0 load address 0x0000000008000cf4
 .igot.plt      0x000000002000001c        0x0 c:/st/stm32cubeide_1.4.0/stm32cubeide/plugins/com.st.stm32cube.ide.mcu.externaltools.gnu-tools-for-stm32.7-2018-q2-update.win32_1.4.0.202007081208/tools/bin/../lib/gcc/arm-none-eabi/7.3.1/thumb/v7e-m/fpv4-sp/hard/crtbegin.o

.ccmram         0x0000000010000000        0x0 load address 0x0000000008000cf4
                0x0000000010000000                . = ALIGN (0x4)
                0x0000000010000000                _sccmram = .
 *(.ccmram)
 *(.ccmram*)
                0x0000000010000000                . = ALIGN (0x4)
                0x0000000010000000                _eccmram = .
                0x0000000010000000                . = ALIGN (0x4)

.bss            0x000000002000001c       0x1c
                0x000000002000001c                _sbss = .
                0x000000002000001c                __bss_start__ = _sbss
 *(.bss)
 .bss           0x000000002000001c       0x1c c:/st/stm32cubeide_1.4.0/stm32cubeide/plugins/com.st.stm32cube.ide.mcu.externaltools.gnu-tools-for-stm32.7-2018-q2-update.win32_1.4.0.202007081208/tools/bin/../lib/gcc/arm-none-eabi/7.3.1/thumb/v7e-m/fpv4-sp/hard/crtbegin.o
 *(.bss*)
 *(COMMON)
                0x0000000020000038                . = ALIGN (0x4)
                0x0000000020000038                _ebss = .
                0x0000000020000038                __bss_end__ = _ebss

._user_heap_stack
                0x0000000020000038      0x600
                0x0000000020000038                . = ALIGN (0x8)
                [!provide]                        PROVIDE (end = .)
                0x0000000020000038                PROVIDE (_end = .)
                0x0000000020000238                . = (. + _Min_Heap_Size)
 *fill*         0x0000000020000038      0x200 
                0x0000000020000638                . = (. + _Min_Stack_Size)
 *fill*         0x0000000020000238      0x400 
                0x0000000020000638                . = ALIGN (0x8)

/DISCARD/
 libc.a(*)
 libm.a(*)
 libgcc.a(*)

.ARM.attributes
                0x0000000000000000       0x30
 *(.ARM.attributes)
 .ARM.attributes
                0x0000000000000000       0x22 c:/st/stm32cubeide_1.4.0/stm32cubeide/plugins/com.st.stm32cube.ide.mcu.externaltools.gnu-tools-for-stm32.7-2018-q2-update.win32_1.4.0.202007081208/tools/bin/../lib/gcc/arm-none-eabi/7.3.1/thumb/v7e-m/fpv4-sp/hard/crti.o
 .ARM.attributes
                0x0000000000000022       0x34 c:/st/stm32cubeide_1.4.0/stm32cubeide/plugins/com.st.stm32cube.ide.mcu.externaltools.gnu-tools-for-stm32.7-2018-q2-update.win32_1.4.0.202007081208/tools/bin/../lib/gcc/arm-none-eabi/7.3.1/thumb/v7e-m/fpv4-sp/hard/crtbegin.o
 .ARM.attributes
                0x0000000000000056       0x39 Src/MCAL/ICU/Src/icu.o
 .ARM.attributes
                0x000000000000008f       0x39 Src/MCAL/PWM/Src/pwm.o
 .ARM.attributes
                0x00000000000000c8       0x39 Src/MCAL/dio/src/dio.o
 .ARM.attributes
                0x0000000000000101       0x39 Src/MCAL/rcc/src/rcc.o
 .ARM.attributes
                0x000000000000013a       0x39 Src/MCAL/systick/sysTick.o
 .ARM.attributes
                0x0000000000000173       0x39 Src/main.o
 .ARM.attributes
                0x00000000000001ac       0x21 Startup/startup_stm32f303retx.o
 .ARM.attributes
                0x00000000000001cd       0x34 c:/st/stm32cubeide_1.4.0/stm32cubeide/plugins/com.st.stm32cube.ide.mcu.externaltools.gnu-tools-for-stm32.7-2018-q2-update.win32_1.4.0.202007081208/tools/bin/../lib/gcc/arm-none-eabi/7.3.1/../../../../arm-none-eabi/lib/thumb/v7e-m/fpv4-sp/hard\libc_nano.a(lib_a-init.o)
 .ARM.attributes
                0x0000000000000201       0x22 c:/st/stm32cubeide_1.4.0/stm32cubeide/plugins/com.st.stm32cube.ide.mcu.externaltools.gnu-tools-for-stm32.7-2018-q2-update.win32_1.4.0.202007081208/tools/bin/../lib/gcc/arm-none-eabi/7.3.1/thumb/v7e-m/fpv4-sp/hard/crtn.o
OUTPUT(NTI_FinalProject.elf elf32-littlearm)

.debug_info     0x0000000000000000      0xd42
 .debug_info    0x0000000000000000      0x2e7 Src/MCAL/ICU/Src/icu.o
 .debug_info    0x00000000000002e7       0xdf Src/MCAL/PWM/Src/pwm.o
 .debug_info    0x00000000000003c6      0x445 Src/MCAL/dio/src/dio.o
 .debug_info    0x000000000000080b      0x151 Src/MCAL/rcc/src/rcc.o
 .debug_info    0x000000000000095c      0x142 Src/MCAL/systick/sysTick.o
 .debug_info    0x0000000000000a9e      0x282 Src/main.o
 .debug_info    0x0000000000000d20       0x22 Startup/startup_stm32f303retx.o

.debug_abbrev   0x0000000000000000      0x4c2
 .debug_abbrev  0x0000000000000000      0x122 Src/MCAL/ICU/Src/icu.o
 .debug_abbrev  0x0000000000000122       0x97 Src/MCAL/PWM/Src/pwm.o
 .debug_abbrev  0x00000000000001b9       0xf6 Src/MCAL/dio/src/dio.o
 .debug_abbrev  0x00000000000002af       0xa0 Src/MCAL/rcc/src/rcc.o
 .debug_abbrev  0x000000000000034f       0xcc Src/MCAL/systick/sysTick.o
 .debug_abbrev  0x000000000000041b       0x95 Src/main.o
 .debug_abbrev  0x00000000000004b0       0x12 Startup/startup_stm32f303retx.o

.debug_aranges  0x0000000000000000      0x180
 .debug_aranges
                0x0000000000000000       0x60 Src/MCAL/ICU/Src/icu.o
 .debug_aranges
                0x0000000000000060       0x28 Src/MCAL/PWM/Src/pwm.o
 .debug_aranges
                0x0000000000000088       0x48 Src/MCAL/dio/src/dio.o
 .debug_aranges
                0x00000000000000d0       0x30 Src/MCAL/rcc/src/rcc.o
 .debug_aranges
                0x0000000000000100       0x38 Src/MCAL/systick/sysTick.o
 .debug_aranges
                0x0000000000000138       0x20 Src/main.o
 .debug_aranges
                0x0000000000000158       0x28 Startup/startup_stm32f303retx.o

.debug_ranges   0x0000000000000000      0x118
 .debug_ranges  0x0000000000000000       0x50 Src/MCAL/ICU/Src/icu.o
 .debug_ranges  0x0000000000000050       0x18 Src/MCAL/PWM/Src/pwm.o
 .debug_ranges  0x0000000000000068       0x38 Src/MCAL/dio/src/dio.o
 .debug_ranges  0x00000000000000a0       0x20 Src/MCAL/rcc/src/rcc.o
 .debug_ranges  0x00000000000000c0       0x28 Src/MCAL/systick/sysTick.o
 .debug_ranges  0x00000000000000e8       0x10 Src/main.o
 .debug_ranges  0x00000000000000f8       0x20 Startup/startup_stm32f303retx.o

.debug_macro    0x0000000000000000      0x55a
 .debug_macro   0x0000000000000000       0x45 Src/MCAL/ICU/Src/icu.o
 .debug_macro   0x0000000000000045       0x36 Src/MCAL/PWM/Src/pwm.o
 .debug_macro   0x000000000000007b       0xa0 Src/MCAL/PWM/Src/pwm.o
 .debug_macro   0x000000000000011b       0x49 Src/MCAL/dio/src/dio.o
 .debug_macro   0x0000000000000164       0x53 Src/MCAL/rcc/src/rcc.o
 .debug_macro   0x00000000000001b7      0x1c0 Src/MCAL/rcc/src/rcc.o
 .debug_macro   0x0000000000000377       0x36 Src/MCAL/systick/sysTick.o
 .debug_macro   0x00000000000003ad       0xcb Src/main.o
 .debug_macro   0x0000000000000478       0xe2 Src/main.o

.debug_line     0x0000000000000000      0xb45
 .debug_line    0x0000000000000000      0x268 Src/MCAL/ICU/Src/icu.o
 .debug_line    0x0000000000000268      0x100 Src/MCAL/PWM/Src/pwm.o
 .debug_line    0x0000000000000368      0x244 Src/MCAL/dio/src/dio.o
 .debug_line    0x00000000000005ac      0x14a Src/MCAL/rcc/src/rcc.o
 .debug_line    0x00000000000006f6       0xf6 Src/MCAL/systick/sysTick.o
 .debug_line    0x00000000000007ec      0x2d5 Src/main.o
 .debug_line    0x0000000000000ac1       0x84 Startup/startup_stm32f303retx.o

.debug_str      0x0000000000000000     0x69d1
 .debug_str     0x0000000000000000     0x3b39 Src/MCAL/ICU/Src/icu.o
                                       0x3bc7 (size before relaxing)
 .debug_str     0x0000000000003b39      0x337 Src/MCAL/PWM/Src/pwm.o
                                       0x32d2 (size before relaxing)
 .debug_str     0x0000000000003e70     0x1d80 Src/MCAL/dio/src/dio.o
                                       0x4c9c (size before relaxing)
 .debug_str     0x0000000000005bf0      0x663 Src/MCAL/rcc/src/rcc.o
                                       0x350a (size before relaxing)
 .debug_str     0x0000000000006253      0x25d Src/MCAL/systick/sysTick.o
                                       0x311f (size before relaxing)
 .debug_str     0x00000000000064b0      0x4f0 Src/main.o
                                       0x665b (size before relaxing)
 .debug_str     0x00000000000069a0       0x31 Startup/startup_stm32f303retx.o
                                         0x5a (size before relaxing)

.comment        0x0000000000000000       0x7b
 .comment       0x0000000000000000       0x7b Src/MCAL/ICU/Src/icu.o
                                         0x7c (size before relaxing)
 .comment       0x000000000000007b       0x7c Src/MCAL/PWM/Src/pwm.o
 .comment       0x000000000000007b       0x7c Src/MCAL/dio/src/dio.o
 .comment       0x000000000000007b       0x7c Src/MCAL/rcc/src/rcc.o
 .comment       0x000000000000007b       0x7c Src/MCAL/systick/sysTick.o
 .comment       0x000000000000007b       0x7c Src/main.o

.debug_frame    0x0000000000000000      0x430
 .debug_frame   0x0000000000000000      0x158 Src/MCAL/ICU/Src/icu.o
 .debug_frame   0x0000000000000158       0x58 Src/MCAL/PWM/Src/pwm.o
 .debug_frame   0x00000000000001b0      0x100 Src/MCAL/dio/src/dio.o
 .debug_frame   0x00000000000002b0       0x88 Src/MCAL/rcc/src/rcc.o
 .debug_frame   0x0000000000000338       0x9c Src/MCAL/systick/sysTick.o
 .debug_frame   0x00000000000003d4       0x30 Src/main.o
 .debug_frame   0x0000000000000404       0x2c c:/st/stm32cubeide_1.4.0/stm32cubeide/plugins/com.st.stm32cube.ide.mcu.externaltools.gnu-tools-for-stm32.7-2018-q2-update.win32_1.4.0.202007081208/tools/bin/../lib/gcc/arm-none-eabi/7.3.1/../../../../arm-none-eabi/lib/thumb/v7e-m/fpv4-sp/hard\libc_nano.a(lib_a-init.o)
