Archive member included to satisfy reference by file (symbol)

c:/st/stm32cubeide_1.4.0/stm32cubeide/plugins/com.st.stm32cube.ide.mcu.externaltools.gnu-tools-for-stm32.7-2018-q2-update.win32_1.4.0.202007081208/tools/bin/../lib/gcc/arm-none-eabi/7.3.1/../../../../arm-none-eabi/lib/thumb/v7e-m/fpv4-sp/hard\libc_nano.a(lib_a-errno.o)
                              Src/syscalls.o (__errno)
c:/st/stm32cubeide_1.4.0/stm32cubeide/plugins/com.st.stm32cube.ide.mcu.externaltools.gnu-tools-for-stm32.7-2018-q2-update.win32_1.4.0.202007081208/tools/bin/../lib/gcc/arm-none-eabi/7.3.1/../../../../arm-none-eabi/lib/thumb/v7e-m/fpv4-sp/hard\libc_nano.a(lib_a-exit.o)
                              c:/st/stm32cubeide_1.4.0/stm32cubeide/plugins/com.st.stm32cube.ide.mcu.externaltools.gnu-tools-for-stm32.7-2018-q2-update.win32_1.4.0.202007081208/tools/bin/../lib/gcc/arm-none-eabi/7.3.1/../../../../arm-none-eabi/lib/thumb/v7e-m/fpv4-sp/hard/crt0.o (exit)
c:/st/stm32cubeide_1.4.0/stm32cubeide/plugins/com.st.stm32cube.ide.mcu.externaltools.gnu-tools-for-stm32.7-2018-q2-update.win32_1.4.0.202007081208/tools/bin/../lib/gcc/arm-none-eabi/7.3.1/../../../../arm-none-eabi/lib/thumb/v7e-m/fpv4-sp/hard\libc_nano.a(lib_a-impure.o)
                              c:/st/stm32cubeide_1.4.0/stm32cubeide/plugins/com.st.stm32cube.ide.mcu.externaltools.gnu-tools-for-stm32.7-2018-q2-update.win32_1.4.0.202007081208/tools/bin/../lib/gcc/arm-none-eabi/7.3.1/../../../../arm-none-eabi/lib/thumb/v7e-m/fpv4-sp/hard\libc_nano.a(lib_a-exit.o) (_global_impure_ptr)
c:/st/stm32cubeide_1.4.0/stm32cubeide/plugins/com.st.stm32cube.ide.mcu.externaltools.gnu-tools-for-stm32.7-2018-q2-update.win32_1.4.0.202007081208/tools/bin/../lib/gcc/arm-none-eabi/7.3.1/../../../../arm-none-eabi/lib/thumb/v7e-m/fpv4-sp/hard\libc_nano.a(lib_a-init.o)
                              c:/st/stm32cubeide_1.4.0/stm32cubeide/plugins/com.st.stm32cube.ide.mcu.externaltools.gnu-tools-for-stm32.7-2018-q2-update.win32_1.4.0.202007081208/tools/bin/../lib/gcc/arm-none-eabi/7.3.1/../../../../arm-none-eabi/lib/thumb/v7e-m/fpv4-sp/hard/crt0.o (__libc_init_array)
c:/st/stm32cubeide_1.4.0/stm32cubeide/plugins/com.st.stm32cube.ide.mcu.externaltools.gnu-tools-for-stm32.7-2018-q2-update.win32_1.4.0.202007081208/tools/bin/../lib/gcc/arm-none-eabi/7.3.1/../../../../arm-none-eabi/lib/thumb/v7e-m/fpv4-sp/hard\libc_nano.a(lib_a-memcpy-stub.o)
                              Src/Services/FreeRTOS/Source/queue.o (memcpy)
c:/st/stm32cubeide_1.4.0/stm32cubeide/plugins/com.st.stm32cube.ide.mcu.externaltools.gnu-tools-for-stm32.7-2018-q2-update.win32_1.4.0.202007081208/tools/bin/../lib/gcc/arm-none-eabi/7.3.1/../../../../arm-none-eabi/lib/thumb/v7e-m/fpv4-sp/hard\libc_nano.a(lib_a-memset.o)
                              c:/st/stm32cubeide_1.4.0/stm32cubeide/plugins/com.st.stm32cube.ide.mcu.externaltools.gnu-tools-for-stm32.7-2018-q2-update.win32_1.4.0.202007081208/tools/bin/../lib/gcc/arm-none-eabi/7.3.1/../../../../arm-none-eabi/lib/thumb/v7e-m/fpv4-sp/hard/crt0.o (memset)

Allocating common symbols
Common symbol       size              file

UltraSonic_Channel  0x1               Src/HAL/UltraSonic/Src/ultrasonic.o
t2                  0x2               Src/HAL/UltraSonic/Src/ultrasonic.o
t1                  0x2               Src/HAL/UltraSonic/Src/ultrasonic.o
Channel_arr         0x24              Src/HAL/UltraSonic/Src/ultrasonic_cfg.o

Discarded input sections

 .text          0x0000000000000000        0x0 c:/st/stm32cubeide_1.4.0/stm32cubeide/plugins/com.st.stm32cube.ide.mcu.externaltools.gnu-tools-for-stm32.7-2018-q2-update.win32_1.4.0.202007081208/tools/bin/../lib/gcc/arm-none-eabi/7.3.1/thumb/v7e-m/fpv4-sp/hard/crti.o
 .data          0x0000000000000000        0x0 c:/st/stm32cubeide_1.4.0/stm32cubeide/plugins/com.st.stm32cube.ide.mcu.externaltools.gnu-tools-for-stm32.7-2018-q2-update.win32_1.4.0.202007081208/tools/bin/../lib/gcc/arm-none-eabi/7.3.1/thumb/v7e-m/fpv4-sp/hard/crti.o
 .bss           0x0000000000000000        0x0 c:/st/stm32cubeide_1.4.0/stm32cubeide/plugins/com.st.stm32cube.ide.mcu.externaltools.gnu-tools-for-stm32.7-2018-q2-update.win32_1.4.0.202007081208/tools/bin/../lib/gcc/arm-none-eabi/7.3.1/thumb/v7e-m/fpv4-sp/hard/crti.o
 .data          0x0000000000000000        0x4 c:/st/stm32cubeide_1.4.0/stm32cubeide/plugins/com.st.stm32cube.ide.mcu.externaltools.gnu-tools-for-stm32.7-2018-q2-update.win32_1.4.0.202007081208/tools/bin/../lib/gcc/arm-none-eabi/7.3.1/thumb/v7e-m/fpv4-sp/hard/crtbegin.o
 .text          0x0000000000000000       0x74 c:/st/stm32cubeide_1.4.0/stm32cubeide/plugins/com.st.stm32cube.ide.mcu.externaltools.gnu-tools-for-stm32.7-2018-q2-update.win32_1.4.0.202007081208/tools/bin/../lib/gcc/arm-none-eabi/7.3.1/../../../../arm-none-eabi/lib/thumb/v7e-m/fpv4-sp/hard/crt0.o
[...]
Memory Configuration

Name             Origin             Length             Attributes
CCMRAM           0x0000000010000000 0x0000000000004000 xrw
RAM              0x0000000020000000 0x0000000000010000 xrw
FLASH            0x0000000008000000 0x0000000000080000 xr
*default*        0x0000000000000000 0xffffffffffffffff

Linker script and memory map

LOAD c:/st/stm32cubeide_1.4.0/stm32cubeide/plugins/com.st.stm32cube.ide.mcu.externaltools.gnu-tools-for-stm32.7-2018-q2-update.win32_1.4.0.202007081208/tools/bin/../lib/gcc/arm-none-eabi/7.3.1/thumb/v7e-m/fpv4-sp/hard/crti.o
LOAD c:/st/stm32cubeide_1.4.0/stm32cubeide/plugins/com.st.stm32cube.ide.mcu.externaltools.gnu-tools-for-stm32.7-2018-q2-update.win32_1.4.0.202007081208/tools/bin/../lib/gcc/arm-none-eabi/7.3.1/thumb/v7e-m/fpv4-sp/hard/crtbegin.o
LOAD c:/st/stm32cubeide_1.4.0/stm32cubeide/plugins/com.st.stm32cube.ide.mcu.externaltools.gnu-tools-for-stm32.7-2018-q2-update.win32_1.4.0.202007081208/tools/bin/../lib/gcc/arm-none-eabi/7.3.1/../../../../arm-none-eabi/lib/thumb/v7e-m/fpv4-sp/hard/crt0.o
LOAD Src/HAL/BUTTON/Src/BUTTON.o
LOAD Src/HAL/Motor/src/motor.o
LOAD Src/HAL/UltraSonic/Src/ultrasonic.o
LOAD Src/HAL/UltraSonic/Src/ultrasonic_cfg.o
LOAD Src/MCAL/ADC/Src/adc.o
LOAD Src/MCAL/EXTI/Src/EXTI.o
LOAD Src/MCAL/ICU/Src/icu.o
LOAD Src/MCAL/NVIC/Src/NVIC.o
LOAD Src/MCAL/PWM/Src/pwm.o
LOAD Src/MCAL/SCB/Src/SCB.o
LOAD Src/MCAL/Tim6/TIM6.o
LOAD Src/MCAL/dio/src/dio.o
LOAD Src/MCAL/rcc/src/rcc.o
LOAD Src/MCAL/systick/sysTick.o
LOAD Src/Services/FreeRTOS/Source/croutine.o
LOAD Src/Services/FreeRTOS/Source/event_groups.o
LOAD Src/Services/FreeRTOS/Source/list.o
LOAD Src/Services/FreeRTOS/Source/queue.o
LOAD Src/Services/FreeRTOS/Source/stream_buffer.o
LOAD Src/Services/FreeRTOS/Source/tasks.o
LOAD Src/Services/FreeRTOS/Source/timers.o
LOAD Src/Services/FreeRTOS/Source/portable/GCC/ARM_CM4F/port.o
LOAD Src/Services/FreeRTOS/Source/portable/MemMang/heap_4.o
LOAD Src/main.o
LOAD Src/syscalls.o
LOAD Src/sysmem.o
LOAD Startup/startup_stm32f303retx.o
START GROUP
LOAD c:/st/stm32cubeide_1.4.0/stm32cubeide/plugins/com.st.stm32cube.ide.mcu.externaltools.gnu-tools-for-stm32.7-2018-q2-update.win32_1.4.0.202007081208/tools/bin/../lib/gcc/arm-none-eabi/7.3.1/../../../../arm-none-eabi/lib/thumb/v7e-m/fpv4-sp/hard\libc_nano.a
LOAD c:/st/stm32cubeide_1.4.0/stm32cubeide/plugins/com.st.stm32cube.ide.mcu.externaltools.gnu-tools-for-stm32.7-2018-q2-update.win32_1.4.0.202007081208/tools/bin/../lib/gcc/arm-none-eabi/7.3.1/../../../../arm-none-eabi/lib/thumb/v7e-m/fpv4-sp/hard\libm.a
END GROUP
START GROUP
LOAD c:/st/stm32cubeide_1.4.0/stm32cubeide/plugins/com.st.stm32cube.ide.mcu.externaltools.gnu-tools-for-stm32.7-2018-q2-update.win32_1.4.0.202007081208/tools/bin/../lib/gcc/arm-none-eabi/7.3.1/thumb/v7e-m/fpv4-sp/hard\libgcc.a
LOAD c:/st/stm32cubeide_1.4.0/stm32cubeide/plugins/com.st.stm32cube.ide.mcu.externaltools.gnu-tools-for-stm32.7-2018-q2-update.win32_1.4.0.202007081208/tools/bin/../lib/gcc/arm-none-eabi/7.3.1/../../../../arm-none-eabi/lib/thumb/v7e-m/fpv4-sp/hard\libc_nano.a
END GROUP
START GROUP
LOAD c:/st/stm32cubeide_1.4.0/stm32cubeide/plugins/com.st.stm32cube.ide.mcu.externaltools.gnu-tools-for-stm32.7-2018-q2-update.win32_1.4.0.202007081208/tools/bin/../lib/gcc/arm-none-eabi/7.3.1/thumb/v7e-m/fpv4-sp/hard\libgcc.a
LOAD c:/st/stm32cubeide_1.4.0/stm32cubeide/plugins/com.st.stm32cube.ide.mcu.externaltools.gnu-tools-for-stm32.7-2018-q2-update.win32_1.4.0.202007081208/tools/bin/../lib/gcc/arm-none-eabi/7.3.1/../../../../arm-none-eabi/lib/thumb/v7e-m/fpv4-sp/hard\libc_nano.a
LOAD c:/st/stm32cubeide_1.4.0/stm32cubeide/plugins/com.st.stm32cube.ide.mcu.externaltools.gnu-tools-for-stm32.7-2018-q2-update.win32_1.4.0.202007081208/tools/bin/../lib/gcc/arm-none-eabi/7.3.1/../../../../arm-none-eabi/lib/thumb/v7e-m/fpv4-sp/hard\libnosys.a
END GROUP
START GROUP
LOAD c:/st/stm32cubeide_1.4.0/stm32cubeide/plugins/com.st.stm32cube.ide.mcu.externaltools.gnu-tools-for-stm32.7-2018-q2-update.win32_1.4.0.202007081208/tools/bin/../lib/gcc/arm-none-eabi/7.3.1/thumb/v7e-m/fpv4-sp/hard\libgcc.a
LOAD c:/st/stm32cubeide_1.4.0/stm32cubeide/plugins/com.st.stm32cube.ide.mcu.externaltools.gnu-tools-for-stm32.7-2018-q2-update.win32_1.4.0.202007081208/tools/bin/../lib/gcc/arm-none-eabi/7.3.1/../../../../arm-none-eabi/lib/thumb/v7e-m/fpv4-sp/hard\libc_nano.a
LOAD c:/st/stm32cubeide_1.4.0/stm32cubeide/plugins/com.st.stm32cube.ide.mcu.externaltools.gnu-tools-for-stm32.7-2018-q2-update.win32_1.4.0.202007081208/tools/bin/../lib/gcc/arm-none-eabi/7.3.1/../../../../arm-none-eabi/lib/thumb/v7e-m/fpv4-sp/hard\libnosys.a
END GROUP
LOAD c:/st/stm32cubeide_1.4.0/stm32cubeide/plugins/com.st.stm32cube.ide.mcu.externaltools.gnu-tools-for-stm32.7-2018-q2-update.win32_1.4.0.202007081208/tools/bin/../lib/gcc/arm-none-eabi/7.3.1/thumb/v7e-m/fpv4-sp/hard/crtend.o
LOAD c:/st/stm32cubeide_1.4.0/stm32cubeide/plugins/com.st.stm32cube.ide.mcu.externaltools.gnu-tools-for-stm32.7-2018-q2-update.win32_1.4.0.202007081208/tools/bin/../lib/gcc/arm-none-eabi/7.3.1/thumb/v7e-m/fpv4-sp/hard/crtn.o
                0x0000000020010000                _estack = (ORIGIN (RAM) + LENGTH (RAM))
                0x0000000000000200                _Min_Heap_Size = 0x200
                0x0000000000000400                _Min_Stack_Size = 0x400

.isr_vector     0x0000000008000000      0x194
                0x0000000008000000                . = ALIGN (0x4)
 *(.isr_vector)
 .isr_vector    0x0000000008000000      0x194 Startup/startup_stm32f303retx.o
                0x0000000008000000                g_pfnVectors
                0x0000000008000194                . = ALIGN (0x4)

.text           0x00000000080001a0     0x197c
                0x00000000080001a0                . = ALIGN (0x4)
 *(.text)
 .text          0x00000000080001a0       0x40 c:/st/stm32cubeide_1.4.0/stm32cubeide/plugins/com.st.stm32cube.ide.mcu.externaltools.gnu-tools-for-stm32.7-2018-q2-update.win32_1.4.0.202007081208/tools/bin/../lib/gcc/arm-none-eabi/7.3.1/thumb/v7e-m/fpv4-sp/hard/crtbegin.o
 *(.text*)
 .text.Ultrasonic_init
                0x00000000080001e0      0x190 Src/HAL/UltraSonic/Src/ultrasonic.o
                0x00000000080001e0                Ultrasonic_init
 .text.Ultrasonic_Trigger
                0x0000000008000370       0x50 Src/HAL/UltraSonic/Src/ultrasonic.o
                0x0000000008000370                Ultrasonic_Trigger
 .text.Ultrasonic_readDistance
                0x00000000080003c0       0x78 Src/HAL/UltraSonic/Src/ultrasonic.o
                0x00000000080003c0                Ultrasonic_readDistance
 .text.Ultrasonic_edgeProcessing
                0x0000000008000438       0x54 Src/HAL/UltraSonic/Src/ultrasonic.o
                0x0000000008000438                Ultrasonic_edgeProcessing
 .text.ICU_Init
                0x000000000800048c       0xa4 Src/MCAL/ICU/Src/icu.o
                0x000000000800048c                ICU_Init
 .text.ICU_Control
                0x0000000008000530       0xa4 Src/MCAL/ICU/Src/icu.o
                0x0000000008000530                ICU_Control
 .text.ICU_SelectEdge
                0x00000000080005d4      0x268 Src/MCAL/ICU/Src/icu.o
                0x00000000080005d4                ICU_SelectEdge
 .text.ICU_INT_CheckStatus
                0x000000000800083c      0x108 Src/MCAL/ICU/Src/icu.o
                0x000000000800083c                ICU_INT_CheckStatus
 .text.ICU_Read
                0x0000000008000944       0x9c Src/MCAL/ICU/Src/icu.o
                0x0000000008000944                ICU_Read
 .text.ICU_INT_Enable
                0x00000000080009e0      0x128 Src/MCAL/ICU/Src/icu.o
                0x00000000080009e0                ICU_INT_Enable
 .text.TIM8_CC_IRQHandler
                0x0000000008000b08       0x8c Src/MCAL/ICU/Src/icu.o
                0x0000000008000b08                TIM8_CC_IRQHandler
 .text.TIM1_CC_IRQHandler
                0x0000000008000b94       0x8c Src/MCAL/ICU/Src/icu.o
                0x0000000008000b94                TIM1_CC_IRQHandler
 .text.NVIC_EnableIRQ
                0x0000000008000c20       0x48 Src/MCAL/NVIC/Src/NVIC.o
                0x0000000008000c20                NVIC_EnableIRQ
 .text.NVIC_SetPriority
                0x0000000008000c68       0x34 Src/MCAL/NVIC/Src/NVIC.o
                0x0000000008000c68                NVIC_SetPriority
 .text.TIM6_Init
                0x0000000008000c9c       0x44 Src/MCAL/Tim6/TIM6.o
                0x0000000008000c9c                TIM6_Init
 .text.TIM6_Delay
                0x0000000008000ce0       0x58 Src/MCAL/Tim6/TIM6.o
                0x0000000008000ce0                TIM6_Delay
 .text.DIO_setupPinMode
                0x0000000008000d38      0x1b8 Src/MCAL/dio/src/dio.o
                0x0000000008000d38                DIO_setupPinMode
 .text.DIO_writePin
                0x0000000008000ef0      0x228 Src/MCAL/dio/src/dio.o
                0x0000000008000ef0                DIO_writePin
 .text.DIO_setAlternateFunction
                0x0000000008001118      0x358 Src/MCAL/dio/src/dio.o
                0x0000000008001118                DIO_setAlternateFunction
 .text.rcc_setSystemClk
                0x0000000008001470       0xa8 Src/MCAL/rcc/src/rcc.o
                0x0000000008001470                rcc_setSystemClk
 .text.rcc_enablePeriClk
                0x0000000008001518       0x7c Src/MCAL/rcc/src/rcc.o
                0x0000000008001518                rcc_enablePeriClk
 .text.sysTick_init
                0x0000000008001594       0x58 Src/MCAL/systick/sysTick.o
                0x0000000008001594                sysTick_init
 .text.sysTick_start
                0x00000000080015ec       0x40 Src/MCAL/systick/sysTick.o
                0x00000000080015ec                sysTick_start
 .text.xTaskIncrementTick
                0x000000000800162c      0x1e4 Src/Services/FreeRTOS/Source/tasks.o
                0x000000000800162c                xTaskIncrementTick
 .text.vTaskSwitchContext
                0x0000000008001810       0xb4 Src/Services/FreeRTOS/Source/tasks.o
                0x0000000008001810                vTaskSwitchContext
 .text.prvResetNextTaskUnblockTime
                0x00000000080018c4       0x38 Src/Services/FreeRTOS/Source/tasks.o
 *fill*         0x00000000080018fc        0x4 
 .text.SVC_Handler
                0x0000000008001900       0x28 Src/Services/FreeRTOS/Source/portable/GCC/ARM_CM4F/port.o
                0x0000000008001900                SVC_Handler
 *fill*         0x0000000008001928        0x8 
 .text.PendSV_Handler
                0x0000000008001930       0x68 Src/Services/FreeRTOS/Source/portable/GCC/ARM_CM4F/port.o
                0x0000000008001930                PendSV_Handler
 .text.SysTick_Handler
                0x0000000008001998       0x40 Src/Services/FreeRTOS/Source/portable/GCC/ARM_CM4F/port.o
                0x0000000008001998                SysTick_Handler
 .text.main     0x00000000080019d8       0x90 Src/main.o
                0x00000000080019d8                main
 .text.Reset_Handler
                0x0000000008001a68       0x50 Startup/startup_stm32f303retx.o
                0x0000000008001a68                Reset_Handler
 .text.Default_Handler
                0x0000000008001ab8        0x2 Startup/startup_stm32f303retx.o
                0x0000000008001ab8                TIM8_TRG_COM_IRQHandler
                0x0000000008001ab8                DebugMon_Handler
                0x0000000008001ab8                DMA1_CH4_IRQHandler
                0x0000000008001ab8                SPI4_IRQHandler
                0x0000000008001ab8                HardFault_Handler
                0x0000000008001ab8                USB_HP_IRQHandler
                0x0000000008001ab8                I2C2_EV_EXTI24_IRQHandler
                0x0000000008001ab8                USB_WKUP_EXTI_IRQHandler
                0x0000000008001ab8                PVD_IRQHandler
                0x0000000008001ab8                UART4_EXTI34_IRQHandler
                0x0000000008001ab8                TAMP_STAMP_IRQHandler
                0x0000000008001ab8                NMI_Handler
                0x0000000008001ab8                EXTI3_IRQHandler
                0x0000000008001ab8                I2C3_ER_IRQHandler
                0x0000000008001ab8                TIM6_DACUNDER_IRQHandler
                0x0000000008001ab8                USB_HP_CAN_TX_IRQHandler
                0x0000000008001ab8                EXTI0_IRQHandler
                0x0000000008001ab8                DMA2_CH1_IRQHandler
                0x0000000008001ab8                FPU_IRQHandler
                0x0000000008001ab8                TIM1_UP_TIM16_IRQHandler
                0x0000000008001ab8                UsageFault_Handler
                0x0000000008001ab8                ADC1_2_IRQHandler
                0x0000000008001ab8                SPI1_IRQHandler
                0x0000000008001ab8                CAN_SCE_IRQHandler
                0x0000000008001ab8                DMA1_CH7_IRQHandler
                0x0000000008001ab8                TIM8_UP_IRQHandler
                0x0000000008001ab8                COMP456_IRQHandler
                0x0000000008001ab8                DMA1_CH6_IRQHandler
                0x0000000008001ab8                TIM20_TRG_COM_IRQHandler
                0x0000000008001ab8                ADC3_IRQHandler
                0x0000000008001ab8                TIM4_IRQHandler
                0x0000000008001ab8                CAN_RX1_IRQHandler
                0x0000000008001ab8                USART1_EXTI25_IRQHandler
                0x0000000008001ab8                DMA2_CH5_IRQHandler
                0x0000000008001ab8                I2C1_EV_EXTI23_IRQHandler
                0x0000000008001ab8                DMA1_CH3_IRQHandler
                0x0000000008001ab8                TIM3_IRQHandler
                0x0000000008001ab8                RCC_IRQHandler
                0x0000000008001ab8                TIM20_UP_IRQHandler
                0x0000000008001ab8                Default_Handler
                0x0000000008001ab8                EXTI15_10_IRQHandler
                0x0000000008001ab8                USART2_EXTI26_IRQHandler
                0x0000000008001ab8                USART3_EXTI28_IRQHandler
                0x0000000008001ab8                TIM7_IRQHandler
                0x0000000008001ab8                I2C3_EV_IRQHandler
                0x0000000008001ab8                EXTI9_5_IRQHandler
                0x0000000008001ab8                DMA1_CH2_IRQHandler
                0x0000000008001ab8                RTC_WKUP_IRQHandler
                0x0000000008001ab8                SPI2_IRQHandler
                0x0000000008001ab8                DMA1_CH1_IRQHandler
                0x0000000008001ab8                USB_LP_CAN_RX0_IRQHandler
                0x0000000008001ab8                MemManage_Handler
                0x0000000008001ab8                COMP123_IRQHandler
                0x0000000008001ab8                USB_LP_IRQHandler
                0x0000000008001ab8                EXTI4_IRQHandler
                0x0000000008001ab8                TIM1_TRG_COM_TIM17_IRQHandler
                0x0000000008001ab8                ADC4_IRQHandler
                0x0000000008001ab8                WWDG_IRQHandler
                0x0000000008001ab8                TIM2_IRQHandler
                0x0000000008001ab8                COMP7_IRQHandler
                0x0000000008001ab8                EXTI1_IRQHandler
                0x0000000008001ab8                RTCAlarm_IRQHandler
                0x0000000008001ab8                UART5_EXTI35_IRQHandler
                0x0000000008001ab8                TIM20_BRK_IRQHandler
                0x0000000008001ab8                I2C2_ER_IRQHandler
                0x0000000008001ab8                TIM8_BRK_IRQHandler
                0x0000000008001ab8                FLASH_IRQHandler
                0x0000000008001ab8                TIM20_CC_IRQHandler
                0x0000000008001ab8                BusFault_Handler
                0x0000000008001ab8                SPI3_IRQHandler
                0x0000000008001ab8                DMA2_CH3_IRQHandler
                0x0000000008001ab8                DMA2_CH2_IRQHandler
                0x0000000008001ab8                I2C1_ER_IRQHandler
                0x0000000008001ab8                FMC_IRQHandler
                0x0000000008001ab8                DMA1_CH5_IRQHandler
                0x0000000008001ab8                DMA2_CH4_IRQHandler
                0x0000000008001ab8                USB_WKUP_IRQHandler
                0x0000000008001ab8                EXTI2_TSC_IRQHandler
                0x0000000008001ab8                TIM1_BRK_TIM15_IRQHandler
 *fill*         0x0000000008001aba        0x2 
 .text.__libc_init_array
                0x0000000008001abc       0x48 c:/st/stm32cubeide_1.4.0/stm32cubeide/plugins/com.st.stm32cube.ide.mcu.externaltools.gnu-tools-for-stm32.7-2018-q2-update.win32_1.4.0.202007081208/tools/bin/../lib/gcc/arm-none-eabi/7.3.1/../../../../arm-none-eabi/lib/thumb/v7e-m/fpv4-sp/hard\libc_nano.a(lib_a-init.o)
                0x0000000008001abc                __libc_init_array
 *(.glue_7)
 .glue_7        0x0000000008001b04        0x0 linker stubs
 *(.glue_7t)
 .glue_7t       0x0000000008001b04        0x0 linker stubs
 *(.eh_frame)
 .eh_frame      0x0000000008001b04        0x0 c:/st/stm32cubeide_1.4.0/stm32cubeide/plugins/com.st.stm32cube.ide.mcu.externaltools.gnu-tools-for-stm32.7-2018-q2-update.win32_1.4.0.202007081208/tools/bin/../lib/gcc/arm-none-eabi/7.3.1/thumb/v7e-m/fpv4-sp/hard/crtbegin.o
 *(.init)
 .init          0x0000000008001b04        0x4 c:/st/stm32cubeide_1.4.0/stm32cubeide/plugins/com.st.stm32cube.ide.mcu.externaltools.gnu-tools-for-stm32.7-2018-q2-update.win32_1.4.0.202007081208/tools/bin/../lib/gcc/arm-none-eabi/7.3.1/thumb/v7e-m/fpv4-sp/hard/crti.o
                0x0000000008001b04                _init
 .init          0x0000000008001b08        0x8 c:/st/stm32cubeide_1.4.0/stm32cubeide/plugins/com.st.stm32cube.ide.mcu.externaltools.gnu-tools-for-stm32.7-2018-q2-update.win32_1.4.0.202007081208/tools/bin/../lib/gcc/arm-none-eabi/7.3.1/thumb/v7e-m/fpv4-sp/hard/crtn.o
 *(.fini)
 .fini          0x0000000008001b10        0x4 c:/st/stm32cubeide_1.4.0/stm32cubeide/plugins/com.st.stm32cube.ide.mcu.externaltools.gnu-tools-for-stm32.7-2018-q2-update.win32_1.4.0.202007081208/tools/bin/../lib/gcc/arm-none-eabi/7.3.1/thumb/v7e-m/fpv4-sp/hard/crti.o
                0x0000000008001b10                _fini
 .fini          0x0000000008001b14        0x8 c:/st/stm32cubeide_1.4.0/stm32cubeide/plugins/com.st.stm32cube.ide.mcu.externaltools.gnu-tools-for-stm32.7-2018-q2-update.win32_1.4.0.202007081208/tools/bin/../lib/gcc/arm-none-eabi/7.3.1/thumb/v7e-m/fpv4-sp/hard/crtn.o
                0x0000000008001b1c                . = ALIGN (0x4)
                0x0000000008001b1c                _etext = .

.vfp11_veneer   0x0000000008001b1c        0x0
 .vfp11_veneer  0x0000000008001b1c        0x0 linker stubs

.v4_bx          0x0000000008001b1c        0x0
 .v4_bx         0x0000000008001b1c        0x0 linker stubs

.iplt           0x0000000008001b1c        0x0
 .iplt          0x0000000008001b1c        0x0 c:/st/stm32cubeide_1.4.0/stm32cubeide/plugins/com.st.stm32cube.ide.mcu.externaltools.gnu-tools-for-stm32.7-2018-q2-update.win32_1.4.0.202007081208/tools/bin/../lib/gcc/arm-none-eabi/7.3.1/thumb/v7e-m/fpv4-sp/hard/crtbegin.o

.rel.dyn        0x0000000008001b1c        0x0
 .rel.iplt      0x0000000008001b1c        0x0 c:/st/stm32cubeide_1.4.0/stm32cubeide/plugins/com.st.stm32cube.ide.mcu.externaltools.gnu-tools-for-stm32.7-2018-q2-update.win32_1.4.0.202007081208/tools/bin/../lib/gcc/arm-none-eabi/7.3.1/thumb/v7e-m/fpv4-sp/hard/crtbegin.o

.rodata         0x0000000008001b1c        0x0
                0x0000000008001b1c                . = ALIGN (0x4)
 *(.rodata)
 *(.rodata*)
                0x0000000008001b1c                . = ALIGN (0x4)

.ARM.extab      0x0000000008001b1c        0x0
                0x0000000008001b1c                . = ALIGN (0x4)
 *(.ARM.extab* .gnu.linkonce.armextab.*)
                0x0000000008001b1c                . = ALIGN (0x4)

.ARM            0x0000000008001b1c        0x0
                0x0000000008001b1c                . = ALIGN (0x4)
                0x0000000008001b1c                __exidx_start = .
 *(.ARM.exidx*)
                0x0000000008001b1c                __exidx_end = .
                0x0000000008001b1c                . = ALIGN (0x4)

.preinit_array  0x0000000008001b1c        0x0
                0x0000000008001b1c                . = ALIGN (0x4)
                0x0000000008001b1c                PROVIDE (__preinit_array_start = .)
 *(.preinit_array*)
                0x0000000008001b1c                PROVIDE (__preinit_array_end = .)
                0x0000000008001b1c                . = ALIGN (0x4)

.init_array     0x0000000008001b1c        0x4
                0x0000000008001b1c                . = ALIGN (0x4)
                0x0000000008001b1c                PROVIDE (__init_array_start = .)
 *(SORT_BY_NAME(.init_array.*))
 *(.init_array*)
 .init_array    0x0000000008001b1c        0x4 c:/st/stm32cubeide_1.4.0/stm32cubeide/plugins/com.st.stm32cube.ide.mcu.externaltools.gnu-tools-for-stm32.7-2018-q2-update.win32_1.4.0.202007081208/tools/bin/../lib/gcc/arm-none-eabi/7.3.1/thumb/v7e-m/fpv4-sp/hard/crtbegin.o
                0x0000000008001b20                PROVIDE (__init_array_end = .)
                0x0000000008001b20                . = ALIGN (0x4)

.fini_array     0x0000000008001b20        0x4
                0x0000000008001b20                . = ALIGN (0x4)
                [!provide]                        PROVIDE (__fini_array_start = .)
 *(SORT_BY_NAME(.fini_array.*))
 *(.fini_array*)
 .fini_array    0x0000000008001b20        0x4 c:/st/stm32cubeide_1.4.0/stm32cubeide/plugins/com.st.stm32cube.ide.mcu.externaltools.gnu-tools-for-stm32.7-2018-q2-update.win32_1.4.0.202007081208/tools/bin/../lib/gcc/arm-none-eabi/7.3.1/thumb/v7e-m/fpv4-sp/hard/crtbegin.o
                [!provide]                        PROVIDE (__fini_array_end = .)
                0x0000000008001b24                . = ALIGN (0x4)
                0x0000000008001b24                _sidata = LOADADDR (.data)

.data           0x0000000020000000       0x1c load address 0x0000000008001b24
                0x0000000020000000                . = ALIGN (0x4)
                0x0000000020000000                _sdata = .
 *(.data)
 *(.data*)
 .data.Channel_1_CLB_Ptr
                0x0000000020000000        0x4 Src/MCAL/ICU/Src/icu.o
 .data.Channel_2_CLB_Ptr
                0x0000000020000004        0x4 Src/MCAL/ICU/Src/icu.o
 .data.Channel_3_CLB_Ptr
                0x0000000020000008        0x4 Src/MCAL/ICU/Src/icu.o
 .data.Channel_4_CLB_Ptr
                0x000000002000000c        0x4 Src/MCAL/ICU/Src/icu.o
 .data.Channel_5_CLB_Ptr
                0x0000000020000010        0x4 Src/MCAL/ICU/Src/icu.o
 .data.Channel_6_CLB_Ptr
                0x0000000020000014        0x4 Src/MCAL/ICU/Src/icu.o
 .data.g_callBackPtr
                0x0000000020000018        0x4 Src/MCAL/systick/sysTick.o
 *(.RamFunc)
 *(.RamFunc*)
                0x000000002000001c                . = ALIGN (0x4)
                0x000000002000001c                _edata = .
                0x0000000008001b40                _siccmram = LOADADDR (.ccmram)

.igot.plt       0x000000002000001c        0x0 load address 0x0000000008001b40
 .igot.plt      0x000000002000001c        0x0 c:/st/stm32cubeide_1.4.0/stm32cubeide/plugins/com.st.stm32cube.ide.mcu.externaltools.gnu-tools-for-stm32.7-2018-q2-update.win32_1.4.0.202007081208/tools/bin/../lib/gcc/arm-none-eabi/7.3.1/thumb/v7e-m/fpv4-sp/hard/crtbegin.o

.ccmram         0x0000000010000000        0x0 load address 0x0000000008001b40
                0x0000000010000000                . = ALIGN (0x4)
                0x0000000010000000                _sccmram = .
 *(.ccmram)
 *(.ccmram*)
                0x0000000010000000                . = ALIGN (0x4)
                0x0000000010000000                _eccmram = .
                0x0000000010000000                . = ALIGN (0x4)

.bss            0x000000002000001c       0xb4
                0x000000002000001c                _sbss = .
                0x000000002000001c                __bss_start__ = _sbss
 *(.bss)
 .bss           0x000000002000001c       0x1c c:/st/stm32cubeide_1.4.0/stm32cubeide/plugins/com.st.stm32cube.ide.mcu.externaltools.gnu-tools-for-stm32.7-2018-q2-update.win32_1.4.0.202007081208/tools/bin/../lib/gcc/arm-none-eabi/7.3.1/thumb/v7e-m/fpv4-sp/hard/crtbegin.o
 *(.bss*)
 .bss.flag      0x0000000020000038        0x1 Src/HAL/UltraSonic/Src/ultrasonic.o
                0x0000000020000038                flag
 *fill*         0x0000000020000039        0x3 
 .bss.pxCurrentTCB
                0x000000002000003c        0x4 Src/Services/FreeRTOS/Source/tasks.o
                0x000000002000003c                pxCurrentTCB
 .bss.pxReadyTasksLists
                0x0000000020000040       0x64 Src/Services/FreeRTOS/Source/tasks.o
 .bss.pxDelayedTaskList
                0x00000000200000a4        0x4 Src/Services/FreeRTOS/Source/tasks.o
 .bss.pxOverflowDelayedTaskList
                0x00000000200000a8        0x4 Src/Services/FreeRTOS/Source/tasks.o
 .bss.xTickCount
                0x00000000200000ac        0x4 Src/Services/FreeRTOS/Source/tasks.o
 .bss.uxTopReadyPriority
                0x00000000200000b0        0x4 Src/Services/FreeRTOS/Source/tasks.o
 .bss.xPendedTicks
                0x00000000200000b4        0x4 Src/Services/FreeRTOS/Source/tasks.o
 .bss.xYieldPending
                0x00000000200000b8        0x4 Src/Services/FreeRTOS/Source/tasks.o
 .bss.xNumOfOverflows
                0x00000000200000bc        0x4 Src/Services/FreeRTOS/Source/tasks.o
 .bss.xNextTaskUnblockTime
                0x00000000200000c0        0x4 Src/Services/FreeRTOS/Source/tasks.o
 .bss.uxSchedulerSuspended
                0x00000000200000c4        0x4 Src/Services/FreeRTOS/Source/tasks.o
 *(COMMON)
 COMMON         0x00000000200000c8        0x6 Src/HAL/UltraSonic/Src/ultrasonic.o
                0x00000000200000c8                UltraSonic_Channel
                0x00000000200000ca                t2
                0x00000000200000cc                t1
                0x00000000200000d0                . = ALIGN (0x4)
 *fill*         0x00000000200000ce        0x2 
                0x00000000200000d0                _ebss = .
                0x00000000200000d0                __bss_end__ = _ebss

._user_heap_stack
                0x00000000200000d0      0x600
                0x00000000200000d0                . = ALIGN (0x8)
                [!provide]                        PROVIDE (end = .)
                0x00000000200000d0                PROVIDE (_end = .)
                0x00000000200002d0                . = (. + _Min_Heap_Size)
 *fill*         0x00000000200000d0      0x200 
                0x00000000200006d0                . = (. + _Min_Stack_Size)
 *fill*         0x00000000200002d0      0x400 
                0x00000000200006d0                . = ALIGN (0x8)

/DISCARD/
 libc.a(*)
 libm.a(*)
 libgcc.a(*)

.ARM.attributes
                0x0000000000000000       0x30
 *(.ARM.attributes)
 .ARM.attributes
                0x0000000000000000       0x22 c:/st/stm32cubeide_1.4.0/stm32cubeide/plugins/com.st.stm32cube.ide.mcu.externaltools.gnu-tools-for-stm32.7-2018-q2-update.win32_1.4.0.202007081208/tools/bin/../lib/gcc/arm-none-eabi/7.3.1/thumb/v7e-m/fpv4-sp/hard/crti.o
 .ARM.attributes
                0x0000000000000022       0x34 c:/st/stm32cubeide_1.4.0/stm32cubeide/plugins/com.st.stm32cube.ide.mcu.externaltools.gnu-tools-for-stm32.7-2018-q2-update.win32_1.4.0.202007081208/tools/bin/../lib/gcc/arm-none-eabi/7.3.1/thumb/v7e-m/fpv4-sp/hard/crtbegin.o
 .ARM.attributes
                0x0000000000000056       0x39 Src/HAL/UltraSonic/Src/ultrasonic.o
 .ARM.attributes
                0x000000000000008f       0x39 Src/MCAL/ICU/Src/icu.o
 .ARM.attributes
                0x00000000000000c8       0x39 Src/MCAL/NVIC/Src/NVIC.o
 .ARM.attributes
                0x0000000000000101       0x39 Src/MCAL/Tim6/TIM6.o
 .ARM.attributes
                0x000000000000013a       0x39 Src/MCAL/dio/src/dio.o
 .ARM.attributes
                0x0000000000000173       0x39 Src/MCAL/rcc/src/rcc.o
 .ARM.attributes
                0x00000000000001ac       0x39 Src/MCAL/systick/sysTick.o
 .ARM.attributes
                0x00000000000001e5       0x39 Src/Services/FreeRTOS/Source/tasks.o
 .ARM.attributes
                0x000000000000021e       0x39 Src/Services/FreeRTOS/Source/portable/GCC/ARM_CM4F/port.o
 .ARM.attributes
                0x0000000000000257       0x39 Src/main.o
 .ARM.attributes
                0x0000000000000290       0x21 Startup/startup_stm32f303retx.o
 .ARM.attributes
                0x00000000000002b1       0x34 c:/st/stm32cubeide_1.4.0/stm32cubeide/plugins/com.st.stm32cube.ide.mcu.externaltools.gnu-tools-for-stm32.7-2018-q2-update.win32_1.4.0.202007081208/tools/bin/../lib/gcc/arm-none-eabi/7.3.1/../../../../arm-none-eabi/lib/thumb/v7e-m/fpv4-sp/hard\libc_nano.a(lib_a-init.o)
 .ARM.attributes
                0x00000000000002e5       0x22 c:/st/stm32cubeide_1.4.0/stm32cubeide/plugins/com.st.stm32cube.ide.mcu.externaltools.gnu-tools-for-stm32.7-2018-q2-update.win32_1.4.0.202007081208/tools/bin/../lib/gcc/arm-none-eabi/7.3.1/thumb/v7e-m/fpv4-sp/hard/crtn.o
OUTPUT(NTI_FinalProject.elf elf32-littlearm)

.debug_info     0x0000000000000000     0x3f55
 .debug_info    0x0000000000000000      0x4e3 Src/HAL/UltraSonic/Src/ultrasonic.o
 .debug_info    0x00000000000004e3      0x2e7 Src/MCAL/ICU/Src/icu.o
 .debug_info    0x00000000000007ca      0x4f8 Src/MCAL/NVIC/Src/NVIC.o
 .debug_info    0x0000000000000cc2       0xb1 Src/MCAL/Tim6/TIM6.o
 .debug_info    0x0000000000000d73      0x445 Src/MCAL/dio/src/dio.o
 .debug_info    0x00000000000011b8      0x151 Src/MCAL/rcc/src/rcc.o
 .debug_info    0x0000000000001309      0x12d Src/MCAL/systick/sysTick.o
 .debug_info    0x0000000000001436     0x2363 Src/Services/FreeRTOS/Source/tasks.o
 .debug_info    0x0000000000003799      0x528 Src/Services/FreeRTOS/Source/portable/GCC/ARM_CM4F/port.o
 .debug_info    0x0000000000003cc1      0x272 Src/main.o
 .debug_info    0x0000000000003f33       0x22 Startup/startup_stm32f303retx.o

.debug_abbrev   0x0000000000000000      0xbbf
 .debug_abbrev  0x0000000000000000      0x112 Src/HAL/UltraSonic/Src/ultrasonic.o
 .debug_abbrev  0x0000000000000112      0x122 Src/MCAL/ICU/Src/icu.o
 .debug_abbrev  0x0000000000000234       0xf7 Src/MCAL/NVIC/Src/NVIC.o
 .debug_abbrev  0x000000000000032b       0x70 Src/MCAL/Tim6/TIM6.o
 .debug_abbrev  0x000000000000039b       0xf6 Src/MCAL/dio/src/dio.o
 .debug_abbrev  0x0000000000000491       0xa0 Src/MCAL/rcc/src/rcc.o
 .debug_abbrev  0x0000000000000531       0xcc Src/MCAL/systick/sysTick.o
 .debug_abbrev  0x00000000000005fd      0x31c Src/Services/FreeRTOS/Source/tasks.o
 .debug_abbrev  0x0000000000000919      0x1ff Src/Services/FreeRTOS/Source/portable/GCC/ARM_CM4F/port.o
 .debug_abbrev  0x0000000000000b18       0x95 Src/main.o
 .debug_abbrev  0x0000000000000bad       0x12 Startup/startup_stm32f303retx.o

.debug_aranges  0x0000000000000000      0x3f0
 .debug_aranges
                0x0000000000000000       0x38 Src/HAL/UltraSonic/Src/ultrasonic.o
 .debug_aranges
                0x0000000000000038       0x60 Src/MCAL/ICU/Src/icu.o
 .debug_aranges
                0x0000000000000098       0x50 Src/MCAL/NVIC/Src/NVIC.o
 .debug_aranges
                0x00000000000000e8       0x28 Src/MCAL/Tim6/TIM6.o
 .debug_aranges
                0x0000000000000110       0x48 Src/MCAL/dio/src/dio.o
 .debug_aranges
                0x0000000000000158       0x30 Src/MCAL/rcc/src/rcc.o
 .debug_aranges
                0x0000000000000188       0x30 Src/MCAL/systick/sysTick.o
 .debug_aranges
                0x00000000000001b8      0x170 Src/Services/FreeRTOS/Source/tasks.o
 .debug_aranges
                0x0000000000000328       0x80 Src/Services/FreeRTOS/Source/portable/GCC/ARM_CM4F/port.o
 .debug_aranges
                0x00000000000003a8       0x20 Src/main.o
 .debug_aranges
                0x00000000000003c8       0x28 Startup/startup_stm32f303retx.o

.debug_ranges   0x0000000000000000      0x348
 .debug_ranges  0x0000000000000000       0x28 Src/HAL/UltraSonic/Src/ultrasonic.o
 .debug_ranges  0x0000000000000028       0x50 Src/MCAL/ICU/Src/icu.o
 .debug_ranges  0x0000000000000078       0x40 Src/MCAL/NVIC/Src/NVIC.o
 .debug_ranges  0x00000000000000b8       0x18 Src/MCAL/Tim6/TIM6.o
 .debug_ranges  0x00000000000000d0       0x38 Src/MCAL/dio/src/dio.o
 .debug_ranges  0x0000000000000108       0x20 Src/MCAL/rcc/src/rcc.o
 .debug_ranges  0x0000000000000128       0x20 Src/MCAL/systick/sysTick.o
 .debug_ranges  0x0000000000000148      0x160 Src/Services/FreeRTOS/Source/tasks.o
 .debug_ranges  0x00000000000002a8       0x70 Src/Services/FreeRTOS/Source/portable/GCC/ARM_CM4F/port.o
 .debug_ranges  0x0000000000000318       0x10 Src/main.o
 .debug_ranges  0x0000000000000328       0x20 Startup/startup_stm32f303retx.o

.debug_macro    0x0000000000000000     0x1021
 .debug_macro   0x0000000000000000       0xb5 Src/HAL/UltraSonic/Src/ultrasonic.o
 .debug_macro   0x00000000000000b5       0x34 Src/HAL/UltraSonic/Src/ultrasonic.o
 .debug_macro   0x00000000000000e9      0x1c6 Src/HAL/UltraSonic/Src/ultrasonic.o
 .debug_macro   0x00000000000002af       0x16 Src/HAL/UltraSonic/Src/ultrasonic.o
 .debug_macro   0x00000000000002c5      0x1be Src/HAL/UltraSonic/Src/ultrasonic.o
 .debug_macro   0x0000000000000483       0x10 Src/HAL/UltraSonic/Src/ultrasonic.o
 .debug_macro   0x0000000000000493       0x52 Src/HAL/UltraSonic/Src/ultrasonic.o
 .debug_macro   0x00000000000004e5       0xdc Src/HAL/UltraSonic/Src/ultrasonic.o
 .debug_macro   0x00000000000005c1       0x45 Src/MCAL/ICU/Src/icu.o
 .debug_macro   0x0000000000000606       0x36 Src/MCAL/NVIC/Src/NVIC.o
 .debug_macro   0x000000000000063c       0x3c Src/MCAL/Tim6/TIM6.o
 .debug_macro   0x0000000000000678       0xf4 Src/MCAL/Tim6/TIM6.o
 .debug_macro   0x000000000000076c       0x49 Src/MCAL/dio/src/dio.o
 .debug_macro   0x00000000000007b5       0x53 Src/MCAL/rcc/src/rcc.o
 .debug_macro   0x0000000000000808      0x1c0 Src/MCAL/rcc/src/rcc.o
 .debug_macro   0x00000000000009c8       0x36 Src/MCAL/systick/sysTick.o
 .debug_macro   0x00000000000009fe       0x34 Src/MCAL/systick/sysTick.o
 .debug_macro   0x0000000000000a32      0x271 Src/Services/FreeRTOS/Source/tasks.o
 .debug_macro   0x0000000000000ca3       0x17 Src/Services/FreeRTOS/Source/tasks.o
 .debug_macro   0x0000000000000cba      0x1a7 Src/Services/FreeRTOS/Source/portable/GCC/ARM_CM4F/port.o
 .debug_macro   0x0000000000000e61       0xde Src/main.o
 .debug_macro   0x0000000000000f3f       0xe2 Src/main.o

.debug_line     0x0000000000000000     0x2772
 .debug_line    0x0000000000000000      0x2f9 Src/HAL/UltraSonic/Src/ultrasonic.o
 .debug_line    0x00000000000002f9      0x268 Src/MCAL/ICU/Src/icu.o
 .debug_line    0x0000000000000561      0x16b Src/MCAL/NVIC/Src/NVIC.o
 .debug_line    0x00000000000006cc       0xc7 Src/MCAL/Tim6/TIM6.o
 .debug_line    0x0000000000000793      0x244 Src/MCAL/dio/src/dio.o
 .debug_line    0x00000000000009d7      0x14a Src/MCAL/rcc/src/rcc.o
 .debug_line    0x0000000000000b21       0xe4 Src/MCAL/systick/sysTick.o
 .debug_line    0x0000000000000c05     0x1058 Src/Services/FreeRTOS/Source/tasks.o
 .debug_line    0x0000000000001c5d      0x730 Src/Services/FreeRTOS/Source/portable/GCC/ARM_CM4F/port.o
 .debug_line    0x000000000000238d      0x361 Src/main.o
 .debug_line    0x00000000000026ee       0x84 Startup/startup_stm32f303retx.o

.debug_str      0x0000000000000000    0x12610
 .debug_str     0x0000000000000000     0x6555 Src/HAL/UltraSonic/Src/ultrasonic.o
                                       0x6661 (size before relaxing)
 .debug_str     0x0000000000006555      0x16a Src/MCAL/ICU/Src/icu.o
                                       0x3bc7 (size before relaxing)
 .debug_str     0x00000000000066bf      0x11b Src/MCAL/NVIC/Src/NVIC.o
                                       0x3590 (size before relaxing)
 .debug_str     0x00000000000067da      0x3b8 Src/MCAL/Tim6/TIM6.o
                                       0x340a (size before relaxing)
 .debug_str     0x0000000000006b92      0x110 Src/MCAL/dio/src/dio.o
                                       0x4c9c (size before relaxing)
 .debug_str     0x0000000000006ca2       0x82 Src/MCAL/rcc/src/rcc.o
                                       0x350a (size before relaxing)
 .debug_str     0x0000000000006d24      0x245 Src/MCAL/systick/sysTick.o
                                       0x310f (size before relaxing)
 .debug_str     0x0000000000006f69     0xab09 Src/Services/FreeRTOS/Source/tasks.o
                                       0xdaef (size before relaxing)
 .debug_str     0x0000000000011a72      0x85f Src/Services/FreeRTOS/Source/portable/GCC/ARM_CM4F/port.o
                                       0x9884 (size before relaxing)
 .debug_str     0x00000000000122d1      0x30e Src/main.o
                                       0x6cb4 (size before relaxing)
 .debug_str     0x00000000000125df       0x31 Startup/startup_stm32f303retx.o
                                         0x5a (size before relaxing)

.comment        0x0000000000000000       0x7b
 .comment       0x0000000000000000       0x7b Src/HAL/UltraSonic/Src/ultrasonic.o
                                         0x7c (size before relaxing)
 .comment       0x000000000000007b       0x7c Src/MCAL/ICU/Src/icu.o
 .comment       0x000000000000007b       0x7c Src/MCAL/NVIC/Src/NVIC.o
 .comment       0x000000000000007b       0x7c Src/MCAL/Tim6/TIM6.o
 .comment       0x000000000000007b       0x7c Src/MCAL/dio/src/dio.o
 .comment       0x000000000000007b       0x7c Src/MCAL/rcc/src/rcc.o
 .comment       0x000000000000007b       0x7c Src/MCAL/systick/sysTick.o
 .comment       0x000000000000007b       0x7c Src/Services/FreeRTOS/Source/tasks.o
 .comment       0x000000000000007b       0x7c Src/Services/FreeRTOS/Source/portable/GCC/ARM_CM4F/port.o
 .comment       0x000000000000007b       0x7c Src/main.o

.debug_frame    0x0000000000000000      0xdac
 .debug_frame   0x0000000000000000       0x90 Src/HAL/UltraSonic/Src/ultrasonic.o
 .debug_frame   0x0000000000000090      0x158 Src/MCAL/ICU/Src/icu.o
 .debug_frame   0x00000000000001e8      0x128 Src/MCAL/NVIC/Src/NVIC.o
 .debug_frame   0x0000000000000310       0x60 Src/MCAL/Tim6/TIM6.o
 .debug_frame   0x0000000000000370      0x100 Src/MCAL/dio/src/dio.o
 .debug_frame   0x0000000000000470       0x88 Src/MCAL/rcc/src/rcc.o
 .debug_frame   0x00000000000004f8       0x80 Src/MCAL/systick/sysTick.o
 .debug_frame   0x0000000000000578      0x630 Src/Services/FreeRTOS/Source/tasks.o
 .debug_frame   0x0000000000000ba8      0x1a8 Src/Services/FreeRTOS/Source/portable/GCC/ARM_CM4F/port.o
 .debug_frame   0x0000000000000d50       0x30 Src/main.o
 .debug_frame   0x0000000000000d80       0x2c c:/st/stm32cubeide_1.4.0/stm32cubeide/plugins/com.st.stm32cube.ide.mcu.externaltools.gnu-tools-for-stm32.7-2018-q2-update.win32_1.4.0.202007081208/tools/bin/../lib/gcc/arm-none-eabi/7.3.1/../../../../arm-none-eabi/lib/thumb/v7e-m/fpv4-sp/hard\libc_nano.a(lib_a-init.o)
