Archive member included to satisfy reference by file (symbol)

C:/ST/STM32CubeIDE_1.13.1/STM32CubeIDE/plugins/com.st.stm32cube.ide.mcu.externaltools.gnu-tools-for-stm32.11.3.rel1.win32_1.1.0.202305231506/tools/bin/../lib/gcc/arm-none-eabi/11.3.1/../../../../arm-none-eabi/lib/thumb/v7e-m+fp/hard\libc_nano.a(libc_a-exit.o)
                              C:/ST/STM32CubeIDE_1.13.1/STM32CubeIDE/plugins/com.st.stm32cube.ide.mcu.externaltools.gnu-tools-for-stm32.11.3.rel1.win32_1.1.0.202305231506/tools/bin/../lib/gcc/arm-none-eabi/11.3.1/../../../../arm-none-eabi/lib/thumb/v7e-m+fp/hard/crt0.o (exit)
C:/ST/STM32CubeIDE_1.13.1/STM32CubeIDE/plugins/com.st.stm32cube.ide.mcu.externaltools.gnu-tools-for-stm32.11.3.rel1.win32_1.1.0.202305231506/tools/bin/../lib/gcc/arm-none-eabi/11.3.1/../../../../arm-none-eabi/lib/thumb/v7e-m+fp/hard\libc_nano.a(libc_a-findfp.o)
                              C:/ST/STM32CubeIDE_1.13.1/STM32CubeIDE/plugins/com.st.stm32cube.ide.mcu.externaltools.gnu-tools-for-stm32.11.3.rel1.win32_1.1.0.202305231506/tools/bin/../lib/gcc/arm-none-eabi/11.3.1/../../../../arm-none-eabi/lib/thumb/v7e-m+fp/hard\libc_nano.a(libc_a-exit.o) (__stdio_exit_handler)
C:/ST/STM32CubeIDE_1.13.1/STM32CubeIDE/plugins/com.st.stm32cube.ide.mcu.externaltools.gnu-tools-for-stm32.11.3.rel1.win32_1.1.0.202305231506/tools/bin/../lib/gcc/arm-none-eabi/11.3.1/../../../../arm-none-eabi/lib/thumb/v7e-m+fp/hard\libc_nano.a(libc_a-fwalk.o)
                              C:/ST/STM32CubeIDE_1.13.1/STM32CubeIDE/plugins/com.st.stm32cube.ide.mcu.externaltools.gnu-tools-for-stm32.11.3.rel1.win32_1.1.0.202305231506/tools/bin/../lib/gcc/arm-none-eabi/11.3.1/../../../../arm-none-eabi/lib/thumb/v7e-m+fp/hard\libc_nano.a(libc_a-findfp.o) (_fwalk_sglue)
C:/ST/STM32CubeIDE_1.13.1/STM32CubeIDE/plugins/com.st.stm32cube.ide.mcu.externaltools.gnu-tools-for-stm32.11.3.rel1.win32_1.1.0.202305231506/tools/bin/../lib/gcc/arm-none-eabi/11.3.1/../../../../arm-none-eabi/lib/thumb/v7e-m+fp/hard\libc_nano.a(libc_a-stdio.o)
                              C:/ST/STM32CubeIDE_1.13.1/STM32CubeIDE/plugins/com.st.stm32cube.ide.mcu.externaltools.gnu-tools-for-stm32.11.3.rel1.win32_1.1.0.202305231506/tools/bin/../lib/gcc/arm-none-eabi/11.3.1/../../../../arm-none-eabi/lib/thumb/v7e-m+fp/hard\libc_nano.a(libc_a-findfp.o) (__sread)
C:/ST/STM32CubeIDE_1.13.1/STM32CubeIDE/plugins/com.st.stm32cube.ide.mcu.externaltools.gnu-tools-for-stm32.11.3.rel1.win32_1.1.0.202305231506/tools/bin/../lib/gcc/arm-none-eabi/11.3.1/../../../../arm-none-eabi/lib/thumb/v7e-m+fp/hard\libc_nano.a(libc_a-memset.o)
                              C:/ST/STM32CubeIDE_1.13.1/STM32CubeIDE/plugins/com.st.stm32cube.ide.mcu.externaltools.gnu-tools-for-stm32.11.3.rel1.win32_1.1.0.202305231506/tools/bin/../lib/gcc/arm-none-eabi/11.3.1/../../../../arm-none-eabi/lib/thumb/v7e-m+fp/hard/crt0.o (memset)
C:/ST/STM32CubeIDE_1.13.1/STM32CubeIDE/plugins/com.st.stm32cube.ide.mcu.externaltools.gnu-tools-for-stm32.11.3.rel1.win32_1.1.0.202305231506/tools/bin/../lib/gcc/arm-none-eabi/11.3.1/../../../../arm-none-eabi/lib/thumb/v7e-m+fp/hard\libc_nano.a(libc_a-closer.o)
                              C:/ST/STM32CubeIDE_1.13.1/STM32CubeIDE/plugins/com.st.stm32cube.ide.mcu.externaltools.gnu-tools-for-stm32.11.3.rel1.win32_1.1.0.202305231506/tools/bin/../lib/gcc/arm-none-eabi/11.3.1/../../../../arm-none-eabi/lib/thumb/v7e-m+fp/hard\libc_nano.a(libc_a-stdio.o) (_close_r)
C:/ST/STM32CubeIDE_1.13.1/STM32CubeIDE/plugins/com.st.stm32cube.ide.mcu.externaltools.gnu-tools-for-stm32.11.3.rel1.win32_1.1.0.202305231506/tools/bin/../lib/gcc/arm-none-eabi/11.3.1/../../../../arm-none-eabi/lib/thumb/v7e-m+fp/hard\libc_nano.a(libc_a-reent.o)
                              C:/ST/STM32CubeIDE_1.13.1/STM32CubeIDE/plugins/com.st.stm32cube.ide.mcu.externaltools.gnu-tools-for-stm32.11.3.rel1.win32_1.1.0.202305231506/tools/bin/../lib/gcc/arm-none-eabi/11.3.1/../../../../arm-none-eabi/lib/thumb/v7e-m+fp/hard\libc_nano.a(libc_a-closer.o) (errno)
C:/ST/STM32CubeIDE_1.13.1/STM32CubeIDE/plugins/com.st.stm32cube.ide.mcu.externaltools.gnu-tools-for-stm32.11.3.rel1.win32_1.1.0.202305231506/tools/bin/../lib/gcc/arm-none-eabi/11.3.1/../../../../arm-none-eabi/lib/thumb/v7e-m+fp/hard\libc_nano.a(libc_a-impure.o)
                              C:/ST/STM32CubeIDE_1.13.1/STM32CubeIDE/plugins/com.st.stm32cube.ide.mcu.externaltools.gnu-tools-for-stm32.11.3.rel1.win32_1.1.0.202305231506/tools/bin/../lib/gcc/arm-none-eabi/11.3.1/../../../../arm-none-eabi/lib/thumb/v7e-m+fp/hard\libc_nano.a(libc_a-reent.o) (_impure_ptr)
C:/ST/STM32CubeIDE_1.13.1/STM32CubeIDE/plugins/com.st.stm32cube.ide.mcu.externaltools.gnu-tools-for-stm32.11.3.rel1.win32_1.1.0.202305231506/tools/bin/../lib/gcc/arm-none-eabi/11.3.1/../../../../arm-none-eabi/lib/thumb/v7e-m+fp/hard\libc_nano.a(libc_a-lseekr.o)
[...]
Memory Configuration

Name             Origin             Length             Attributes
CCMRAM           0x0000000010000000 0x0000000000004000 xrw
RAM              0x0000000020000000 0x0000000000010000 xrw
FLASH            0x0000000008000000 0x0000000000080000 xr
*default*        0x0000000000000000 0xffffffffffffffff

Linker script and memory map

LOAD C:/ST/STM32CubeIDE_1.13.1/STM32CubeIDE/plugins/com.st.stm32cube.ide.mcu.externaltools.gnu-tools-for-stm32.11.3.rel1.win32_1.1.0.202305231506/tools/bin/../lib/gcc/arm-none-eabi/11.3.1/thumb/v7e-m+fp/hard/crti.o
LOAD C:/ST/STM32CubeIDE_1.13.1/STM32CubeIDE/plugins/com.st.stm32cube.ide.mcu.externaltools.gnu-tools-for-stm32.11.3.rel1.win32_1.1.0.202305231506/tools/bin/../lib/gcc/arm-none-eabi/11.3.1/thumb/v7e-m+fp/hard/crtbegin.o
LOAD C:/ST/STM32CubeIDE_1.13.1/STM32CubeIDE/plugins/com.st.stm32cube.ide.mcu.externaltools.gnu-tools-for-stm32.11.3.rel1.win32_1.1.0.202305231506/tools/bin/../lib/gcc/arm-none-eabi/11.3.1/../../../../arm-none-eabi/lib/thumb/v7e-m+fp/hard/crt0.o
LOAD ./Src/HAL/BUTTON/Src/BUTTON.o
LOAD ./Src/HAL/Motor/src/motor.o
LOAD ./Src/HAL/UltraSonic/Src/ultrasonic.o
LOAD ./Src/HAL/UltraSonic/Src/ultrasonic_cfg.o
LOAD ./Src/MCAL/ADC/Src/adc.o
LOAD ./Src/MCAL/EXTI/Src/EXTI.o
LOAD ./Src/MCAL/ICU/Src/icu.o
LOAD ./Src/MCAL/NVIC/Src/NVIC.o
LOAD ./Src/MCAL/PWM/Src/pwm.o
LOAD ./Src/MCAL/SCB/Src/SCB.o
LOAD ./Src/MCAL/dio/src/dio.o
LOAD ./Src/MCAL/rcc/src/rcc.o
LOAD ./Src/MCAL/systick/sysTick.o
LOAD ./Src/main.o
LOAD ./Src/syscalls.o
LOAD ./Src/sysmem.o
LOAD ./Startup/startup_stm32f303retx.o
START GROUP
LOAD C:/ST/STM32CubeIDE_1.13.1/STM32CubeIDE/plugins/com.st.stm32cube.ide.mcu.externaltools.gnu-tools-for-stm32.11.3.rel1.win32_1.1.0.202305231506/tools/bin/../lib/gcc/arm-none-eabi/11.3.1/../../../../arm-none-eabi/lib/thumb/v7e-m+fp/hard\libc_nano.a
LOAD C:/ST/STM32CubeIDE_1.13.1/STM32CubeIDE/plugins/com.st.stm32cube.ide.mcu.externaltools.gnu-tools-for-stm32.11.3.rel1.win32_1.1.0.202305231506/tools/bin/../lib/gcc/arm-none-eabi/11.3.1/../../../../arm-none-eabi/lib/thumb/v7e-m+fp/hard\libm.a
END GROUP
START GROUP
LOAD C:/ST/STM32CubeIDE_1.13.1/STM32CubeIDE/plugins/com.st.stm32cube.ide.mcu.externaltools.gnu-tools-for-stm32.11.3.rel1.win32_1.1.0.202305231506/tools/bin/../lib/gcc/arm-none-eabi/11.3.1/thumb/v7e-m+fp/hard\libgcc.a
LOAD C:/ST/STM32CubeIDE_1.13.1/STM32CubeIDE/plugins/com.st.stm32cube.ide.mcu.externaltools.gnu-tools-for-stm32.11.3.rel1.win32_1.1.0.202305231506/tools/bin/../lib/gcc/arm-none-eabi/11.3.1/../../../../arm-none-eabi/lib/thumb/v7e-m+fp/hard\libc_nano.a
END GROUP
START GROUP
LOAD C:/ST/STM32CubeIDE_1.13.1/STM32CubeIDE/plugins/com.st.stm32cube.ide.mcu.externaltools.gnu-tools-for-stm32.11.3.rel1.win32_1.1.0.202305231506/tools/bin/../lib/gcc/arm-none-eabi/11.3.1/thumb/v7e-m+fp/hard\libgcc.a
LOAD C:/ST/STM32CubeIDE_1.13.1/STM32CubeIDE/plugins/com.st.stm32cube.ide.mcu.externaltools.gnu-tools-for-stm32.11.3.rel1.win32_1.1.0.202305231506/tools/bin/../lib/gcc/arm-none-eabi/11.3.1/../../../../arm-none-eabi/lib/thumb/v7e-m+fp/hard\libc_nano.a
LOAD C:/ST/STM32CubeIDE_1.13.1/STM32CubeIDE/plugins/com.st.stm32cube.ide.mcu.externaltools.gnu-tools-for-stm32.11.3.rel1.win32_1.1.0.202305231506/tools/bin/../lib/gcc/arm-none-eabi/11.3.1/../../../../arm-none-eabi/lib/thumb/v7e-m+fp/hard\libnosys.a
END GROUP
START GROUP
LOAD C:/ST/STM32CubeIDE_1.13.1/STM32CubeIDE/plugins/com.st.stm32cube.ide.mcu.externaltools.gnu-tools-for-stm32.11.3.rel1.win32_1.1.0.202305231506/tools/bin/../lib/gcc/arm-none-eabi/11.3.1/thumb/v7e-m+fp/hard\libgcc.a
LOAD C:/ST/STM32CubeIDE_1.13.1/STM32CubeIDE/plugins/com.st.stm32cube.ide.mcu.externaltools.gnu-tools-for-stm32.11.3.rel1.win32_1.1.0.202305231506/tools/bin/../lib/gcc/arm-none-eabi/11.3.1/../../../../arm-none-eabi/lib/thumb/v7e-m+fp/hard\libc_nano.a
LOAD C:/ST/STM32CubeIDE_1.13.1/STM32CubeIDE/plugins/com.st.stm32cube.ide.mcu.externaltools.gnu-tools-for-stm32.11.3.rel1.win32_1.1.0.202305231506/tools/bin/../lib/gcc/arm-none-eabi/11.3.1/../../../../arm-none-eabi/lib/thumb/v7e-m+fp/hard\libnosys.a
END GROUP
LOAD C:/ST/STM32CubeIDE_1.13.1/STM32CubeIDE/plugins/com.st.stm32cube.ide.mcu.externaltools.gnu-tools-for-stm32.11.3.rel1.win32_1.1.0.202305231506/tools/bin/../lib/gcc/arm-none-eabi/11.3.1/thumb/v7e-m+fp/hard/crtend.o
LOAD C:/ST/STM32CubeIDE_1.13.1/STM32CubeIDE/plugins/com.st.stm32cube.ide.mcu.externaltools.gnu-tools-for-stm32.11.3.rel1.win32_1.1.0.202305231506/tools/bin/../lib/gcc/arm-none-eabi/11.3.1/thumb/v7e-m+fp/hard/crtn.o
                0x0000000020010000                _estack = (ORIGIN (RAM) + LENGTH (RAM))
                0x0000000000000200                _Min_Heap_Size = 0x200
                0x0000000000000400                _Min_Stack_Size = 0x400

.isr_vector     0x0000000008000000      0x194
                0x0000000008000000                . = ALIGN (0x4)
 *(.isr_vector)
 .isr_vector    0x0000000008000000      0x194 ./Startup/startup_stm32f303retx.o
                0x0000000008000000                g_pfnVectors
                0x0000000008000194                . = ALIGN (0x4)

.text           0x0000000008000194      0xb60
                0x0000000008000194                . = ALIGN (0x4)
 *(.text)
 .text          0x0000000008000194       0x40 C:/ST/STM32CubeIDE_1.13.1/STM32CubeIDE/plugins/com.st.stm32cube.ide.mcu.externaltools.gnu-tools-for-stm32.11.3.rel1.win32_1.1.0.202305231506/tools/bin/../lib/gcc/arm-none-eabi/11.3.1/thumb/v7e-m+fp/hard/crtbegin.o
 *(.text*)
 .text.ICU_INT_CheckStatus
                0x00000000080001d4      0x108 ./Src/MCAL/ICU/Src/icu.o
                0x00000000080001d4                ICU_INT_CheckStatus
 .text.TIM8_CC_IRQHandler
                0x00000000080002dc       0x8c ./Src/MCAL/ICU/Src/icu.o
                0x00000000080002dc                TIM8_CC_IRQHandler
 .text.TIM1_CC_IRQHandler
                0x0000000008000368       0x8c ./Src/MCAL/ICU/Src/icu.o
                0x0000000008000368                TIM1_CC_IRQHandler
 .text.PWM_Init
                0x00000000080003f4       0x74 ./Src/MCAL/PWM/Src/pwm.o
                0x00000000080003f4                PWM_Init
 .text.PWM_Start
                0x0000000008000468       0x94 ./Src/MCAL/PWM/Src/pwm.o
                0x0000000008000468                PWM_Start
 .text.DIO_setupPinMode
                0x00000000080004fc      0x1b8 ./Src/MCAL/dio/src/dio.o
                0x00000000080004fc                DIO_setupPinMode
 .text.DIO_setAlternateFunction
                0x00000000080006b4      0x354 ./Src/MCAL/dio/src/dio.o
                0x00000000080006b4                DIO_setAlternateFunction
 .text.rcc_setSystemClk
                0x0000000008000a08       0xa8 ./Src/MCAL/rcc/src/rcc.o
                0x0000000008000a08                rcc_setSystemClk
 .text.rcc_enablePeriClk
                0x0000000008000ab0       0x80 ./Src/MCAL/rcc/src/rcc.o
                0x0000000008000ab0                rcc_enablePeriClk
 .text.SysTick_Handler
                0x0000000008000b30       0x1c ./Src/MCAL/systick/sysTick.o
                0x0000000008000b30                SysTick_Handler
 .text.sysTick_init
                0x0000000008000b4c       0x58 ./Src/MCAL/systick/sysTick.o
                0x0000000008000b4c                sysTick_init
 .text.main     0x0000000008000ba4       0x9a ./Src/main.o
                0x0000000008000ba4                main
 *fill*         0x0000000008000c3e        0x2 
 .text.Reset_Handler
                0x0000000008000c40       0x50 ./Startup/startup_stm32f303retx.o
                0x0000000008000c40                Reset_Handler
 .text.Default_Handler
                0x0000000008000c90        0x2 ./Startup/startup_stm32f303retx.o
                0x0000000008000c90                TIM8_TRG_COM_IRQHandler
                0x0000000008000c90                DebugMon_Handler
                0x0000000008000c90                DMA1_CH4_IRQHandler
                0x0000000008000c90                SPI4_IRQHandler
                0x0000000008000c90                HardFault_Handler
                0x0000000008000c90                USB_HP_IRQHandler
                0x0000000008000c90                I2C2_EV_EXTI24_IRQHandler
                0x0000000008000c90                USB_WKUP_EXTI_IRQHandler
                0x0000000008000c90                PVD_IRQHandler
                0x0000000008000c90                UART4_EXTI34_IRQHandler
                0x0000000008000c90                TAMP_STAMP_IRQHandler
                0x0000000008000c90                PendSV_Handler
                0x0000000008000c90                NMI_Handler
                0x0000000008000c90                EXTI3_IRQHandler
                0x0000000008000c90                I2C3_ER_IRQHandler
                0x0000000008000c90                TIM6_DACUNDER_IRQHandler
                0x0000000008000c90                USB_HP_CAN_TX_IRQHandler
                0x0000000008000c90                EXTI0_IRQHandler
                0x0000000008000c90                DMA2_CH1_IRQHandler
                0x0000000008000c90                FPU_IRQHandler
                0x0000000008000c90                TIM1_UP_TIM16_IRQHandler
                0x0000000008000c90                UsageFault_Handler
                0x0000000008000c90                ADC1_2_IRQHandler
                0x0000000008000c90                SPI1_IRQHandler
                0x0000000008000c90                CAN_SCE_IRQHandler
                0x0000000008000c90                DMA1_CH7_IRQHandler
                0x0000000008000c90                TIM8_UP_IRQHandler
                0x0000000008000c90                COMP456_IRQHandler
                0x0000000008000c90                DMA1_CH6_IRQHandler
                0x0000000008000c90                TIM20_TRG_COM_IRQHandler
                0x0000000008000c90                ADC3_IRQHandler
                0x0000000008000c90                TIM4_IRQHandler
                0x0000000008000c90                CAN_RX1_IRQHandler
                0x0000000008000c90                USART1_EXTI25_IRQHandler
                0x0000000008000c90                DMA2_CH5_IRQHandler
                0x0000000008000c90                I2C1_EV_EXTI23_IRQHandler
                0x0000000008000c90                DMA1_CH3_IRQHandler
                0x0000000008000c90                TIM3_IRQHandler
                0x0000000008000c90                RCC_IRQHandler
                0x0000000008000c90                TIM20_UP_IRQHandler
                0x0000000008000c90                Default_Handler
                0x0000000008000c90                EXTI15_10_IRQHandler
                0x0000000008000c90                USART2_EXTI26_IRQHandler
                0x0000000008000c90                USART3_EXTI28_IRQHandler
                0x0000000008000c90                TIM7_IRQHandler
                0x0000000008000c90                I2C3_EV_IRQHandler
                0x0000000008000c90                EXTI9_5_IRQHandler
                0x0000000008000c90                DMA1_CH2_IRQHandler
                0x0000000008000c90                RTC_WKUP_IRQHandler
                0x0000000008000c90                SPI2_IRQHandler
                0x0000000008000c90                DMA1_CH1_IRQHandler
                0x0000000008000c90                USB_LP_CAN_RX0_IRQHandler
                0x0000000008000c90                MemManage_Handler
                0x0000000008000c90                COMP123_IRQHandler
                0x0000000008000c90                SVC_Handler
                0x0000000008000c90                USB_LP_IRQHandler
                0x0000000008000c90                EXTI4_IRQHandler
                0x0000000008000c90                TIM1_TRG_COM_TIM17_IRQHandler
                0x0000000008000c90                ADC4_IRQHandler
                0x0000000008000c90                WWDG_IRQHandler
                0x0000000008000c90                TIM2_IRQHandler
                0x0000000008000c90                COMP7_IRQHandler
                0x0000000008000c90                EXTI1_IRQHandler
                0x0000000008000c90                RTCAlarm_IRQHandler
                0x0000000008000c90                UART5_EXTI35_IRQHandler
                0x0000000008000c90                TIM20_BRK_IRQHandler
                0x0000000008000c90                I2C2_ER_IRQHandler
                0x0000000008000c90                TIM8_BRK_IRQHandler
                0x0000000008000c90                FLASH_IRQHandler
                0x0000000008000c90                TIM20_CC_IRQHandler
                0x0000000008000c90                BusFault_Handler
                0x0000000008000c90                SPI3_IRQHandler
                0x0000000008000c90                DMA2_CH3_IRQHandler
                0x0000000008000c90                DMA2_CH2_IRQHandler
                0x0000000008000c90                I2C1_ER_IRQHandler
                0x0000000008000c90                FMC_IRQHandler
                0x0000000008000c90                DMA1_CH5_IRQHandler
                0x0000000008000c90                DMA2_CH4_IRQHandler
                0x0000000008000c90                USB_WKUP_IRQHandler
                0x0000000008000c90                EXTI2_TSC_IRQHandler
                0x0000000008000c90                TIM1_BRK_TIM15_IRQHandler
 *fill*         0x0000000008000c92        0x2 
 .text.__libc_init_array
                0x0000000008000c94       0x48 C:/ST/STM32CubeIDE_1.13.1/STM32CubeIDE/plugins/com.st.stm32cube.ide.mcu.externaltools.gnu-tools-for-stm32.11.3.rel1.win32_1.1.0.202305231506/tools/bin/../lib/gcc/arm-none-eabi/11.3.1/../../../../arm-none-eabi/lib/thumb/v7e-m+fp/hard\libc_nano.a(libc_a-init.o)
                0x0000000008000c94                __libc_init_array
 *(.glue_7)
 .glue_7        0x0000000008000cdc        0x0 linker stubs
 *(.glue_7t)
 .glue_7t       0x0000000008000cdc        0x0 linker stubs
 *(.eh_frame)
 .eh_frame      0x0000000008000cdc        0x0 C:/ST/STM32CubeIDE_1.13.1/STM32CubeIDE/plugins/com.st.stm32cube.ide.mcu.externaltools.gnu-tools-for-stm32.11.3.rel1.win32_1.1.0.202305231506/tools/bin/../lib/gcc/arm-none-eabi/11.3.1/thumb/v7e-m+fp/hard/crtbegin.o
 *(.init)
 .init          0x0000000008000cdc        0x4 C:/ST/STM32CubeIDE_1.13.1/STM32CubeIDE/plugins/com.st.stm32cube.ide.mcu.externaltools.gnu-tools-for-stm32.11.3.rel1.win32_1.1.0.202305231506/tools/bin/../lib/gcc/arm-none-eabi/11.3.1/thumb/v7e-m+fp/hard/crti.o
                0x0000000008000cdc                _init
 .init          0x0000000008000ce0        0x8 C:/ST/STM32CubeIDE_1.13.1/STM32CubeIDE/plugins/com.st.stm32cube.ide.mcu.externaltools.gnu-tools-for-stm32.11.3.rel1.win32_1.1.0.202305231506/tools/bin/../lib/gcc/arm-none-eabi/11.3.1/thumb/v7e-m+fp/hard/crtn.o
 *(.fini)
 .fini          0x0000000008000ce8        0x4 C:/ST/STM32CubeIDE_1.13.1/STM32CubeIDE/plugins/com.st.stm32cube.ide.mcu.externaltools.gnu-tools-for-stm32.11.3.rel1.win32_1.1.0.202305231506/tools/bin/../lib/gcc/arm-none-eabi/11.3.1/thumb/v7e-m+fp/hard/crti.o
                0x0000000008000ce8                _fini
 .fini          0x0000000008000cec        0x8 C:/ST/STM32CubeIDE_1.13.1/STM32CubeIDE/plugins/com.st.stm32cube.ide.mcu.externaltools.gnu-tools-for-stm32.11.3.rel1.win32_1.1.0.202305231506/tools/bin/../lib/gcc/arm-none-eabi/11.3.1/thumb/v7e-m+fp/hard/crtn.o
                0x0000000008000cf4                . = ALIGN (0x4)
                0x0000000008000cf4                _etext = .

.vfp11_veneer   0x0000000008000cf4        0x0
 .vfp11_veneer  0x0000000008000cf4        0x0 linker stubs

.v4_bx          0x0000000008000cf4        0x0
 .v4_bx         0x0000000008000cf4        0x0 linker stubs

.iplt           0x0000000008000cf4        0x0
 .iplt          0x0000000008000cf4        0x0 C:/ST/STM32CubeIDE_1.13.1/STM32CubeIDE/plugins/com.st.stm32cube.ide.mcu.externaltools.gnu-tools-for-stm32.11.3.rel1.win32_1.1.0.202305231506/tools/bin/../lib/gcc/arm-none-eabi/11.3.1/thumb/v7e-m+fp/hard/crtbegin.o

.rel.dyn        0x0000000008000cf4        0x0
 .rel.iplt      0x0000000008000cf4        0x0 C:/ST/STM32CubeIDE_1.13.1/STM32CubeIDE/plugins/com.st.stm32cube.ide.mcu.externaltools.gnu-tools-for-stm32.11.3.rel1.win32_1.1.0.202305231506/tools/bin/../lib/gcc/arm-none-eabi/11.3.1/thumb/v7e-m+fp/hard/crtbegin.o

.rodata         0x0000000008000cf4        0x0
                0x0000000008000cf4                . = ALIGN (0x4)
 *(.rodata)
 *(.rodata*)
                0x0000000008000cf4                . = ALIGN (0x4)

.ARM.extab      0x0000000008000cf4        0x0
                0x0000000008000cf4                . = ALIGN (0x4)
 *(.ARM.extab* .gnu.linkonce.armextab.*)
                0x0000000008000cf4                . = ALIGN (0x4)

.ARM            0x0000000008000cf4        0x0
                0x0000000008000cf4                . = ALIGN (0x4)
                0x0000000008000cf4                __exidx_start = .
 *(.ARM.exidx*)
                0x0000000008000cf4                __exidx_end = .
                0x0000000008000cf4                . = ALIGN (0x4)

.preinit_array  0x0000000008000cf4        0x0
                0x0000000008000cf4                . = ALIGN (0x4)
                0x0000000008000cf4                PROVIDE (__preinit_array_start = .)
 *(.preinit_array*)
                0x0000000008000cf4                PROVIDE (__preinit_array_end = .)
                0x0000000008000cf4                . = ALIGN (0x4)

.init_array     0x0000000008000cf4        0x4
                0x0000000008000cf4                . = ALIGN (0x4)
                0x0000000008000cf4                PROVIDE (__init_array_start = .)
 *(SORT_BY_NAME(.init_array.*))
 *(.init_array*)
 .init_array    0x0000000008000cf4        0x4 C:/ST/STM32CubeIDE_1.13.1/STM32CubeIDE/plugins/com.st.stm32cube.ide.mcu.externaltools.gnu-tools-for-stm32.11.3.rel1.win32_1.1.0.202305231506/tools/bin/../lib/gcc/arm-none-eabi/11.3.1/thumb/v7e-m+fp/hard/crtbegin.o
                0x0000000008000cf8                PROVIDE (__init_array_end = .)
                0x0000000008000cf8                . = ALIGN (0x4)

.fini_array     0x0000000008000cf8        0x4
                0x0000000008000cf8                . = ALIGN (0x4)
                [!provide]                        PROVIDE (__fini_array_start = .)
 *(SORT_BY_NAME(.fini_array.*))
 *(.fini_array*)
 .fini_array    0x0000000008000cf8        0x4 C:/ST/STM32CubeIDE_1.13.1/STM32CubeIDE/plugins/com.st.stm32cube.ide.mcu.externaltools.gnu-tools-for-stm32.11.3.rel1.win32_1.1.0.202305231506/tools/bin/../lib/gcc/arm-none-eabi/11.3.1/thumb/v7e-m+fp/hard/crtbegin.o
                [!provide]                        PROVIDE (__fini_array_end = .)
                0x0000000008000cfc                . = ALIGN (0x4)
                0x0000000008000cfc                _sidata = LOADADDR (.data)

.data           0x0000000020000000       0x1c load address 0x0000000008000cfc
                0x0000000020000000                . = ALIGN (0x4)
                0x0000000020000000                _sdata = .
 *(.data)
 *(.data*)
 .data.Channel_1_CLB_Ptr
                0x0000000020000000        0x4 ./Src/MCAL/ICU/Src/icu.o
 .data.Channel_2_CLB_Ptr
                0x0000000020000004        0x4 ./Src/MCAL/ICU/Src/icu.o
 .data.Channel_3_CLB_Ptr
                0x0000000020000008        0x4 ./Src/MCAL/ICU/Src/icu.o
 .data.Channel_4_CLB_Ptr
                0x000000002000000c        0x4 ./Src/MCAL/ICU/Src/icu.o
 .data.Channel_5_CLB_Ptr
                0x0000000020000010        0x4 ./Src/MCAL/ICU/Src/icu.o
 .data.Channel_6_CLB_Ptr
                0x0000000020000014        0x4 ./Src/MCAL/ICU/Src/icu.o
 .data.g_callBackPtr
                0x0000000020000018        0x4 ./Src/MCAL/systick/sysTick.o
 *(.RamFunc)
 *(.RamFunc*)
                0x000000002000001c                . = ALIGN (0x4)
                0x000000002000001c                _edata = .
                0x0000000008000d18                _siccmram = LOADADDR (.ccmram)

.igot.plt       0x000000002000001c        0x0 load address 0x0000000008000d18
 .igot.plt      0x000000002000001c        0x0 C:/ST/STM32CubeIDE_1.13.1/STM32CubeIDE/plugins/com.st.stm32cube.ide.mcu.externaltools.gnu-tools-for-stm32.11.3.rel1.win32_1.1.0.202305231506/tools/bin/../lib/gcc/arm-none-eabi/11.3.1/thumb/v7e-m+fp/hard/crtbegin.o

.ccmram         0x0000000010000000        0x0 load address 0x0000000008000d18
                0x0000000010000000                . = ALIGN (0x4)
                0x0000000010000000                _sccmram = .
 *(.ccmram)
 *(.ccmram*)
                0x0000000010000000                . = ALIGN (0x4)
                0x0000000010000000                _eccmram = .
                0x0000000010000000                . = ALIGN (0x4)

.bss            0x000000002000001c       0x1c
                0x000000002000001c                _sbss = .
                0x000000002000001c                __bss_start__ = _sbss
 *(.bss)
 .bss           0x000000002000001c       0x1c C:/ST/STM32CubeIDE_1.13.1/STM32CubeIDE/plugins/com.st.stm32cube.ide.mcu.externaltools.gnu-tools-for-stm32.11.3.rel1.win32_1.1.0.202305231506/tools/bin/../lib/gcc/arm-none-eabi/11.3.1/thumb/v7e-m+fp/hard/crtbegin.o
 *(.bss*)
 *(COMMON)
                0x0000000020000038                . = ALIGN (0x4)
                0x0000000020000038                _ebss = .
                0x0000000020000038                __bss_end__ = _ebss

._user_heap_stack
                0x0000000020000038      0x600
                0x0000000020000038                . = ALIGN (0x8)
                [!provide]                        PROVIDE (end = .)
                0x0000000020000038                PROVIDE (_end = .)
                0x0000000020000238                . = (. + _Min_Heap_Size)
 *fill*         0x0000000020000038      0x200 
                0x0000000020000638                . = (. + _Min_Stack_Size)
 *fill*         0x0000000020000238      0x400 
                0x0000000020000638                . = ALIGN (0x8)

/DISCARD/
 libc.a(*)
 libm.a(*)
 libgcc.a(*)

.ARM.attributes
                0x0000000000000000       0x30
 *(.ARM.attributes)
 .ARM.attributes
                0x0000000000000000       0x1e C:/ST/STM32CubeIDE_1.13.1/STM32CubeIDE/plugins/com.st.stm32cube.ide.mcu.externaltools.gnu-tools-for-stm32.11.3.rel1.win32_1.1.0.202305231506/tools/bin/../lib/gcc/arm-none-eabi/11.3.1/thumb/v7e-m+fp/hard/crti.o
 .ARM.attributes
                0x000000000000001e       0x34 C:/ST/STM32CubeIDE_1.13.1/STM32CubeIDE/plugins/com.st.stm32cube.ide.mcu.externaltools.gnu-tools-for-stm32.11.3.rel1.win32_1.1.0.202305231506/tools/bin/../lib/gcc/arm-none-eabi/11.3.1/thumb/v7e-m+fp/hard/crtbegin.o
 .ARM.attributes
                0x0000000000000052       0x34 ./Src/MCAL/ICU/Src/icu.o
 .ARM.attributes
                0x0000000000000086       0x34 ./Src/MCAL/PWM/Src/pwm.o
 .ARM.attributes
                0x00000000000000ba       0x34 ./Src/MCAL/dio/src/dio.o
 .ARM.attributes
                0x00000000000000ee       0x34 ./Src/MCAL/rcc/src/rcc.o
 .ARM.attributes
                0x0000000000000122       0x34 ./Src/MCAL/systick/sysTick.o
 .ARM.attributes
                0x0000000000000156       0x34 ./Src/main.o
 .ARM.attributes
                0x000000000000018a       0x21 ./Startup/startup_stm32f303retx.o
 .ARM.attributes
                0x00000000000001ab       0x34 C:/ST/STM32CubeIDE_1.13.1/STM32CubeIDE/plugins/com.st.stm32cube.ide.mcu.externaltools.gnu-tools-for-stm32.11.3.rel1.win32_1.1.0.202305231506/tools/bin/../lib/gcc/arm-none-eabi/11.3.1/../../../../arm-none-eabi/lib/thumb/v7e-m+fp/hard\libc_nano.a(libc_a-init.o)
 .ARM.attributes
                0x00000000000001df       0x1e C:/ST/STM32CubeIDE_1.13.1/STM32CubeIDE/plugins/com.st.stm32cube.ide.mcu.externaltools.gnu-tools-for-stm32.11.3.rel1.win32_1.1.0.202305231506/tools/bin/../lib/gcc/arm-none-eabi/11.3.1/thumb/v7e-m+fp/hard/crtn.o
OUTPUT(NTI_FinalProject.elf elf32-littlearm)
LOAD linker stubs
LOAD C:/ST/STM32CubeIDE_1.13.1/STM32CubeIDE/plugins/com.st.stm32cube.ide.mcu.externaltools.gnu-tools-for-stm32.11.3.rel1.win32_1.1.0.202305231506/tools/bin/../lib/gcc/arm-none-eabi/11.3.1/../../../../arm-none-eabi/lib/thumb/v7e-m+fp/hard\libc.a
LOAD C:/ST/STM32CubeIDE_1.13.1/STM32CubeIDE/plugins/com.st.stm32cube.ide.mcu.externaltools.gnu-tools-for-stm32.11.3.rel1.win32_1.1.0.202305231506/tools/bin/../lib/gcc/arm-none-eabi/11.3.1/../../../../arm-none-eabi/lib/thumb/v7e-m+fp/hard\libm.a
LOAD C:/ST/STM32CubeIDE_1.13.1/STM32CubeIDE/plugins/com.st.stm32cube.ide.mcu.externaltools.gnu-tools-for-stm32.11.3.rel1.win32_1.1.0.202305231506/tools/bin/../lib/gcc/arm-none-eabi/11.3.1/thumb/v7e-m+fp/hard\libgcc.a

.comment        0x0000000000000000       0x43
 .comment       0x0000000000000000       0x43 C:/ST/STM32CubeIDE_1.13.1/STM32CubeIDE/plugins/com.st.stm32cube.ide.mcu.externaltools.gnu-tools-for-stm32.11.3.rel1.win32_1.1.0.202305231506/tools/bin/../lib/gcc/arm-none-eabi/11.3.1/thumb/v7e-m+fp/hard/crtbegin.o
                                         0x44 (size before relaxing)
 .comment       0x0000000000000043       0x44 ./Src/MCAL/ICU/Src/icu.o
 .comment       0x0000000000000043       0x44 ./Src/MCAL/PWM/Src/pwm.o
 .comment       0x0000000000000043       0x44 ./Src/MCAL/dio/src/dio.o
 .comment       0x0000000000000043       0x44 ./Src/MCAL/rcc/src/rcc.o
 .comment       0x0000000000000043       0x44 ./Src/MCAL/systick/sysTick.o
 .comment       0x0000000000000043       0x44 ./Src/main.o

.debug_info     0x0000000000000000      0xe25
 .debug_info    0x0000000000000000      0x2dc ./Src/MCAL/ICU/Src/icu.o
 .debug_info    0x00000000000002dc       0xe2 ./Src/MCAL/PWM/Src/pwm.o
 .debug_info    0x00000000000003be      0x42f ./Src/MCAL/dio/src/dio.o
 .debug_info    0x00000000000007ed      0x14b ./Src/MCAL/rcc/src/rcc.o
 .debug_info    0x0000000000000938      0x142 ./Src/MCAL/systick/sysTick.o
 .debug_info    0x0000000000000a7a      0x388 ./Src/main.o
 .debug_info    0x0000000000000e02       0x23 ./Startup/startup_stm32f303retx.o

.debug_abbrev   0x0000000000000000      0x5a5
 .debug_abbrev  0x0000000000000000      0x143 ./Src/MCAL/ICU/Src/icu.o
 .debug_abbrev  0x0000000000000143       0xa3 ./Src/MCAL/PWM/Src/pwm.o
 .debug_abbrev  0x00000000000001e6      0x114 ./Src/MCAL/dio/src/dio.o
 .debug_abbrev  0x00000000000002fa       0xb2 ./Src/MCAL/rcc/src/rcc.o
 .debug_abbrev  0x00000000000003ac       0xde ./Src/MCAL/systick/sysTick.o
 .debug_abbrev  0x000000000000048a      0x109 ./Src/main.o
 .debug_abbrev  0x0000000000000593       0x12 ./Startup/startup_stm32f303retx.o

.debug_aranges  0x0000000000000000      0x180
 .debug_aranges
                0x0000000000000000       0x60 ./Src/MCAL/ICU/Src/icu.o
 .debug_aranges
                0x0000000000000060       0x28 ./Src/MCAL/PWM/Src/pwm.o
 .debug_aranges
                0x0000000000000088       0x48 ./Src/MCAL/dio/src/dio.o
 .debug_aranges
                0x00000000000000d0       0x30 ./Src/MCAL/rcc/src/rcc.o
 .debug_aranges
                0x0000000000000100       0x38 ./Src/MCAL/systick/sysTick.o
 .debug_aranges
                0x0000000000000138       0x20 ./Src/main.o
 .debug_aranges
                0x0000000000000158       0x28 ./Startup/startup_stm32f303retx.o

.debug_rnglists
                0x0000000000000000      0x111
 .debug_rnglists
                0x0000000000000000       0x4c ./Src/MCAL/ICU/Src/icu.o
 .debug_rnglists
                0x000000000000004c       0x1a ./Src/MCAL/PWM/Src/pwm.o
 .debug_rnglists
                0x0000000000000066       0x37 ./Src/MCAL/dio/src/dio.o
 .debug_rnglists
                0x000000000000009d       0x22 ./Src/MCAL/rcc/src/rcc.o
 .debug_rnglists
                0x00000000000000bf       0x25 ./Src/MCAL/systick/sysTick.o
 .debug_rnglists
                0x00000000000000e4       0x14 ./Src/main.o
 .debug_rnglists
                0x00000000000000f8       0x19 ./Startup/startup_stm32f303retx.o

.debug_macro    0x0000000000000000      0x55a
 .debug_macro   0x0000000000000000       0x45 ./Src/MCAL/ICU/Src/icu.o
 .debug_macro   0x0000000000000045       0x36 ./Src/MCAL/PWM/Src/pwm.o
 .debug_macro   0x000000000000007b       0xa0 ./Src/MCAL/PWM/Src/pwm.o
 .debug_macro   0x000000000000011b       0x49 ./Src/MCAL/dio/src/dio.o
 .debug_macro   0x0000000000000164       0x53 ./Src/MCAL/rcc/src/rcc.o
 .debug_macro   0x00000000000001b7      0x1c0 ./Src/MCAL/rcc/src/rcc.o
 .debug_macro   0x0000000000000377       0x36 ./Src/MCAL/systick/sysTick.o
 .debug_macro   0x00000000000003ad       0xcb ./Src/main.o
 .debug_macro   0x0000000000000478       0xe2 ./Src/main.o

.debug_line     0x0000000000000000     0x16a8
 .debug_line    0x0000000000000000      0x4b0 ./Src/MCAL/ICU/Src/icu.o
 .debug_line    0x00000000000004b0      0x1b5 ./Src/MCAL/PWM/Src/pwm.o
 .debug_line    0x0000000000000665      0x7bc ./Src/MCAL/dio/src/dio.o
 .debug_line    0x0000000000000e21      0x1fd ./Src/MCAL/rcc/src/rcc.o
 .debug_line    0x000000000000101e      0x162 ./Src/MCAL/systick/sysTick.o
 .debug_line    0x0000000000001180      0x4ad ./Src/main.o
 .debug_line    0x000000000000162d       0x7b ./Startup/startup_stm32f303retx.o

.debug_str      0x0000000000000000     0x6ad7
 .debug_str     0x0000000000000000     0x3c41 ./Src/MCAL/ICU/Src/icu.o
                                       0x3ccf (size before relaxing)
 .debug_str     0x0000000000003c41      0x337 ./Src/MCAL/PWM/Src/pwm.o
                                       0x33da (size before relaxing)
 .debug_str     0x0000000000003f78     0x1d80 ./Src/MCAL/dio/src/dio.o
                                       0x4da4 (size before relaxing)
 .debug_str     0x0000000000005cf8      0x663 ./Src/MCAL/rcc/src/rcc.o
                                       0x3612 (size before relaxing)
 .debug_str     0x000000000000635b      0x25d ./Src/MCAL/systick/sysTick.o
                                       0x3227 (size before relaxing)
 .debug_str     0x00000000000065b8      0x4f0 ./Src/main.o
                                       0x6844 (size before relaxing)
 .debug_str     0x0000000000006aa8       0x2f ./Startup/startup_stm32f303retx.o
                                         0x8f (size before relaxing)

.debug_frame    0x0000000000000000      0x430
 .debug_frame   0x0000000000000000      0x158 ./Src/MCAL/ICU/Src/icu.o
 .debug_frame   0x0000000000000158       0x58 ./Src/MCAL/PWM/Src/pwm.o
 .debug_frame   0x00000000000001b0      0x100 ./Src/MCAL/dio/src/dio.o
 .debug_frame   0x00000000000002b0       0x88 ./Src/MCAL/rcc/src/rcc.o
 .debug_frame   0x0000000000000338       0x9c ./Src/MCAL/systick/sysTick.o
 .debug_frame   0x00000000000003d4       0x30 ./Src/main.o
 .debug_frame   0x0000000000000404       0x2c C:/ST/STM32CubeIDE_1.13.1/STM32CubeIDE/plugins/com.st.stm32cube.ide.mcu.externaltools.gnu-tools-for-stm32.11.3.rel1.win32_1.1.0.202305231506/tools/bin/../lib/gcc/arm-none-eabi/11.3.1/../../../../arm-none-eabi/lib/thumb/v7e-m+fp/hard\libc_nano.a(libc_a-init.o)

.debug_line_str
                0x0000000000000000       0x83
 .debug_line_str
                0x0000000000000000       0x83 ./Startup/startup_stm32f303retx.o
                                         0x9b (size before relaxing)
